Archive member included because of file (symbol)

c:/freescale/kdsk_1.3.0/toolchain/bin/../lib/gcc/arm-none-eabi/4.8.4/armv7e-m/fpu\libgcc.a(_aeabi_ldivmod.o)
                              ./Generated_Code/UTIL1.o (__aeabi_ldivmod)
c:/freescale/kdsk_1.3.0/toolchain/bin/../lib/gcc/arm-none-eabi/4.8.4/armv7e-m/fpu\libgcc.a(_aeabi_uldivmod.o)
                              ./Generated_Code/XF1.o (__aeabi_uldivmod)
c:/freescale/kdsk_1.3.0/toolchain/bin/../lib/gcc/arm-none-eabi/4.8.4/armv7e-m/fpu\libgcc.a(bpabi.o)
                              c:/freescale/kdsk_1.3.0/toolchain/bin/../lib/gcc/arm-none-eabi/4.8.4/armv7e-m/fpu\libgcc.a(_aeabi_ldivmod.o) (__gnu_ldivmod_helper)
c:/freescale/kdsk_1.3.0/toolchain/bin/../lib/gcc/arm-none-eabi/4.8.4/armv7e-m/fpu\libgcc.a(_dvmd_tls.o)
                              c:/freescale/kdsk_1.3.0/toolchain/bin/../lib/gcc/arm-none-eabi/4.8.4/armv7e-m/fpu\libgcc.a(_aeabi_ldivmod.o) (__aeabi_ldiv0)
c:/freescale/kdsk_1.3.0/toolchain/bin/../lib/gcc/arm-none-eabi/4.8.4/armv7e-m/fpu\libgcc.a(_divdi3.o)
                              c:/freescale/kdsk_1.3.0/toolchain/bin/../lib/gcc/arm-none-eabi/4.8.4/armv7e-m/fpu\libgcc.a(bpabi.o) (__divdi3)
c:/freescale/kdsk_1.3.0/toolchain/bin/../lib/gcc/arm-none-eabi/4.8.4/armv7e-m/fpu\libgcc.a(_udivdi3.o)
                              c:/freescale/kdsk_1.3.0/toolchain/bin/../lib/gcc/arm-none-eabi/4.8.4/armv7e-m/fpu\libgcc.a(bpabi.o) (__udivdi3)
c:/freescale/kdsk_1.3.0/toolchain/bin/../lib/gcc/arm-none-eabi/4.8.4/../../../../arm-none-eabi/lib/armv7e-m/fpu\libg_s.a(lib_a-exit.o)
                              c:/freescale/kdsk_1.3.0/toolchain/bin/../lib/gcc/arm-none-eabi/4.8.4/../../../../arm-none-eabi/lib/armv7e-m/fpu/crt0.o (exit)
c:/freescale/kdsk_1.3.0/toolchain/bin/../lib/gcc/arm-none-eabi/4.8.4/../../../../arm-none-eabi/lib/armv7e-m/fpu\libg_s.a(lib_a-impure.o)
                              c:/freescale/kdsk_1.3.0/toolchain/bin/../lib/gcc/arm-none-eabi/4.8.4/../../../../arm-none-eabi/lib/armv7e-m/fpu\libg_s.a(lib_a-exit.o) (_global_impure_ptr)
c:/freescale/kdsk_1.3.0/toolchain/bin/../lib/gcc/arm-none-eabi/4.8.4/../../../../arm-none-eabi/lib/armv7e-m/fpu\libg_s.a(lib_a-init.o)
                              c:/freescale/kdsk_1.3.0/toolchain/bin/../lib/gcc/arm-none-eabi/4.8.4/../../../../arm-none-eabi/lib/armv7e-m/fpu/crt0.o (__libc_init_array)
c:/freescale/kdsk_1.3.0/toolchain/bin/../lib/gcc/arm-none-eabi/4.8.4/../../../../arm-none-eabi/lib/armv7e-m/fpu\libg_s.a(lib_a-memset.o)
                              c:/freescale/kdsk_1.3.0/toolchain/bin/../lib/gcc/arm-none-eabi/4.8.4/../../../../arm-none-eabi/lib/armv7e-m/fpu/crt0.o (memset)
c:/freescale/kdsk_1.3.0/toolchain/bin/../lib/gcc/arm-none-eabi/4.8.4/../../../../arm-none-eabi/lib/armv7e-m/fpu\libg_s.a(lib_a-printf.o)
                              ./Sources/main.o (printf)
c:/freescale/kdsk_1.3.0/toolchain/bin/../lib/gcc/arm-none-eabi/4.8.4/../../../../arm-none-eabi/lib/armv7e-m/fpu\libg_s.a(lib_a-puts.o)
                              ./Sources/main.o (puts)
c:/freescale/kdsk_1.3.0/toolchain/bin/../lib/gcc/arm-none-eabi/4.8.4/../../../../arm-none-eabi/lib/armv7e-m/fpu\libg_s.a(lib_a-rand.o)
                              ./Generated_Code/UTIL1.o (srand)
c:/freescale/kdsk_1.3.0/toolchain/bin/../lib/gcc/arm-none-eabi/4.8.4/../../../../arm-none-eabi/lib/armv7e-m/fpu\libg_s.a(lib_a-strchr.o)
                              ./Generated_Code/UTIL1.o (strchr)
c:/freescale/kdsk_1.3.0/toolchain/bin/../lib/gcc/arm-none-eabi/4.8.4/../../../../arm-none-eabi/lib/armv7e-m/fpu\libg_s.a(lib_a-strcmp.o)
                              ./Generated_Code/CLS1.o (strcmp)
c:/freescale/kdsk_1.3.0/toolchain/bin/../lib/gcc/arm-none-eabi/4.8.4/../../../../arm-none-eabi/lib/armv7e-m/fpu\libg_s.a(lib_a-strlen.o)
                              ./Generated_Code/CLS1.o (strlen)
c:/freescale/kdsk_1.3.0/toolchain/bin/../lib/gcc/arm-none-eabi/4.8.4/../../../../arm-none-eabi/lib/armv7e-m/fpu\libg_s.a(lib_a-strncmp.o)
                              ./Generated_Code/UTIL1.o (strncmp)
c:/freescale/kdsk_1.3.0/toolchain/bin/../lib/gcc/arm-none-eabi/4.8.4/../../../../arm-none-eabi/lib/armv7e-m/fpu\libg_s.a(lib_a-vfprintf.o)
                              c:/freescale/kdsk_1.3.0/toolchain/bin/../lib/gcc/arm-none-eabi/4.8.4/../../../../arm-none-eabi/lib/armv7e-m/fpu\libg_s.a(lib_a-printf.o) (_vfprintf_r)
c:/freescale/kdsk_1.3.0/toolchain/bin/../lib/gcc/arm-none-eabi/4.8.4/../../../../arm-none-eabi/lib/armv7e-m/fpu\libg_s.a(lib_a-vfprintf_i.o)
                              c:/freescale/kdsk_1.3.0/toolchain/bin/../lib/gcc/arm-none-eabi/4.8.4/../../../../arm-none-eabi/lib/armv7e-m/fpu\libg_s.a(lib_a-vfprintf.o) (_printf_i)
c:/freescale/kdsk_1.3.0/toolchain/bin/../lib/gcc/arm-none-eabi/4.8.4/../../../../arm-none-eabi/lib/armv7e-m/fpu\libg_s.a(lib_a-wbuf.o)
[...]
Memory Configuration

Name             Origin             Length             Attributes
m_interrupts     0x00000000         0x00000198         xr
m_text           0x00000410         0x000ffbf0         xr
m_data_1FFF0000  0x1fff0000         0x00010000         rw
m_data           0x20000000         0x00030000         rw
m_cfmprotrom     0x00000400         0x00000010         xr
*default*        0x00000000         0xffffffff

Linker script and memory map

LOAD c:/freescale/kdsk_1.3.0/toolchain/bin/../lib/gcc/arm-none-eabi/4.8.4/armv7e-m/fpu/crti.o
LOAD c:/freescale/kdsk_1.3.0/toolchain/bin/../lib/gcc/arm-none-eabi/4.8.4/armv7e-m/fpu/crtbegin.o
LOAD c:/freescale/kdsk_1.3.0/toolchain/bin/../lib/gcc/arm-none-eabi/4.8.4/../../../../arm-none-eabi/lib/armv7e-m/fpu/crt0.o
LOAD ./Static_Code/System/CPU_Init.o
LOAD ./Static_Code/System/Peripherals_Init.o
LOAD ./Static_Code/System/Vectors.o
LOAD ./Static_Code/Peripherals/PTB_Init.o
LOAD ./Static_Code/Peripherals/PTD_Init.o
LOAD ./Sources/Events.o
LOAD ./Sources/MAX30102.o
LOAD ./Sources/algorithm.o
LOAD ./Sources/main.o
LOAD ./Project_Settings/Startup_Code/startup.o
LOAD ./Generated_Code/CI2C1.o
LOAD ./Generated_Code/CLS1.o
LOAD ./Generated_Code/CS1.o
LOAD ./Generated_Code/Cpu.o
LOAD ./Generated_Code/CsIO1.o
LOAD ./Generated_Code/GI2C1.o
LOAD ./Generated_Code/IO1.o
LOAD ./Generated_Code/MCUC1.o
LOAD ./Generated_Code/PE_LDD.o
LOAD ./Generated_Code/Pins1.o
LOAD ./Generated_Code/UTIL1.o
LOAD ./Generated_Code/WAIT1.o
LOAD ./Generated_Code/XF1.o
LOAD c:/freescale/kdsk_1.3.0/toolchain/bin/../lib/gcc/arm-none-eabi/4.8.4/../../../../arm-none-eabi/lib/armv7e-m/fpu\libstdc++_s.a
LOAD c:/freescale/kdsk_1.3.0/toolchain/bin/../lib/gcc/arm-none-eabi/4.8.4/../../../../arm-none-eabi/lib/armv7e-m/fpu\libm.a
START GROUP
LOAD c:/freescale/kdsk_1.3.0/toolchain/bin/../lib/gcc/arm-none-eabi/4.8.4/armv7e-m/fpu\libgcc.a
LOAD c:/freescale/kdsk_1.3.0/toolchain/bin/../lib/gcc/arm-none-eabi/4.8.4/../../../../arm-none-eabi/lib/armv7e-m/fpu\libg_s.a
LOAD c:/freescale/kdsk_1.3.0/toolchain/bin/../lib/gcc/arm-none-eabi/4.8.4/../../../../arm-none-eabi/lib/armv7e-m/fpu\libc_s.a
END GROUP
START GROUP
LOAD c:/freescale/kdsk_1.3.0/toolchain/bin/../lib/gcc/arm-none-eabi/4.8.4/armv7e-m/fpu\libgcc.a
LOAD c:/freescale/kdsk_1.3.0/toolchain/bin/../lib/gcc/arm-none-eabi/4.8.4/../../../../arm-none-eabi/lib/armv7e-m/fpu\libc_s.a
LOAD c:/freescale/kdsk_1.3.0/toolchain/bin/../lib/gcc/arm-none-eabi/4.8.4/../../../../arm-none-eabi/lib/armv7e-m/fpu\libnosys.a
END GROUP
START GROUP
LOAD c:/freescale/kdsk_1.3.0/toolchain/bin/../lib/gcc/arm-none-eabi/4.8.4/armv7e-m/fpu\libgcc.a
LOAD c:/freescale/kdsk_1.3.0/toolchain/bin/../lib/gcc/arm-none-eabi/4.8.4/../../../../arm-none-eabi/lib/armv7e-m/fpu\libc_s.a
LOAD c:/freescale/kdsk_1.3.0/toolchain/bin/../lib/gcc/arm-none-eabi/4.8.4/../../../../arm-none-eabi/lib/armv7e-m/fpu\libnosys.a
END GROUP
LOAD c:/freescale/kdsk_1.3.0/toolchain/bin/../lib/gcc/arm-none-eabi/4.8.4/armv7e-m/fpu/crtend.o
LOAD c:/freescale/kdsk_1.3.0/toolchain/bin/../lib/gcc/arm-none-eabi/4.8.4/armv7e-m/fpu/crtn.o
                0x20030000                _estack = 0x20030000
                0x20030000                __SP_INIT = _estack
                0x20030000                __stack = _estack
                0x00000000                __heap_size = 0x0
                0x00000400                __stack_size = 0x400

.interrupts     0x00000000      0x198
                0x00000000                __vector_table = .
                0x00000000                . = ALIGN (0x4)
 *(.vectortable)
 .vectortable   0x00000000      0x198 ./Static_Code/System/Vectors.o
                0x00000000                __vect_table
                0x00000198                . = ALIGN (0x4)

.cfmprotect     0x00000400        0x0
                0x00000400                . = ALIGN (0x4)
 *(.cfmconfig)
                0x00000400                . = ALIGN (0x4)

.text           0x00000410     0x41d4
                0x00000410                . = ALIGN (0x4)
 *(.text)
 .text          0x00000410       0x54 c:/freescale/kdsk_1.3.0/toolchain/bin/../lib/gcc/arm-none-eabi/4.8.4/armv7e-m/fpu/crtbegin.o
 .text          0x00000464       0x74 c:/freescale/kdsk_1.3.0/toolchain/bin/../lib/gcc/arm-none-eabi/4.8.4/../../../../arm-none-eabi/lib/armv7e-m/fpu/crt0.o
                0x00000464                _start
                0x00000464                _mainCRTStartup
 *(.text*)
 .text.CPU_SetBASEPRI
                0x000004d8       0x18 ./Static_Code/System/CPU_Init.o
                0x000004d8                CPU_SetBASEPRI
 .text.__init_hardware
                0x000004f0       0xdc ./Static_Code/System/CPU_Init.o
                0x000004f0                __init_hardware
 .text.PE_low_level_init
                0x000005cc       0x18 ./Static_Code/System/CPU_Init.o
                0x000005cc                PE_low_level_init
 .text.CPU_GetClockGenMode
                0x000005e4       0x90 ./Static_Code/System/CPU_Init.o
                0x000005e4                CPU_GetClockGenMode
 .text.CPU_SetClockConfigGenMode
                0x00000674      0x54c ./Static_Code/System/CPU_Init.o
                0x00000674                CPU_SetClockConfigGenMode
 .text.CPU_GetClockConfiguration
                0x00000bc0       0x18 ./Static_Code/System/CPU_Init.o
                0x00000bc0                CPU_GetClockConfiguration
 .text.Peripherals_Init
                0x00000bd8       0x10 ./Static_Code/System/Peripherals_Init.o
                0x00000bd8                Peripherals_Init
 .text.UnhandledInterrupt
                0x00000be8       0x18 ./Static_Code/System/Vectors.o
                0x00000be8                UnhandledInterrupt
 .text.PTB_Init
                0x00000c00       0x34 ./Static_Code/Peripherals/PTB_Init.o
                0x00000c00                PTB_Init
 .text.PTD_Init
                0x00000c34       0x34 ./Static_Code/Peripherals/PTD_Init.o
                0x00000c34                PTD_Init
 .text.Cpu_OnNMI
                0x00000c68        0xc ./Sources/Events.o
                0x00000c68                Cpu_OnNMI
 .text.maxim_max30102_init
                0x00000c74       0xd0 ./Sources/MAX30102.o
                0x00000c74                maxim_max30102_init
 .text.maxim_max30102_write_reg
                0x00000d44       0x44 ./Sources/MAX30102.o
                0x00000d44                maxim_max30102_write_reg
 .text.maxim_max30102_reset
                0x00000d88       0x1c ./Sources/MAX30102.o
                0x00000d88                maxim_max30102_reset
 .text.maxim_max30102_read_reg
                0x00000da4       0x68 ./Sources/MAX30102.o
                0x00000da4                maxim_max30102_read_reg
 .text.maxim_max30102_read_fifo
                0x00000e0c      0x118 ./Sources/MAX30102.o
                0x00000e0c                maxim_max30102_read_fifo
 .text.maxim_heart_rate_and_oxygen_saturation
                0x00000f24      0x94c ./Sources/algorithm.o
                0x00000f24                maxim_heart_rate_and_oxygen_saturation
 .text.maxim_find_peaks
                0x00001870       0x40 ./Sources/algorithm.o
                0x00001870                maxim_find_peaks
 .text.maxim_peaks_above_min_height
                0x000018b0       0xe4 ./Sources/algorithm.o
                0x000018b0                maxim_peaks_above_min_height
 .text.maxim_remove_close_peaks
                0x00001994       0xc0 ./Sources/algorithm.o
                0x00001994                maxim_remove_close_peaks
 .text.maxim_sort_ascend
                0x00001a54       0x84 ./Sources/algorithm.o
                0x00001a54                maxim_sort_ascend
 .text.maxim_sort_indices_descend
                0x00001ad8       0x94 ./Sources/algorithm.o
                0x00001ad8                maxim_sort_indices_descend
 .text.Delay    0x00001b6c       0x20 ./Sources/main.o
                0x00001b6c                Delay
 .text.initLED  0x00001b8c       0x70 ./Sources/main.o
                0x00001b8c                initLED
 .text.lightUpLED
                0x00001bfc       0x34 ./Sources/main.o
                0x00001bfc                lightUpLED
 .text.readIRQ  0x00001c30       0x34 ./Sources/main.o
                0x00001c30                readIRQ
 .text.PORTB_ISR
                0x00001c64       0xac ./Sources/main.o
                0x00001c64                PORTB_ISR
 .text.main     0x00001d10      0x2ec ./Sources/main.o
                0x00001d10                main
 .text.__copy_rom_section
                0x00001ffc       0xe4 ./Project_Settings/Startup_Code/startup.o
                0x00001ffc                __copy_rom_section
 .text.__copy_rom_sections_to_ram
                0x000020e0       0x9c ./Project_Settings/Startup_Code/startup.o
                0x000020e0                __copy_rom_sections_to_ram
 .text.__init_registers
                0x0000217c       0x20 ./Project_Settings/Startup_Code/startup.o
                0x0000217c                __init_registers
 .text.__init_user
                0x0000219c        0xc ./Project_Settings/Startup_Code/startup.o
                0x0000219c                __init_user
 .text.__thumb_startup
                0x000021a8       0x34 ./Project_Settings/Startup_Code/startup.o
                0x000021a8                __thumb_startup
 .text.CI2C1_Interrupt
                0x000021dc      0x288 ./Generated_Code/CI2C1.o
                0x000021dc                CI2C1_Interrupt
 .text.CI2C1_Init
                0x00002464      0x130 ./Generated_Code/CI2C1.o
                0x00002464                CI2C1_Init
 .text.CI2C1_MasterSendBlock
                0x00002594      0x198 ./Generated_Code/CI2C1.o
                0x00002594                CI2C1_MasterSendBlock
 .text.CI2C1_MasterReceiveBlock
                0x0000272c      0x194 ./Generated_Code/CI2C1.o
                0x0000272c                CI2C1_MasterReceiveBlock
 .text.CI2C1_SelectSlaveDevice
                0x000028c0       0xfc ./Generated_Code/CI2C1.o
                0x000028c0                CI2C1_SelectSlaveDevice
 .text.HWEnDi   0x000029bc       0x7c ./Generated_Code/CI2C1.o
 .text.CI2C1_SetClockConfiguration
                0x00002a38       0x48 ./Generated_Code/CI2C1.o
                0x00002a38                CI2C1_SetClockConfiguration
 .text.CLS1_Init
                0x00002a80        0xc ./Generated_Code/CLS1.o
                0x00002a80                CLS1_Init
 .text.CS1_Init
                0x00002a8c        0xc ./Generated_Code/CS1.o
                0x00002a8c                CS1_Init
 .text.Common_Init
                0x00002a98       0xf4 ./Generated_Code/Cpu.o
                0x00002a98                Common_Init
 .text.Components_Init
                0x00002b8c       0x28 ./Generated_Code/Cpu.o
                0x00002b8c                Components_Init
 .text.Cpu_INT_NMIInterrupt
                0x00002bb4       0x1c ./Generated_Code/Cpu.o
                0x00002bb4                Cpu_INT_NMIInterrupt
 .text._read    0x00002bd0       0x7c ./Generated_Code/CsIO1.o
                0x00002bd0                _read
 .text._write   0x00002c4c       0x74 ./Generated_Code/CsIO1.o
                0x00002c4c                _write
 .text.GI2C1_RequestBus
                0x00002cc0        0xc ./Generated_Code/GI2C1.o
                0x00002cc0                GI2C1_RequestBus
 .text.GI2C1_ReleaseBus
                0x00002ccc        0xc ./Generated_Code/GI2C1.o
                0x00002ccc                GI2C1_ReleaseBus
 .text.GI2C1_SelectSlave
                0x00002cd8       0x3c ./Generated_Code/GI2C1.o
                0x00002cd8                GI2C1_SelectSlave
 .text.GI2C1_UnselectSlave
                0x00002d14       0x10 ./Generated_Code/GI2C1.o
                0x00002d14                GI2C1_UnselectSlave
 .text.GI2C1_ReadAddressWait
                0x00002d24       0xbc ./Generated_Code/GI2C1.o
                0x00002d24                GI2C1_ReadAddressWait
 .text.GI2C1_ReadAddress
                0x00002de0       0x34 ./Generated_Code/GI2C1.o
                0x00002de0                GI2C1_ReadAddress
 .text.GI2C1_WriteAddress
                0x00002e14       0xe0 ./Generated_Code/GI2C1.o
                0x00002e14                GI2C1_WriteAddress
 .text.CI2C1_OnMasterBlockSent
                0x00002ef4       0x28 ./Generated_Code/GI2C1.o
                0x00002ef4                CI2C1_OnMasterBlockSent
 .text.CI2C1_OnMasterBlockReceived
                0x00002f1c       0x28 ./Generated_Code/GI2C1.o
                0x00002f1c                CI2C1_OnMasterBlockReceived
 .text.GI2C1_Init
                0x00002f44       0x20 ./Generated_Code/GI2C1.o
                0x00002f44                GI2C1_Init
 .text.IO1_Init
                0x00002f64      0x104 ./Generated_Code/IO1.o
                0x00002f64                IO1_Init
 .text.HWEnDi   0x00003068       0x64 ./Generated_Code/IO1.o
 .text.IO1_SetClockConfiguration
                0x000030cc      0x14c ./Generated_Code/IO1.o
                0x000030cc                IO1_SetClockConfiguration
 .text.MCUC1_Init
                0x00003218        0xc ./Generated_Code/MCUC1.o
                0x00003218                MCUC1_Init
 .text.UTIL1_Init
                0x00003224        0xc ./Generated_Code/UTIL1.o
                0x00003224                UTIL1_Init
 .text.WAIT1_Wait10Cycles
                0x00003230        0x8 ./Generated_Code/WAIT1.o
                0x00003230                WAIT1_Wait10Cycles
 .text.WAIT1_Wait100Cycles
                0x00003238       0x28 ./Generated_Code/WAIT1.o
                0x00003238                WAIT1_Wait100Cycles
 .text.WAIT1_WaitCycles
                0x00003260       0x34 ./Generated_Code/WAIT1.o
                0x00003260                WAIT1_WaitCycles
 .text.WAIT1_WaitLongCycles
                0x00003294       0x38 ./Generated_Code/WAIT1.o
                0x00003294                WAIT1_WaitLongCycles
 .text.WAIT1_Waitms
                0x000032cc       0x2c ./Generated_Code/WAIT1.o
                0x000032cc                WAIT1_Waitms
 .text.WAIT1_Init
                0x000032f8        0xc ./Generated_Code/WAIT1.o
                0x000032f8                WAIT1_Init
 .text.XF1_Init
                0x00003304        0xc ./Generated_Code/XF1.o
                0x00003304                XF1_Init
 .text.exit     0x00003310       0x28 c:/freescale/kdsk_1.3.0/toolchain/bin/../lib/gcc/arm-none-eabi/4.8.4/../../../../arm-none-eabi/lib/armv7e-m/fpu\libg_s.a(lib_a-exit.o)
                0x00003310                exit
 .text.__libc_init_array
                0x00003338       0x4c c:/freescale/kdsk_1.3.0/toolchain/bin/../lib/gcc/arm-none-eabi/4.8.4/../../../../arm-none-eabi/lib/armv7e-m/fpu\libg_s.a(lib_a-init.o)
                0x00003338                __libc_init_array
 .text.memset   0x00003384       0x10 c:/freescale/kdsk_1.3.0/toolchain/bin/../lib/gcc/arm-none-eabi/4.8.4/../../../../arm-none-eabi/lib/armv7e-m/fpu\libg_s.a(lib_a-memset.o)
                0x00003384                memset
 .text.printf   0x00003394       0x30 c:/freescale/kdsk_1.3.0/toolchain/bin/../lib/gcc/arm-none-eabi/4.8.4/../../../../arm-none-eabi/lib/armv7e-m/fpu\libg_s.a(lib_a-printf.o)
                0x00003394                iprintf
                0x00003394                printf
 .text._puts_r  0x000033c4       0xc0 c:/freescale/kdsk_1.3.0/toolchain/bin/../lib/gcc/arm-none-eabi/4.8.4/../../../../arm-none-eabi/lib/armv7e-m/fpu\libg_s.a(lib_a-puts.o)
                0x000033c4                _puts_r
 .text.puts     0x00003484       0x10 c:/freescale/kdsk_1.3.0/toolchain/bin/../lib/gcc/arm-none-eabi/4.8.4/../../../../arm-none-eabi/lib/armv7e-m/fpu\libg_s.a(lib_a-puts.o)
                0x00003484                puts
 .text.strlen   0x00003494       0x10 c:/freescale/kdsk_1.3.0/toolchain/bin/../lib/gcc/arm-none-eabi/4.8.4/../../../../arm-none-eabi/lib/armv7e-m/fpu\libg_s.a(lib_a-strlen.o)
                0x00003494                strlen
 .text.__sfputc_r
                0x000034a4       0x2c c:/freescale/kdsk_1.3.0/toolchain/bin/../lib/gcc/arm-none-eabi/4.8.4/../../../../arm-none-eabi/lib/armv7e-m/fpu\libg_s.a(lib_a-vfprintf.o)
 .text.__sfputs_r
                0x000034d0       0x24 c:/freescale/kdsk_1.3.0/toolchain/bin/../lib/gcc/arm-none-eabi/4.8.4/../../../../arm-none-eabi/lib/armv7e-m/fpu\libg_s.a(lib_a-vfprintf.o)
                0x000034d0                __sfputs_r
 .text._vfprintf_r
                0x000034f4      0x208 c:/freescale/kdsk_1.3.0/toolchain/bin/../lib/gcc/arm-none-eabi/4.8.4/../../../../arm-none-eabi/lib/armv7e-m/fpu\libg_s.a(lib_a-vfprintf.o)
                0x000034f4                _vfprintf_r
                0x000034f4                _vfiprintf_r
 .text._printf_common
                0x000036fc       0xe4 c:/freescale/kdsk_1.3.0/toolchain/bin/../lib/gcc/arm-none-eabi/4.8.4/../../../../arm-none-eabi/lib/armv7e-m/fpu\libg_s.a(lib_a-vfprintf_i.o)
                0x000036fc                _printf_common
 .text._printf_i
                0x000037e0      0x228 c:/freescale/kdsk_1.3.0/toolchain/bin/../lib/gcc/arm-none-eabi/4.8.4/../../../../arm-none-eabi/lib/armv7e-m/fpu\libg_s.a(lib_a-vfprintf_i.o)
                0x000037e0                _printf_i
 .text.__swbuf_r
                0x00003a08       0xa8 c:/freescale/kdsk_1.3.0/toolchain/bin/../lib/gcc/arm-none-eabi/4.8.4/../../../../arm-none-eabi/lib/armv7e-m/fpu\libg_s.a(lib_a-wbuf.o)
                0x00003a08                __swbuf_r
 .text.__swsetup_r
                0x00003ab0       0xdc c:/freescale/kdsk_1.3.0/toolchain/bin/../lib/gcc/arm-none-eabi/4.8.4/../../../../arm-none-eabi/lib/armv7e-m/fpu\libg_s.a(lib_a-wsetup.o)
                0x00003ab0                __swsetup_r
 .text.__sflush_r
                0x00003b8c      0x106 c:/freescale/kdsk_1.3.0/toolchain/bin/../lib/gcc/arm-none-eabi/4.8.4/../../../../arm-none-eabi/lib/armv7e-m/fpu\libg_s.a(lib_a-fflush.o)
                0x00003b8c                __sflush_r
 *fill*         0x00003c92        0x2 
 .text._fflush_r
                0x00003c94       0x54 c:/freescale/kdsk_1.3.0/toolchain/bin/../lib/gcc/arm-none-eabi/4.8.4/../../../../arm-none-eabi/lib/armv7e-m/fpu\libg_s.a(lib_a-fflush.o)
                0x00003c94                _fflush_r
 .text._cleanup_r
                0x00003ce8       0x32 c:/freescale/kdsk_1.3.0/toolchain/bin/../lib/gcc/arm-none-eabi/4.8.4/../../../../arm-none-eabi/lib/armv7e-m/fpu\libg_s.a(lib_a-findfp.o)
                0x00003ce8                _cleanup_r
 *fill*         0x00003d1a        0x2 
 .text.std.isra.0
                0x00003d1c       0x48 c:/freescale/kdsk_1.3.0/toolchain/bin/../lib/gcc/arm-none-eabi/4.8.4/../../../../arm-none-eabi/lib/armv7e-m/fpu\libg_s.a(lib_a-findfp.o)
 .text.__sfmoreglue
                0x00003d64       0x2c c:/freescale/kdsk_1.3.0/toolchain/bin/../lib/gcc/arm-none-eabi/4.8.4/../../../../arm-none-eabi/lib/armv7e-m/fpu\libg_s.a(lib_a-findfp.o)
                0x00003d64                __sfmoreglue
 .text.__sinit  0x00003d90       0x60 c:/freescale/kdsk_1.3.0/toolchain/bin/../lib/gcc/arm-none-eabi/4.8.4/../../../../arm-none-eabi/lib/armv7e-m/fpu\libg_s.a(lib_a-findfp.o)
                0x00003d90                __sinit
 .text.__sfp    0x00003df0       0x74 c:/freescale/kdsk_1.3.0/toolchain/bin/../lib/gcc/arm-none-eabi/4.8.4/../../../../arm-none-eabi/lib/armv7e-m/fpu\libg_s.a(lib_a-findfp.o)
                0x00003df0                __sfp
 .text.__smakebuf_r
                0x00003e64       0x9c c:/freescale/kdsk_1.3.0/toolchain/bin/../lib/gcc/arm-none-eabi/4.8.4/../../../../arm-none-eabi/lib/armv7e-m/fpu\libg_s.a(lib_a-makebuf.o)
                0x00003e64                __smakebuf_r
 .text.memchr   0x00003f00       0x1e c:/freescale/kdsk_1.3.0/toolchain/bin/../lib/gcc/arm-none-eabi/4.8.4/../../../../arm-none-eabi/lib/armv7e-m/fpu\libg_s.a(lib_a-memchr-stub.o)
                0x00003f00                memchr
 *fill*         0x00003f1e        0x2 
 .text._free_r  0x00003f20       0x88 c:/freescale/kdsk_1.3.0/toolchain/bin/../lib/gcc/arm-none-eabi/4.8.4/../../../../arm-none-eabi/lib/armv7e-m/fpu\libg_s.a(lib_a-nano-freer.o)
                0x00003f20                _free_r
 .text._malloc_r
                0x00003fa8       0xa8 c:/freescale/kdsk_1.3.0/toolchain/bin/../lib/gcc/arm-none-eabi/4.8.4/../../../../arm-none-eabi/lib/armv7e-m/fpu\libg_s.a(lib_a-nano-mallocr.o)
                0x00003fa8                _malloc_r
 .text._sbrk_r  0x00004050       0x20 c:/freescale/kdsk_1.3.0/toolchain/bin/../lib/gcc/arm-none-eabi/4.8.4/../../../../arm-none-eabi/lib/armv7e-m/fpu\libg_s.a(lib_a-sbrkr.o)
                0x00004050                _sbrk_r
 .text.__sread  0x00004070       0x22 c:/freescale/kdsk_1.3.0/toolchain/bin/../lib/gcc/arm-none-eabi/4.8.4/../../../../arm-none-eabi/lib/armv7e-m/fpu\libg_s.a(lib_a-stdio.o)
                0x00004070                __sread
 .text.__swrite
                0x00004092       0x38 c:/freescale/kdsk_1.3.0/toolchain/bin/../lib/gcc/arm-none-eabi/4.8.4/../../../../arm-none-eabi/lib/armv7e-m/fpu\libg_s.a(lib_a-stdio.o)
                0x00004092                __swrite
 .text.__sseek  0x000040ca       0x24 c:/freescale/kdsk_1.3.0/toolchain/bin/../lib/gcc/arm-none-eabi/4.8.4/../../../../arm-none-eabi/lib/armv7e-m/fpu\libg_s.a(lib_a-stdio.o)
                0x000040ca                __sseek
 .text.__sclose
                0x000040ee        0x8 c:/freescale/kdsk_1.3.0/toolchain/bin/../lib/gcc/arm-none-eabi/4.8.4/../../../../arm-none-eabi/lib/armv7e-m/fpu\libg_s.a(lib_a-stdio.o)
                0x000040ee                __sclose
 *fill*         0x000040f6        0x2 
 .text._write_r
                0x000040f8       0x24 c:/freescale/kdsk_1.3.0/toolchain/bin/../lib/gcc/arm-none-eabi/4.8.4/../../../../arm-none-eabi/lib/armv7e-m/fpu\libg_s.a(lib_a-writer.o)
                0x000040f8                _write_r
 .text._close_r
                0x0000411c       0x20 c:/freescale/kdsk_1.3.0/toolchain/bin/../lib/gcc/arm-none-eabi/4.8.4/../../../../arm-none-eabi/lib/armv7e-m/fpu\libg_s.a(lib_a-closer.o)
                0x0000411c                _close_r
 .text._fstat_r
                0x0000413c       0x24 c:/freescale/kdsk_1.3.0/toolchain/bin/../lib/gcc/arm-none-eabi/4.8.4/../../../../arm-none-eabi/lib/armv7e-m/fpu\libg_s.a(lib_a-fstatr.o)
                0x0000413c                _fstat_r
 .text._isatty_r
                0x00004160       0x20 c:/freescale/kdsk_1.3.0/toolchain/bin/../lib/gcc/arm-none-eabi/4.8.4/../../../../arm-none-eabi/lib/armv7e-m/fpu\libg_s.a(lib_a-isattyr.o)
                0x00004160                _isatty_r
 .text._lseek_r
                0x00004180       0x24 c:/freescale/kdsk_1.3.0/toolchain/bin/../lib/gcc/arm-none-eabi/4.8.4/../../../../arm-none-eabi/lib/armv7e-m/fpu\libg_s.a(lib_a-lseekr.o)
                0x00004180                _lseek_r
 .text._read_r  0x000041a4       0x24 c:/freescale/kdsk_1.3.0/toolchain/bin/../lib/gcc/arm-none-eabi/4.8.4/../../../../arm-none-eabi/lib/armv7e-m/fpu\libg_s.a(lib_a-readr.o)
                0x000041a4                _read_r
 .text._close   0x000041c8       0x10 c:/freescale/kdsk_1.3.0/toolchain/bin/../lib/gcc/arm-none-eabi/4.8.4/../../../../arm-none-eabi/lib/armv7e-m/fpu\libnosys.a(close.o)
                0x000041c8                _close
 .text._fstat   0x000041d8       0x10 c:/freescale/kdsk_1.3.0/toolchain/bin/../lib/gcc/arm-none-eabi/4.8.4/../../../../arm-none-eabi/lib/armv7e-m/fpu\libnosys.a(fstat.o)
                0x000041d8                _fstat
 .text._isatty  0x000041e8       0x10 c:/freescale/kdsk_1.3.0/toolchain/bin/../lib/gcc/arm-none-eabi/4.8.4/../../../../arm-none-eabi/lib/armv7e-m/fpu\libnosys.a(isatty.o)
                0x000041e8                _isatty
 .text._lseek   0x000041f8       0x10 c:/freescale/kdsk_1.3.0/toolchain/bin/../lib/gcc/arm-none-eabi/4.8.4/../../../../arm-none-eabi/lib/armv7e-m/fpu\libnosys.a(lseek.o)
                0x000041f8                _lseek
 .text._sbrk    0x00004208       0x34 c:/freescale/kdsk_1.3.0/toolchain/bin/../lib/gcc/arm-none-eabi/4.8.4/../../../../arm-none-eabi/lib/armv7e-m/fpu\libnosys.a(sbrk.o)
                0x00004208                _sbrk
 .text._exit    0x0000423c        0x4 c:/freescale/kdsk_1.3.0/toolchain/bin/../lib/gcc/arm-none-eabi/4.8.4/../../../../arm-none-eabi/lib/armv7e-m/fpu\libnosys.a(_exit.o)
                0x0000423c                _exit
 *(.rodata)
 .rodata        0x00004240       0x8c ./Sources/main.o
 *(.rodata*)
 .rodata.ClockGenModeMatrix
                0x000042cc       0x80 ./Static_Code/System/CPU_Init.o
 .rodata.CPU_ClockConfigDescriptors
                0x0000434c       0x8c ./Static_Code/System/CPU_Init.o
 .rodata.CPU_DefaultFEI
                0x000043d8        0x8 ./Static_Code/System/CPU_Init.o
 .rodata.CPU_DefaultFBI
                0x000043e0        0x8 ./Static_Code/System/CPU_Init.o
 .rodata.CPU_DefaultBLPI
                0x000043e8        0x8 ./Static_Code/System/CPU_Init.o
 .rodata.CPU_DefaultFEE
                0x000043f0        0x8 ./Static_Code/System/CPU_Init.o
 .rodata.CPU_DefaultFBE
                0x000043f8        0x8 ./Static_Code/System/CPU_Init.o
 .rodata.CPU_DefaultBLPE
                0x00004400        0x8 ./Static_Code/System/CPU_Init.o
 .rodata.CPU_DefaultPBE
                0x00004408        0x8 ./Static_Code/System/CPU_Init.o
 .rodata.CPU_DefaultPEE
                0x00004410        0x8 ./Static_Code/System/CPU_Init.o
 .rodata.CPU_ClockGenModeRegs
                0x00004418       0x20 ./Static_Code/System/CPU_Init.o
 .rodata.auw_hamm
                0x00004438       0x40 ./Sources/algorithm.o
                0x00004438                auw_hamm
 .rodata.uch_spo2_table
                0x00004478       0xb8 ./Sources/algorithm.o
                0x00004478                uch_spo2_table
 .rodata.str1.1
                0x00004530        0x2 c:/freescale/kdsk_1.3.0/toolchain/bin/../lib/gcc/arm-none-eabi/4.8.4/../../../../arm-none-eabi/lib/armv7e-m/fpu\libg_s.a(lib_a-impure.o)
 *fill*         0x00004532        0x2 
 .rodata._global_impure_ptr
                0x00004534        0x4 c:/freescale/kdsk_1.3.0/toolchain/bin/../lib/gcc/arm-none-eabi/4.8.4/../../../../arm-none-eabi/lib/armv7e-m/fpu\libg_s.a(lib_a-impure.o)
                0x00004534                _global_impure_ptr
 .rodata.str1.1
                0x00004538       0x11 c:/freescale/kdsk_1.3.0/toolchain/bin/../lib/gcc/arm-none-eabi/4.8.4/../../../../arm-none-eabi/lib/armv7e-m/fpu\libg_s.a(lib_a-vfprintf.o)
 .rodata.str1.1
                0x00004549       0x22 c:/freescale/kdsk_1.3.0/toolchain/bin/../lib/gcc/arm-none-eabi/4.8.4/../../../../arm-none-eabi/lib/armv7e-m/fpu\libg_s.a(lib_a-vfprintf_i.o)
 *fill*         0x0000456b        0x1 
 .rodata.__sf_fake_stdin
                0x0000456c       0x20 c:/freescale/kdsk_1.3.0/toolchain/bin/../lib/gcc/arm-none-eabi/4.8.4/../../../../arm-none-eabi/lib/armv7e-m/fpu\libg_s.a(lib_a-findfp.o)
                0x0000456c                __sf_fake_stdin
 .rodata.__sf_fake_stdout
                0x0000458c       0x20 c:/freescale/kdsk_1.3.0/toolchain/bin/../lib/gcc/arm-none-eabi/4.8.4/../../../../arm-none-eabi/lib/armv7e-m/fpu\libg_s.a(lib_a-findfp.o)
                0x0000458c                __sf_fake_stdout
 .rodata.__sf_fake_stderr
                0x000045ac       0x20 c:/freescale/kdsk_1.3.0/toolchain/bin/../lib/gcc/arm-none-eabi/4.8.4/../../../../arm-none-eabi/lib/armv7e-m/fpu\libg_s.a(lib_a-findfp.o)
                0x000045ac                __sf_fake_stderr
 *(.glue_7)
 .glue_7        0x00000000        0x0 linker stubs
 *(.glue_7t)
 .glue_7t       0x00000000        0x0 linker stubs
 *(.eh_frame)
 .eh_frame      0x000045cc        0x0 c:/freescale/kdsk_1.3.0/toolchain/bin/../lib/gcc/arm-none-eabi/4.8.4/armv7e-m/fpu/crtbegin.o
 *(.init)
 .init          0x000045cc        0x4 c:/freescale/kdsk_1.3.0/toolchain/bin/../lib/gcc/arm-none-eabi/4.8.4/armv7e-m/fpu/crti.o
                0x000045cc                _init
 .init          0x000045d0        0x8 c:/freescale/kdsk_1.3.0/toolchain/bin/../lib/gcc/arm-none-eabi/4.8.4/armv7e-m/fpu/crtn.o
 *(.fini)
 .fini          0x000045d8        0x4 c:/freescale/kdsk_1.3.0/toolchain/bin/../lib/gcc/arm-none-eabi/4.8.4/armv7e-m/fpu/crti.o
                0x000045d8                _fini
 .fini          0x000045dc        0x8 c:/freescale/kdsk_1.3.0/toolchain/bin/../lib/gcc/arm-none-eabi/4.8.4/armv7e-m/fpu/crtn.o
                0x000045e4                . = ALIGN (0x4)
                0x000045e4                _etext = .

.vfp11_veneer   0x000045e4        0x0
 .vfp11_veneer  0x00000000        0x0 linker stubs

.v4_bx          0x000045e4        0x0
 .v4_bx         0x00000000        0x0 linker stubs

.iplt           0x000045e4        0x0
 .iplt          0x00000000        0x0 c:/freescale/kdsk_1.3.0/toolchain/bin/../lib/gcc/arm-none-eabi/4.8.4/armv7e-m/fpu/crtbegin.o

.ARM.extab
 *(.ARM.extab* .gnu.linkonce.armextab.*)

.ARM            0x000045e4        0x8
                0x000045e4                __exidx_start = .
 *(.ARM.exidx*)
 .ARM.exidx     0x000045e4        0x8 c:/freescale/kdsk_1.3.0/toolchain/bin/../lib/gcc/arm-none-eabi/4.8.4/../../../../arm-none-eabi/lib/armv7e-m/fpu/crt0.o
                0x000045ec                __exidx_end = .

.rel.dyn        0x000045ec        0x0
 .rel.iplt      0x00000000        0x0 c:/freescale/kdsk_1.3.0/toolchain/bin/../lib/gcc/arm-none-eabi/4.8.4/armv7e-m/fpu/crtbegin.o

.ctors          0x000045ec        0x0
                0x000045ec                __CTOR_LIST__ = .
 *crtbegin.o(.ctors)
 *(EXCLUDE_FILE(*crtend.o) .ctors)
 *(SORT(.ctors.*))
 *(.ctors)
                0x000045ec                __CTOR_END__ = .

.dtors          0x000045ec        0x0
                0x000045ec                __DTOR_LIST__ = .
 *crtbegin.o(.dtors)
 *(EXCLUDE_FILE(*crtend.o) .dtors)
 *(SORT(.dtors.*))
 *(.dtors)
                0x000045ec                __DTOR_END__ = .

.preinit_array  0x000045ec        0x0
                0x000045ec                PROVIDE (__preinit_array_start, .)
 *(.preinit_array*)
                0x000045ec                PROVIDE (__preinit_array_end, .)

.init_array     0x000045ec        0x4
                0x000045ec                PROVIDE (__init_array_start, .)
 *(SORT(.init_array.*))
 *(.init_array*)
 .init_array    0x000045ec        0x4 c:/freescale/kdsk_1.3.0/toolchain/bin/../lib/gcc/arm-none-eabi/4.8.4/armv7e-m/fpu/crtbegin.o
                0x000045f0                PROVIDE (__init_array_end, .)

.fini_array     0x000045f0        0x4
                0x000045f0                PROVIDE (__fini_array_start, .)
 *(SORT(.fini_array.*))
 *(.fini_array*)
 .fini_array    0x000045f0        0x4 c:/freescale/kdsk_1.3.0/toolchain/bin/../lib/gcc/arm-none-eabi/4.8.4/armv7e-m/fpu/crtbegin.o
                0x000045f4                PROVIDE (__fini_array_end, .)
                0x000045f4                ___ROM_AT = .

.data           0x20000000       0x68 load address 0x000045f4
                0x20000000                . = ALIGN (0x4)
                0x20000000                _sdata = .
 *(.data)
 *(.data*)
 .data.delay    0x20000000        0x4 ./Sources/main.o
                0x20000000                delay
 .data.impure_data
                0x20000004       0x60 c:/freescale/kdsk_1.3.0/toolchain/bin/../lib/gcc/arm-none-eabi/4.8.4/../../../../arm-none-eabi/lib/armv7e-m/fpu\libg_s.a(lib_a-impure.o)
 .data._impure_ptr
                0x20000064        0x4 c:/freescale/kdsk_1.3.0/toolchain/bin/../lib/gcc/arm-none-eabi/4.8.4/../../../../arm-none-eabi/lib/armv7e-m/fpu\libg_s.a(lib_a-impure.o)
                0x20000064                _impure_ptr
                0x20000068                . = ALIGN (0x4)
                0x20000068                _edata = .
                0x00000068                ___data_size = (_edata - _sdata)
                0x0000465c                ___m_data_1FFF0000_ROMStart = (___ROM_AT + SIZEOF (.data))

.jcr            0x20000068        0x0 load address 0x0000465c
 .jcr           0x20000068        0x0 c:/freescale/kdsk_1.3.0/toolchain/bin/../lib/gcc/arm-none-eabi/4.8.4/armv7e-m/fpu/crtbegin.o

.igot.plt       0x20000068        0x0 load address 0x0000465c
 .igot.plt      0x00000000        0x0 c:/freescale/kdsk_1.3.0/toolchain/bin/../lib/gcc/arm-none-eabi/4.8.4/armv7e-m/fpu/crtbegin.o

.m_data_1FFF0000
                0x1fff0000        0x0 load address 0x0000465c
                0x1fff0000                . = ALIGN (0x4)
                0x1fff0000                ___m_data_1FFF0000_RAMStart = .
 *(.m_data_1FFF0000)
                0x1fff0000                ___m_data_1FFF0000_RAMEnd = .
                0x1fff0000                . = ALIGN (0x4)
                0x00000000                ___m_data_1FFF0000_ROMSize = (___m_data_1FFF0000_RAMEnd - ___m_data_1FFF0000_RAMStart)
                0x1fff0000                . = ALIGN (0x4)

.bss            0x20000068     0x27a8 load address 0x0000465c
                0x20000068                __START_BSS = .
                0x20000068                PROVIDE (__bss_start__, __START_BSS)
 *(.bss)
 .bss           0x20000068       0x1c c:/freescale/kdsk_1.3.0/toolchain/bin/../lib/gcc/arm-none-eabi/4.8.4/armv7e-m/fpu/crtbegin.o
 *(.bss*)
 .bss.SR_lock   0x20000084        0x1 ./Static_Code/System/CPU_Init.o
                0x20000084                SR_lock
 .bss.ClockConfigurationID
                0x20000085        0x1 ./Static_Code/System/CPU_Init.o
                0x20000085                ClockConfigurationID
 *fill*         0x20000086        0x2 
 .bss.an_dx     0x20000088      0x7c0 ./Sources/algorithm.o
 .bss.an_x      0x20000848      0x7d0 ./Sources/algorithm.o
 .bss.an_y      0x20001018      0x7d0 ./Sources/algorithm.o
 .bss.DeviceDataPrv__DEFAULT_RTOS_ALLOC
                0x200017e8       0x18 ./Generated_Code/CI2C1.o
 .bss.INT_I2C0__DEFAULT_RTOS_ISRPARAM
                0x20001800        0x4 ./Generated_Code/CI2C1.o
 .bss.GI2C1_deviceData
                0x20001804        0x8 ./Generated_Code/GI2C1.o
 .bss.writeBuf.6459
                0x2000180c       0x20 ./Generated_Code/GI2C1.o
 .bss.DeviceDataPrv__DEFAULT_RTOS_ALLOC
                0x2000182c       0x18 ./Generated_Code/IO1.o
 .bss.PE_LDD_DeviceDataList
                0x20001844        0x8 ./Generated_Code/PE_LDD.o
                0x20001844                PE_LDD_DeviceDataList
 .bss.__malloc_sbrk_start
                0x2000184c        0x4 c:/freescale/kdsk_1.3.0/toolchain/bin/../lib/gcc/arm-none-eabi/4.8.4/../../../../arm-none-eabi/lib/armv7e-m/fpu\libg_s.a(lib_a-nano-mallocr.o)
                0x2000184c                __malloc_sbrk_start
 .bss.__malloc_free_list
                0x20001850        0x4 c:/freescale/kdsk_1.3.0/toolchain/bin/../lib/gcc/arm-none-eabi/4.8.4/../../../../arm-none-eabi/lib/armv7e-m/fpu\libg_s.a(lib_a-nano-mallocr.o)
                0x20001850                __malloc_free_list
 .bss.heap_end.4246
                0x20001854        0x4 c:/freescale/kdsk_1.3.0/toolchain/bin/../lib/gcc/arm-none-eabi/4.8.4/../../../../arm-none-eabi/lib/armv7e-m/fpu\libnosys.a(sbrk.o)
 *(COMMON)
 COMMON         0x20001858        0x1 ./Static_Code/System/CPU_Init.o
                0x20001858                SR_reg
 *fill*         0x20001859        0x3 
 COMMON         0x2000185c      0xfaf ./Sources/main.o
                0x2000185c                n_ir_buffer_length
                0x20001860                n_sp02
                0x20001864                aun_ir_buffer
                0x20002034                aun_red_buffer
                0x20002804                n_heart_rate
                0x20002808                ch_spo2_valid
                0x20002809                ch_hr_valid
                0x2000280a                uch_dummy
 *fill*         0x2000280b        0x1 
 COMMON         0x2000280c        0x4 c:/freescale/kdsk_1.3.0/toolchain/bin/../lib/gcc/arm-none-eabi/4.8.4/../../../../arm-none-eabi/lib/armv7e-m/fpu\libg_s.a(lib_a-reent.o)
                0x2000280c                errno
                0x20002810                . = ALIGN (0x4)
                0x20002810                __END_BSS = .
                0x20002810                PROVIDE (__bss_end__, __END_BSS)
                0x0000465c                _romp_at = ((___ROM_AT + SIZEOF (.data)) + SIZEOF (.m_data_1FFF0000))

.romp           0x20002810       0x24 load address 0x0000465c
                0x0000465c                __S_romp = _romp_at
                0x20002810        0x4 LONG 0x45f4 ___ROM_AT
                0x20002814        0x4 LONG 0x20000000 _sdata
                0x20002818        0x4 LONG 0x68 ___data_size
                0x2000281c        0x4 LONG 0x465c ___m_data_1FFF0000_ROMStart
                0x20002820        0x4 LONG 0x1fff0000 ___m_data_1FFF0000_RAMStart
                0x20002824        0x4 LONG 0x0 ___m_data_1FFF0000_ROMSize
                0x20002828        0x4 LONG 0x0
                0x2000282c        0x4 LONG 0x0
                0x20002830        0x4 LONG 0x0
                0x00100000                text_end = (ORIGIN (m_text) + 0xffbf0)
                0x00004680                data_init_end = ((___m_data_1FFF0000_ROMStart + SIZEOF (.m_data_1FFF0000)) + SIZEOF (.romp))
                0x00000001                ASSERT ((data_init_end <= text_end), region m_text overflowed with text and data)

._user_heap_stack
                0x20002834      0x400 load address 0x00004680
                0x20002834                . = ALIGN (0x4)
                0x20002834                PROVIDE (end, .)
                0x20002834                PROVIDE (_end, .)
                0x20002834                PROVIDE (__end__, .)
                0x20002834                __heap_addr = .
                0x20002834                __HeapBase = .
                0x20002834                . = (. + __heap_size)
                0x20002834                __HeapLimit = .
                0x20002c34                . = (. + __stack_size)
 *fill*         0x20002834      0x400 
                0x20002c34                . = ALIGN (0x4)

.ARM.attributes
                0x00000000       0x30
 *(.ARM.attributes)
 .ARM.attributes
                0x00000000       0x22 c:/freescale/kdsk_1.3.0/toolchain/bin/../lib/gcc/arm-none-eabi/4.8.4/armv7e-m/fpu/crti.o
 .ARM.attributes
                0x00000022       0x34 c:/freescale/kdsk_1.3.0/toolchain/bin/../lib/gcc/arm-none-eabi/4.8.4/armv7e-m/fpu/crtbegin.o
 .ARM.attributes
                0x00000056       0x20 c:/freescale/kdsk_1.3.0/toolchain/bin/../lib/gcc/arm-none-eabi/4.8.4/../../../../arm-none-eabi/lib/armv7e-m/fpu/crt0.o
 .ARM.attributes
                0x00000076       0x39 ./Static_Code/System/CPU_Init.o
 .ARM.attributes
                0x000000af       0x39 ./Static_Code/System/Peripherals_Init.o
 .ARM.attributes
                0x000000e8       0x39 ./Static_Code/System/Vectors.o
 .ARM.attributes
                0x00000121       0x39 ./Static_Code/Peripherals/PTB_Init.o
 .ARM.attributes
                0x0000015a       0x39 ./Static_Code/Peripherals/PTD_Init.o
 .ARM.attributes
                0x00000193       0x39 ./Sources/Events.o
 .ARM.attributes
                0x000001cc       0x39 ./Sources/MAX30102.o
 .ARM.attributes
                0x00000205       0x39 ./Sources/algorithm.o
 .ARM.attributes
                0x0000023e       0x39 ./Sources/main.o
 .ARM.attributes
                0x00000277       0x39 ./Project_Settings/Startup_Code/startup.o
 .ARM.attributes
                0x000002b0       0x39 ./Generated_Code/CI2C1.o
 .ARM.attributes
                0x000002e9       0x39 ./Generated_Code/CLS1.o
 .ARM.attributes
                0x00000322       0x39 ./Generated_Code/CS1.o
 .ARM.attributes
                0x0000035b       0x39 ./Generated_Code/Cpu.o
 .ARM.attributes
                0x00000394       0x39 ./Generated_Code/CsIO1.o
 .ARM.attributes
                0x000003cd       0x39 ./Generated_Code/GI2C1.o
 .ARM.attributes
                0x00000406       0x39 ./Generated_Code/IO1.o
 .ARM.attributes
                0x0000043f       0x39 ./Generated_Code/MCUC1.o
 .ARM.attributes
                0x00000478       0x39 ./Generated_Code/PE_LDD.o
 .ARM.attributes
                0x000004b1       0x39 ./Generated_Code/UTIL1.o
 .ARM.attributes
                0x000004ea       0x39 ./Generated_Code/WAIT1.o
 .ARM.attributes
                0x00000523       0x39 ./Generated_Code/XF1.o
 .ARM.attributes
                0x0000055c       0x34 c:/freescale/kdsk_1.3.0/toolchain/bin/../lib/gcc/arm-none-eabi/4.8.4/../../../../arm-none-eabi/lib/armv7e-m/fpu\libg_s.a(lib_a-exit.o)
 .ARM.attributes
                0x00000590       0x34 c:/freescale/kdsk_1.3.0/toolchain/bin/../lib/gcc/arm-none-eabi/4.8.4/../../../../arm-none-eabi/lib/armv7e-m/fpu\libg_s.a(lib_a-impure.o)
 .ARM.attributes
                0x000005c4       0x34 c:/freescale/kdsk_1.3.0/toolchain/bin/../lib/gcc/arm-none-eabi/4.8.4/../../../../arm-none-eabi/lib/armv7e-m/fpu\libg_s.a(lib_a-init.o)
 .ARM.attributes
                0x000005f8       0x34 c:/freescale/kdsk_1.3.0/toolchain/bin/../lib/gcc/arm-none-eabi/4.8.4/../../../../arm-none-eabi/lib/armv7e-m/fpu\libg_s.a(lib_a-memset.o)
 .ARM.attributes
                0x0000062c       0x34 c:/freescale/kdsk_1.3.0/toolchain/bin/../lib/gcc/arm-none-eabi/4.8.4/../../../../arm-none-eabi/lib/armv7e-m/fpu\libg_s.a(lib_a-printf.o)
 .ARM.attributes
                0x00000660       0x34 c:/freescale/kdsk_1.3.0/toolchain/bin/../lib/gcc/arm-none-eabi/4.8.4/../../../../arm-none-eabi/lib/armv7e-m/fpu\libg_s.a(lib_a-puts.o)
 .ARM.attributes
                0x00000694       0x34 c:/freescale/kdsk_1.3.0/toolchain/bin/../lib/gcc/arm-none-eabi/4.8.4/../../../../arm-none-eabi/lib/armv7e-m/fpu\libg_s.a(lib_a-strlen.o)
 .ARM.attributes
                0x000006c8       0x34 c:/freescale/kdsk_1.3.0/toolchain/bin/../lib/gcc/arm-none-eabi/4.8.4/../../../../arm-none-eabi/lib/armv7e-m/fpu\libg_s.a(lib_a-vfprintf.o)
 .ARM.attributes
                0x000006fc       0x34 c:/freescale/kdsk_1.3.0/toolchain/bin/../lib/gcc/arm-none-eabi/4.8.4/../../../../arm-none-eabi/lib/armv7e-m/fpu\libg_s.a(lib_a-vfprintf_i.o)
 .ARM.attributes
                0x00000730       0x34 c:/freescale/kdsk_1.3.0/toolchain/bin/../lib/gcc/arm-none-eabi/4.8.4/../../../../arm-none-eabi/lib/armv7e-m/fpu\libg_s.a(lib_a-wbuf.o)
 .ARM.attributes
                0x00000764       0x34 c:/freescale/kdsk_1.3.0/toolchain/bin/../lib/gcc/arm-none-eabi/4.8.4/../../../../arm-none-eabi/lib/armv7e-m/fpu\libg_s.a(lib_a-wsetup.o)
 .ARM.attributes
                0x00000798       0x34 c:/freescale/kdsk_1.3.0/toolchain/bin/../lib/gcc/arm-none-eabi/4.8.4/../../../../arm-none-eabi/lib/armv7e-m/fpu\libg_s.a(lib_a-fflush.o)
 .ARM.attributes
                0x000007cc       0x34 c:/freescale/kdsk_1.3.0/toolchain/bin/../lib/gcc/arm-none-eabi/4.8.4/../../../../arm-none-eabi/lib/armv7e-m/fpu\libg_s.a(lib_a-findfp.o)
 .ARM.attributes
                0x00000800       0x34 c:/freescale/kdsk_1.3.0/toolchain/bin/../lib/gcc/arm-none-eabi/4.8.4/../../../../arm-none-eabi/lib/armv7e-m/fpu\libg_s.a(lib_a-makebuf.o)
 .ARM.attributes
                0x00000834       0x34 c:/freescale/kdsk_1.3.0/toolchain/bin/../lib/gcc/arm-none-eabi/4.8.4/../../../../arm-none-eabi/lib/armv7e-m/fpu\libg_s.a(lib_a-memchr-stub.o)
 .ARM.attributes
                0x00000868       0x34 c:/freescale/kdsk_1.3.0/toolchain/bin/../lib/gcc/arm-none-eabi/4.8.4/../../../../arm-none-eabi/lib/armv7e-m/fpu\libg_s.a(lib_a-nano-freer.o)
 .ARM.attributes
                0x0000089c       0x34 c:/freescale/kdsk_1.3.0/toolchain/bin/../lib/gcc/arm-none-eabi/4.8.4/../../../../arm-none-eabi/lib/armv7e-m/fpu\libg_s.a(lib_a-nano-mallocr.o)
 .ARM.attributes
                0x000008d0       0x34 c:/freescale/kdsk_1.3.0/toolchain/bin/../lib/gcc/arm-none-eabi/4.8.4/../../../../arm-none-eabi/lib/armv7e-m/fpu\libg_s.a(lib_a-sbrkr.o)
 .ARM.attributes
                0x00000904       0x34 c:/freescale/kdsk_1.3.0/toolchain/bin/../lib/gcc/arm-none-eabi/4.8.4/../../../../arm-none-eabi/lib/armv7e-m/fpu\libg_s.a(lib_a-stdio.o)
 .ARM.attributes
                0x00000938       0x34 c:/freescale/kdsk_1.3.0/toolchain/bin/../lib/gcc/arm-none-eabi/4.8.4/../../../../arm-none-eabi/lib/armv7e-m/fpu\libg_s.a(lib_a-writer.o)
 .ARM.attributes
                0x0000096c       0x34 c:/freescale/kdsk_1.3.0/toolchain/bin/../lib/gcc/arm-none-eabi/4.8.4/../../../../arm-none-eabi/lib/armv7e-m/fpu\libg_s.a(lib_a-closer.o)
 .ARM.attributes
                0x000009a0       0x34 c:/freescale/kdsk_1.3.0/toolchain/bin/../lib/gcc/arm-none-eabi/4.8.4/../../../../arm-none-eabi/lib/armv7e-m/fpu\libg_s.a(lib_a-fstatr.o)
 .ARM.attributes
                0x000009d4       0x34 c:/freescale/kdsk_1.3.0/toolchain/bin/../lib/gcc/arm-none-eabi/4.8.4/../../../../arm-none-eabi/lib/armv7e-m/fpu\libg_s.a(lib_a-isattyr.o)
 .ARM.attributes
                0x00000a08       0x34 c:/freescale/kdsk_1.3.0/toolchain/bin/../lib/gcc/arm-none-eabi/4.8.4/../../../../arm-none-eabi/lib/armv7e-m/fpu\libg_s.a(lib_a-lseekr.o)
 .ARM.attributes
                0x00000a3c       0x34 c:/freescale/kdsk_1.3.0/toolchain/bin/../lib/gcc/arm-none-eabi/4.8.4/../../../../arm-none-eabi/lib/armv7e-m/fpu\libg_s.a(lib_a-readr.o)
 .ARM.attributes
                0x00000a70       0x34 c:/freescale/kdsk_1.3.0/toolchain/bin/../lib/gcc/arm-none-eabi/4.8.4/../../../../arm-none-eabi/lib/armv7e-m/fpu\libg_s.a(lib_a-reent.o)
 .ARM.attributes
                0x00000aa4       0x34 c:/freescale/kdsk_1.3.0/toolchain/bin/../lib/gcc/arm-none-eabi/4.8.4/../../../../arm-none-eabi/lib/armv7e-m/fpu\libnosys.a(close.o)
 .ARM.attributes
                0x00000ad8       0x34 c:/freescale/kdsk_1.3.0/toolchain/bin/../lib/gcc/arm-none-eabi/4.8.4/../../../../arm-none-eabi/lib/armv7e-m/fpu\libnosys.a(fstat.o)
 .ARM.attributes
                0x00000b0c       0x34 c:/freescale/kdsk_1.3.0/toolchain/bin/../lib/gcc/arm-none-eabi/4.8.4/../../../../arm-none-eabi/lib/armv7e-m/fpu\libnosys.a(isatty.o)
 .ARM.attributes
                0x00000b40       0x34 c:/freescale/kdsk_1.3.0/toolchain/bin/../lib/gcc/arm-none-eabi/4.8.4/../../../../arm-none-eabi/lib/armv7e-m/fpu\libnosys.a(lseek.o)
 .ARM.attributes
                0x00000b74       0x34 c:/freescale/kdsk_1.3.0/toolchain/bin/../lib/gcc/arm-none-eabi/4.8.4/../../../../arm-none-eabi/lib/armv7e-m/fpu\libnosys.a(sbrk.o)
 .ARM.attributes
                0x00000ba8       0x34 c:/freescale/kdsk_1.3.0/toolchain/bin/../lib/gcc/arm-none-eabi/4.8.4/../../../../arm-none-eabi/lib/armv7e-m/fpu\libnosys.a(_exit.o)
 .ARM.attributes
                0x00000bdc       0x22 c:/freescale/kdsk_1.3.0/toolchain/bin/../lib/gcc/arm-none-eabi/4.8.4/armv7e-m/fpu/crtn.o
OUTPUT(HRmonitor.elf elf32-littlearm)

.debug_info     0x00000000     0x7e20
 .debug_info    0x00000000      0xbe7 ./Static_Code/System/CPU_Init.o
 .debug_info    0x00000be7       0x96 ./Static_Code/System/Peripherals_Init.o
 .debug_info    0x00000c7d      0x826 ./Static_Code/System/Vectors.o
 .debug_info    0x000014a3      0x11f ./Static_Code/Peripherals/PTB_Init.o
 .debug_info    0x000015c2      0x11f ./Static_Code/Peripherals/PTD_Init.o
 .debug_info    0x000016e1       0x96 ./Sources/Events.o
 .debug_info    0x00001777      0x2c6 ./Sources/MAX30102.o
 .debug_info    0x00001a3d      0x617 ./Sources/algorithm.o
 .debug_info    0x00002054      0x5de ./Sources/main.o
 .debug_info    0x00002632      0x3b0 ./Project_Settings/Startup_Code/startup.o
 .debug_info    0x000029e2      0x93d ./Generated_Code/CI2C1.o
 .debug_info    0x0000331f      0xc44 ./Generated_Code/CLS1.o
 .debug_info    0x00003f63       0xa7 ./Generated_Code/CS1.o
 .debug_info    0x0000400a      0x4a6 ./Generated_Code/Cpu.o
 .debug_info    0x000044b0      0x329 ./Generated_Code/CsIO1.o
 .debug_info    0x000047d9      0x75d ./Generated_Code/GI2C1.o
 .debug_info    0x00004f36      0x753 ./Generated_Code/IO1.o
 .debug_info    0x00005689       0xa7 ./Generated_Code/MCUC1.o
 .debug_info    0x00005730      0x251 ./Generated_Code/PE_LDD.o
 .debug_info    0x00005981     0x1b2a ./Generated_Code/UTIL1.o
 .debug_info    0x000074ab      0x173 ./Generated_Code/WAIT1.o
 .debug_info    0x0000761e      0x802 ./Generated_Code/XF1.o

.debug_abbrev   0x00000000     0x19ae
 .debug_abbrev  0x00000000      0x1db ./Static_Code/System/CPU_Init.o
 .debug_abbrev  0x000001db       0x45 ./Static_Code/System/Peripherals_Init.o
 .debug_abbrev  0x00000220       0xd8 ./Static_Code/System/Vectors.o
 .debug_abbrev  0x000002f8       0x8d ./Static_Code/Peripherals/PTB_Init.o
 .debug_abbrev  0x00000385       0x8d ./Static_Code/Peripherals/PTD_Init.o
 .debug_abbrev  0x00000412       0x45 ./Sources/Events.o
 .debug_abbrev  0x00000457      0x131 ./Sources/MAX30102.o
 .debug_abbrev  0x00000588      0x11e ./Sources/algorithm.o
 .debug_abbrev  0x000006a6      0x188 ./Sources/main.o
 .debug_abbrev  0x0000082e      0x189 ./Project_Settings/Startup_Code/startup.o
 .debug_abbrev  0x000009b7      0x1f3 ./Generated_Code/CI2C1.o
 .debug_abbrev  0x00000baa      0x20e ./Generated_Code/CLS1.o
 .debug_abbrev  0x00000db8       0x45 ./Generated_Code/CS1.o
 .debug_abbrev  0x00000dfd       0xfc ./Generated_Code/Cpu.o
 .debug_abbrev  0x00000ef9      0x121 ./Generated_Code/CsIO1.o
 .debug_abbrev  0x0000101a      0x1eb ./Generated_Code/GI2C1.o
 .debug_abbrev  0x00001205      0x1bf ./Generated_Code/IO1.o
 .debug_abbrev  0x000013c4       0x45 ./Generated_Code/MCUC1.o
 .debug_abbrev  0x00001409      0x127 ./Generated_Code/PE_LDD.o
 .debug_abbrev  0x00001530      0x1b4 ./Generated_Code/UTIL1.o
 .debug_abbrev  0x000016e4       0xcb ./Generated_Code/WAIT1.o
 .debug_abbrev  0x000017af      0x1ff ./Generated_Code/XF1.o

.debug_aranges  0x00000000      0xbe0
 .debug_aranges
                0x00000000       0x50 ./Static_Code/System/CPU_Init.o
 .debug_aranges
                0x00000050       0x20 ./Static_Code/System/Peripherals_Init.o
 .debug_aranges
                0x00000070      0x340 ./Static_Code/System/Vectors.o
 .debug_aranges
                0x000003b0       0x20 ./Static_Code/Peripherals/PTB_Init.o
 .debug_aranges
                0x000003d0       0x20 ./Static_Code/Peripherals/PTD_Init.o
 .debug_aranges
                0x000003f0       0x20 ./Sources/Events.o
 .debug_aranges
                0x00000410       0x48 ./Sources/MAX30102.o
 .debug_aranges
                0x00000458       0x48 ./Sources/algorithm.o
 .debug_aranges
                0x000004a0       0x48 ./Sources/main.o
 .debug_aranges
                0x000004e8       0x50 ./Project_Settings/Startup_Code/startup.o
 .debug_aranges
                0x00000538       0x58 ./Generated_Code/CI2C1.o
 .debug_aranges
                0x00000590      0x138 ./Generated_Code/CLS1.o
 .debug_aranges
                0x000006c8       0x28 ./Generated_Code/CS1.o
 .debug_aranges
                0x000006f0       0x30 ./Generated_Code/Cpu.o
 .debug_aranges
                0x00000720       0x28 ./Generated_Code/CsIO1.o
 .debug_aranges
                0x00000748       0xc8 ./Generated_Code/GI2C1.o
 .debug_aranges
                0x00000810       0x48 ./Generated_Code/IO1.o
 .debug_aranges
                0x00000858       0x28 ./Generated_Code/MCUC1.o
 .debug_aranges
                0x00000880       0x30 ./Generated_Code/PE_LDD.o
 .debug_aranges
                0x000008b0      0x250 ./Generated_Code/UTIL1.o
 .debug_aranges
                0x00000b00       0x50 ./Generated_Code/WAIT1.o
 .debug_aranges
                0x00000b50       0x90 ./Generated_Code/XF1.o

.debug_ranges   0x00000000      0xa80
 .debug_ranges  0x00000000       0x40 ./Static_Code/System/CPU_Init.o
 .debug_ranges  0x00000040       0x10 ./Static_Code/System/Peripherals_Init.o
 .debug_ranges  0x00000050      0x330 ./Static_Code/System/Vectors.o
 .debug_ranges  0x00000380       0x10 ./Static_Code/Peripherals/PTB_Init.o
 .debug_ranges  0x00000390       0x10 ./Static_Code/Peripherals/PTD_Init.o
 .debug_ranges  0x000003a0       0x10 ./Sources/Events.o
 .debug_ranges  0x000003b0       0x38 ./Sources/MAX30102.o
 .debug_ranges  0x000003e8       0x38 ./Sources/algorithm.o
 .debug_ranges  0x00000420       0x38 ./Sources/main.o
 .debug_ranges  0x00000458       0x40 ./Project_Settings/Startup_Code/startup.o
 .debug_ranges  0x00000498       0x48 ./Generated_Code/CI2C1.o
 .debug_ranges  0x000004e0      0x128 ./Generated_Code/CLS1.o
 .debug_ranges  0x00000608       0x18 ./Generated_Code/CS1.o
 .debug_ranges  0x00000620       0x20 ./Generated_Code/Cpu.o
 .debug_ranges  0x00000640       0x18 ./Generated_Code/CsIO1.o
 .debug_ranges  0x00000658       0xb8 ./Generated_Code/GI2C1.o
 .debug_ranges  0x00000710       0x38 ./Generated_Code/IO1.o
 .debug_ranges  0x00000748       0x18 ./Generated_Code/MCUC1.o
 .debug_ranges  0x00000760       0x20 ./Generated_Code/PE_LDD.o
 .debug_ranges  0x00000780      0x240 ./Generated_Code/UTIL1.o
 .debug_ranges  0x000009c0       0x40 ./Generated_Code/WAIT1.o
 .debug_ranges  0x00000a00       0x80 ./Generated_Code/XF1.o

.debug_macro    0x00000000    0x3356d
 .debug_macro   0x00000000      0x34c ./Static_Code/System/CPU_Init.o
 .debug_macro   0x0000034c      0x850 ./Static_Code/System/CPU_Init.o
 .debug_macro   0x00000b9c       0x16 ./Static_Code/System/CPU_Init.o
 .debug_macro   0x00000bb2       0x44 ./Static_Code/System/CPU_Init.o
 .debug_macro   0x00000bf6      0x209 ./Static_Code/System/CPU_Init.o
 .debug_macro   0x00000dff     0x177c ./Static_Code/System/CPU_Init.o
 .debug_macro   0x0000257b    0x110ae ./Static_Code/System/CPU_Init.o
 .debug_macro   0x00013629      0x78e ./Static_Code/System/CPU_Init.o
 .debug_macro   0x00013db7       0x3a ./Static_Code/System/CPU_Init.o
 .debug_macro   0x00013df1       0x10 ./Static_Code/System/CPU_Init.o
 .debug_macro   0x00013e01       0x3e ./Static_Code/System/CPU_Init.o
 .debug_macro   0x00013e3f       0x12 ./Static_Code/System/CPU_Init.o
 .debug_macro   0x00013e51      0x14e ./Static_Code/System/CPU_Init.o
 .debug_macro   0x00013f9f       0x6a ./Static_Code/System/CPU_Init.o
 .debug_macro   0x00014009       0x58 ./Static_Code/System/CPU_Init.o
 .debug_macro   0x00014061       0x35 ./Static_Code/System/CPU_Init.o
 .debug_macro   0x00014096       0xa3 ./Static_Code/System/CPU_Init.o
 .debug_macro   0x00014139       0x16 ./Static_Code/System/CPU_Init.o
 .debug_macro   0x0001414f       0x10 ./Static_Code/System/CPU_Init.o
 .debug_macro   0x0001415f       0xc8 ./Static_Code/System/CPU_Init.o
 .debug_macro   0x00014227       0x40 ./Static_Code/System/CPU_Init.o
 .debug_macro   0x00014267       0x43 ./Static_Code/System/CPU_Init.o
 .debug_macro   0x000142aa       0x16 ./Static_Code/System/CPU_Init.o
 .debug_macro   0x000142c0       0x37 ./Static_Code/System/CPU_Init.o
 .debug_macro   0x000142f7       0x1c ./Static_Code/System/CPU_Init.o
 .debug_macro   0x00014313       0x97 ./Static_Code/System/CPU_Init.o
 .debug_macro   0x000143aa       0x10 ./Static_Code/System/CPU_Init.o
 .debug_macro   0x000143ba       0xef ./Static_Code/System/CPU_Init.o
 .debug_macro   0x000144a9       0x52 ./Static_Code/System/CPU_Init.o
 .debug_macro   0x000144fb       0x16 ./Static_Code/System/CPU_Init.o
 .debug_macro   0x00014511       0x43 ./Static_Code/System/CPU_Init.o
 .debug_macro   0x00014554      0x180 ./Static_Code/System/CPU_Init.o
 .debug_macro   0x000146d4       0x10 ./Static_Code/System/CPU_Init.o
 .debug_macro   0x000146e4       0x22 ./Static_Code/System/CPU_Init.o
 .debug_macro   0x00014706       0xbd ./Static_Code/System/CPU_Init.o
 .debug_macro   0x000147c3       0x16 ./Static_Code/System/CPU_Init.o
 .debug_macro   0x000147d9      0x14a ./Static_Code/System/CPU_Init.o
 .debug_macro   0x00014923       0x40 ./Static_Code/System/CPU_Init.o
 .debug_macro   0x00014963       0x40 ./Static_Code/System/CPU_Init.o
 .debug_macro   0x000149a3       0x40 ./Static_Code/System/CPU_Init.o
 .debug_macro   0x000149e3      0x2a6 ./Static_Code/System/CPU_Init.o
 .debug_macro   0x00014c89       0x10 ./Static_Code/System/CPU_Init.o
 .debug_macro   0x00014c99       0x35 ./Static_Code/System/CPU_Init.o
 .debug_macro   0x00014cce       0x19 ./Static_Code/System/CPU_Init.o
 .debug_macro   0x00014ce7       0x22 ./Static_Code/System/CPU_Init.o
 .debug_macro   0x00014d09       0x52 ./Static_Code/System/CPU_Init.o
 .debug_macro   0x00014d5b       0x1c ./Static_Code/System/CPU_Init.o
 .debug_macro   0x00014d77       0x2a ./Static_Code/System/CPU_Init.o
 .debug_macro   0x00014da1       0x66 ./Static_Code/System/CPU_Init.o
 .debug_macro   0x00014e07      0x29c ./Static_Code/System/CPU_Init.o
 .debug_macro   0x000150a3       0xc8 ./Static_Code/System/Peripherals_Init.o
 .debug_macro   0x0001516b      0x33a ./Static_Code/System/Vectors.o
 .debug_macro   0x000154a5       0xca ./Static_Code/Peripherals/PTB_Init.o
 .debug_macro   0x0001556f       0x10 ./Static_Code/Peripherals/PTB_Init.o
 .debug_macro   0x0001557f    0x110a2 ./Static_Code/Peripherals/PTB_Init.o
 .debug_macro   0x00026621     0x1782 ./Static_Code/Peripherals/PTB_Init.o
 .debug_macro   0x00027da3       0xca ./Static_Code/Peripherals/PTD_Init.o
 .debug_macro   0x00027e6d      0x492 ./Sources/Events.o
 .debug_macro   0x000282ff       0x94 ./Sources/Events.o
 .debug_macro   0x00028393      0x616 ./Sources/Events.o
 .debug_macro   0x000289a9      0x625 ./Sources/Events.o
 .debug_macro   0x00028fce      0x328 ./Sources/Events.o
 .debug_macro   0x000292f6      0x1e9 ./Sources/Events.o
 .debug_macro   0x000294df      0x109 ./Sources/Events.o
 .debug_macro   0x000295e8      0x17f ./Sources/Events.o
 .debug_macro   0x00029767      0x202 ./Sources/Events.o
 .debug_macro   0x00029969      0x91e ./Sources/Events.o
 .debug_macro   0x0002a287      0x585 ./Sources/Events.o
 .debug_macro   0x0002a80c       0x9e ./Sources/Events.o
 .debug_macro   0x0002a8aa      0x1f9 ./Sources/Events.o
 .debug_macro   0x0002aaa3      0x50f ./Sources/Events.o
 .debug_macro   0x0002afb2      0x6a6 ./Sources/Events.o
 .debug_macro   0x0002b658      0x132 ./Sources/Events.o
 .debug_macro   0x0002b78a      0x29c ./Sources/Events.o
 .debug_macro   0x0002ba26      0x264 ./Sources/Events.o
 .debug_macro   0x0002bc8a      0x25b ./Sources/Events.o
 .debug_macro   0x0002bee5      0x4f1 ./Sources/Events.o
 .debug_macro   0x0002c3d6      0x13f ./Sources/Events.o
 .debug_macro   0x0002c515       0x6c ./Sources/Events.o
 .debug_macro   0x0002c581      0x30d ./Sources/Events.o
 .debug_macro   0x0002c88e       0xbb ./Sources/Events.o
 .debug_macro   0x0002c949       0xe9 ./Sources/Events.o
 .debug_macro   0x0002ca32      0x4ea ./Sources/Events.o
 .debug_macro   0x0002cf1c      0x18f ./Sources/Events.o
 .debug_macro   0x0002d0ab       0xea ./Sources/Events.o
 .debug_macro   0x0002d195      0x344 ./Sources/Events.o
 .debug_macro   0x0002d4d9      0x824 ./Sources/Events.o
 .debug_macro   0x0002dcfd      0x179 ./Sources/Events.o
 .debug_macro   0x0002de76      0x644 ./Sources/Events.o
 .debug_macro   0x0002e4ba      0xa28 ./Sources/Events.o
 .debug_macro   0x0002eee2      0x124 ./Sources/Events.o
 .debug_macro   0x0002f006      0x648 ./Sources/Events.o
 .debug_macro   0x0002f64e       0x81 ./Sources/Events.o
 .debug_macro   0x0002f6cf      0x7bf ./Sources/Events.o
 .debug_macro   0x0002fe8e      0x10f ./Sources/Events.o
 .debug_macro   0x0002ff9d      0x66f ./Sources/Events.o
 .debug_macro   0x0003060c       0x7b ./Sources/Events.o
 .debug_macro   0x00030687      0x182 ./Sources/Events.o
 .debug_macro   0x00030809       0xdb ./Sources/MAX30102.o
 .debug_macro   0x000308e4       0xa0 ./Sources/MAX30102.o
 .debug_macro   0x00030984       0xdb ./Sources/algorithm.o
 .debug_macro   0x00030a5f       0x2e ./Sources/algorithm.o
 .debug_macro   0x00030a8d      0x4aa ./Sources/main.o
 .debug_macro   0x00030f37      0x121 ./Project_Settings/Startup_Code/startup.o
 .debug_macro   0x00031058      0x166 ./Project_Settings/Startup_Code/startup.o
 .debug_macro   0x000311be       0x4a ./Project_Settings/Startup_Code/startup.o
 .debug_macro   0x00031208       0x16 ./Project_Settings/Startup_Code/startup.o
 .debug_macro   0x0003121e       0x22 ./Project_Settings/Startup_Code/startup.o
 .debug_macro   0x00031240      0x20f ./Project_Settings/Startup_Code/startup.o
 .debug_macro   0x0003144f      0x162 ./Generated_Code/CI2C1.o
 .debug_macro   0x000315b1      0x4e4 ./Generated_Code/CI2C1.o
 .debug_macro   0x00031a95      0x205 ./Generated_Code/CLS1.o
 .debug_macro   0x00031c9a       0x8e ./Generated_Code/CLS1.o
 .debug_macro   0x00031d28       0x58 ./Generated_Code/CLS1.o
 .debug_macro   0x00031d80       0xfd ./Generated_Code/CS1.o
 .debug_macro   0x00031e7d      0x32b ./Generated_Code/Cpu.o
 .debug_macro   0x000321a8      0x143 ./Generated_Code/CsIO1.o
 .debug_macro   0x000322eb       0x16 ./Generated_Code/CsIO1.o
 .debug_macro   0x00032301      0x7b9 ./Generated_Code/CsIO1.o
 .debug_macro   0x00032aba      0x125 ./Generated_Code/GI2C1.o
 .debug_macro   0x00032bdf      0x108 ./Generated_Code/IO1.o
 .debug_macro   0x00032ce7       0x3a ./Generated_Code/IO1.o
 .debug_macro   0x00032d21       0xe5 ./Generated_Code/MCUC1.o
 .debug_macro   0x00032e06      0x2ee ./Generated_Code/PE_LDD.o
 .debug_macro   0x000330f4      0x1ce ./Generated_Code/UTIL1.o
 .debug_macro   0x000332c2       0xfd ./Generated_Code/WAIT1.o
 .debug_macro   0x000333bf      0x1ae ./Generated_Code/XF1.o

.debug_line     0x00000000     0x7a6f
 .debug_line    0x00000000      0x735 ./Static_Code/System/CPU_Init.o
 .debug_line    0x00000735      0x2a0 ./Static_Code/System/Peripherals_Init.o
 .debug_line    0x000009d5      0xc7e ./Static_Code/System/Vectors.o
 .debug_line    0x00001653      0x2db ./Static_Code/Peripherals/PTB_Init.o
 .debug_line    0x0000192e      0x2d9 ./Static_Code/Peripherals/PTD_Init.o
 .debug_line    0x00001c07      0x78e ./Sources/Events.o
 .debug_line    0x00002395      0x364 ./Sources/MAX30102.o
 .debug_line    0x000026f9      0x56e ./Sources/algorithm.o
 .debug_line    0x00002c67      0x88d ./Sources/main.o
 .debug_line    0x000034f4      0x3cb ./Project_Settings/Startup_Code/startup.o
 .debug_line    0x000038bf      0x4dd ./Generated_Code/CI2C1.o
 .debug_line    0x00003d9c      0x7e3 ./Generated_Code/CLS1.o
 .debug_line    0x0000457f      0x305 ./Generated_Code/CS1.o
 .debug_line    0x00004884      0x5e8 ./Generated_Code/Cpu.o
 .debug_line    0x00004e6c      0x313 ./Generated_Code/CsIO1.o
 .debug_line    0x0000517f      0x545 ./Generated_Code/GI2C1.o
 .debug_line    0x000056c4      0x3c1 ./Generated_Code/IO1.o
 .debug_line    0x00005a85      0x2ef ./Generated_Code/MCUC1.o
 .debug_line    0x00005d74      0x576 ./Generated_Code/PE_LDD.o
 .debug_line    0x000062ea      0xe68 ./Generated_Code/UTIL1.o
 .debug_line    0x00007152      0x38c ./Generated_Code/WAIT1.o
 .debug_line    0x000074de      0x591 ./Generated_Code/XF1.o

.debug_str      0x00000000    0xef52f
 .debug_str     0x00000000    0x704a3 ./Static_Code/System/CPU_Init.o
                              0x706ea (size before relaxing)
 .debug_str     0x000704a3       0x3a ./Static_Code/System/Peripherals_Init.o
                               0xc127 (size before relaxing)
 .debug_str     0x000704dd      0x98a ./Static_Code/System/Vectors.o
                              0x70a8d (size before relaxing)
 .debug_str     0x00070e67       0x5f ./Static_Code/Peripherals/PTB_Init.o
                              0x6a1b1 (size before relaxing)
 .debug_str     0x00070ec6       0x26 ./Static_Code/Peripherals/PTD_Init.o
                              0x6a1b1 (size before relaxing)
 .debug_str     0x00070eec    0x7be73 ./Sources/Events.o
                              0xeaf28 (size before relaxing)
 .debug_str     0x000ecd5f      0x344 ./Sources/MAX30102.o
                              0x6adb1 (size before relaxing)
 .debug_str     0x000ed0a3      0x353 ./Sources/algorithm.o
                              0x6add1 (size before relaxing)
 .debug_str     0x000ed3f6       0xba ./Sources/main.o
                              0xeb43d (size before relaxing)
 .debug_str     0x000ed4b0      0x177 ./Project_Settings/Startup_Code/startup.o
                              0x63696 (size before relaxing)
 .debug_str     0x000ed627      0x3b0 ./Generated_Code/CI2C1.o
                              0x72604 (size before relaxing)
 .debug_str     0x000ed9d7      0x87c ./Generated_Code/CLS1.o
                              0x6e58f (size before relaxing)
 .debug_str     0x000ee253       0x2c ./Generated_Code/CS1.o
                              0x6b4b0 (size before relaxing)
 .debug_str     0x000ee27f       0x34 ./Generated_Code/Cpu.o
                              0x6f27b (size before relaxing)
 .debug_str     0x000ee2b3       0xba ./Generated_Code/CsIO1.o
                              0x6a881 (size before relaxing)
 .debug_str     0x000ee36d      0x2b5 ./Generated_Code/GI2C1.o
                              0x6bd46 (size before relaxing)
 .debug_str     0x000ee622       0xf3 ./Generated_Code/IO1.o
                              0x79ec4 (size before relaxing)
 .debug_str     0x000ee715       0x32 ./Generated_Code/MCUC1.o
                              0x6b246 (size before relaxing)
 .debug_str     0x000ee747      0x166 ./Generated_Code/PE_LDD.o
                              0x6f28b (size before relaxing)
 .debug_str     0x000ee8ad      0x849 ./Generated_Code/UTIL1.o
                              0x6dcab (size before relaxing)
 .debug_str     0x000ef0f6       0x9c ./Generated_Code/WAIT1.o
                              0x6b710 (size before relaxing)
 .debug_str     0x000ef192      0x39d ./Generated_Code/XF1.o
                              0x6bb11 (size before relaxing)

.comment        0x00000000       0x70
 .comment       0x00000000       0x70 ./Static_Code/System/CPU_Init.o
                                 0x71 (size before relaxing)
 .comment       0x00000000       0x71 ./Static_Code/System/Peripherals_Init.o
 .comment       0x00000000       0x71 ./Static_Code/System/Vectors.o
 .comment       0x00000000       0x71 ./Static_Code/Peripherals/PTB_Init.o
 .comment       0x00000000       0x71 ./Static_Code/Peripherals/PTD_Init.o
 .comment       0x00000000       0x71 ./Sources/Events.o
 .comment       0x00000000       0x71 ./Sources/MAX30102.o
 .comment       0x00000000       0x71 ./Sources/algorithm.o
 .comment       0x00000000       0x71 ./Sources/main.o
 .comment       0x00000000       0x71 ./Project_Settings/Startup_Code/startup.o
 .comment       0x00000000       0x71 ./Generated_Code/CI2C1.o
 .comment       0x00000000       0x71 ./Generated_Code/CLS1.o
 .comment       0x00000000       0x71 ./Generated_Code/CS1.o
 .comment       0x00000000       0x71 ./Generated_Code/Cpu.o
 .comment       0x00000000       0x71 ./Generated_Code/CsIO1.o
 .comment       0x00000000       0x71 ./Generated_Code/GI2C1.o
 .comment       0x00000000       0x71 ./Generated_Code/IO1.o
 .comment       0x00000000       0x71 ./Generated_Code/MCUC1.o
 .comment       0x00000000       0x71 ./Generated_Code/PE_LDD.o
 .comment       0x00000000       0x71 ./Generated_Code/UTIL1.o
 .comment       0x00000000       0x71 ./Generated_Code/WAIT1.o
 .comment       0x00000000       0x71 ./Generated_Code/XF1.o

.debug_frame    0x00000000     0x2e68
 .debug_frame   0x00000000       0xd4 ./Static_Code/System/CPU_Init.o
 .debug_frame   0x000000d4       0x2c ./Static_Code/System/Peripherals_Init.o
 .debug_frame   0x00000100      0xcb0 ./Static_Code/System/Vectors.o
 .debug_frame   0x00000db0       0x28 ./Static_Code/Peripherals/PTB_Init.o
 .debug_frame   0x00000dd8       0x28 ./Static_Code/Peripherals/PTD_Init.o
 .debug_frame   0x00000e00       0x28 ./Sources/Events.o
 .debug_frame   0x00000e28       0xc8 ./Sources/MAX30102.o
 .debug_frame   0x00000ef0       0xc8 ./Sources/algorithm.o
 .debug_frame   0x00000fb8       0xc8 ./Sources/main.o
 .debug_frame   0x00001080       0xc0 ./Project_Settings/Startup_Code/startup.o
 .debug_frame   0x00001140      0x104 ./Generated_Code/CI2C1.o
 .debug_frame   0x00001244      0x458 ./Generated_Code/CLS1.o
 .debug_frame   0x0000169c       0x40 ./Generated_Code/CS1.o
 .debug_frame   0x000016dc       0x68 ./Generated_Code/Cpu.o
 .debug_frame   0x00001744       0x48 ./Generated_Code/CsIO1.o
 .debug_frame   0x0000178c      0x2a4 ./Generated_Code/GI2C1.o
 .debug_frame   0x00001a30       0xc8 ./Generated_Code/IO1.o
 .debug_frame   0x00001af8       0x40 ./Generated_Code/MCUC1.o
 .debug_frame   0x00001b38       0x68 ./Generated_Code/PE_LDD.o
 .debug_frame   0x00001ba0      0x888 ./Generated_Code/UTIL1.o
 .debug_frame   0x00002428       0xc0 ./Generated_Code/WAIT1.o
 .debug_frame   0x000024e8      0x1ec ./Generated_Code/XF1.o
 .debug_frame   0x000026d4       0x28 c:/freescale/kdsk_1.3.0/toolchain/bin/../lib/gcc/arm-none-eabi/4.8.4/../../../../arm-none-eabi/lib/armv7e-m/fpu\libg_s.a(lib_a-exit.o)
 .debug_frame   0x000026fc       0x2c c:/freescale/kdsk_1.3.0/toolchain/bin/../lib/gcc/arm-none-eabi/4.8.4/../../../../arm-none-eabi/lib/armv7e-m/fpu\libg_s.a(lib_a-init.o)
 .debug_frame   0x00002728       0x20 c:/freescale/kdsk_1.3.0/toolchain/bin/../lib/gcc/arm-none-eabi/4.8.4/../../../../arm-none-eabi/lib/armv7e-m/fpu\libg_s.a(lib_a-memset.o)
 .debug_frame   0x00002748       0x60 c:/freescale/kdsk_1.3.0/toolchain/bin/../lib/gcc/arm-none-eabi/4.8.4/../../../../arm-none-eabi/lib/armv7e-m/fpu\libg_s.a(lib_a-printf.o)
 .debug_frame   0x000027a8       0x3c c:/freescale/kdsk_1.3.0/toolchain/bin/../lib/gcc/arm-none-eabi/4.8.4/../../../../arm-none-eabi/lib/armv7e-m/fpu\libg_s.a(lib_a-puts.o)
 .debug_frame   0x000027e4       0x20 c:/freescale/kdsk_1.3.0/toolchain/bin/../lib/gcc/arm-none-eabi/4.8.4/../../../../arm-none-eabi/lib/armv7e-m/fpu\libg_s.a(lib_a-strlen.o)
 .debug_frame   0x00002804       0xa8 c:/freescale/kdsk_1.3.0/toolchain/bin/../lib/gcc/arm-none-eabi/4.8.4/../../../../arm-none-eabi/lib/armv7e-m/fpu\libg_s.a(lib_a-vfprintf.o)
 .debug_frame   0x000028ac       0x60 c:/freescale/kdsk_1.3.0/toolchain/bin/../lib/gcc/arm-none-eabi/4.8.4/../../../../arm-none-eabi/lib/armv7e-m/fpu\libg_s.a(lib_a-vfprintf_i.o)
 .debug_frame   0x0000290c       0x3c c:/freescale/kdsk_1.3.0/toolchain/bin/../lib/gcc/arm-none-eabi/4.8.4/../../../../arm-none-eabi/lib/armv7e-m/fpu\libg_s.a(lib_a-wbuf.o)
 .debug_frame   0x00002948       0x2c c:/freescale/kdsk_1.3.0/toolchain/bin/../lib/gcc/arm-none-eabi/4.8.4/../../../../arm-none-eabi/lib/armv7e-m/fpu\libg_s.a(lib_a-wsetup.o)
 .debug_frame   0x00002974       0x5c c:/freescale/kdsk_1.3.0/toolchain/bin/../lib/gcc/arm-none-eabi/4.8.4/../../../../arm-none-eabi/lib/armv7e-m/fpu\libg_s.a(lib_a-fflush.o)
 .debug_frame   0x000029d0      0x12c c:/freescale/kdsk_1.3.0/toolchain/bin/../lib/gcc/arm-none-eabi/4.8.4/../../../../arm-none-eabi/lib/armv7e-m/fpu\libg_s.a(lib_a-findfp.o)
 .debug_frame   0x00002afc       0x30 c:/freescale/kdsk_1.3.0/toolchain/bin/../lib/gcc/arm-none-eabi/4.8.4/../../../../arm-none-eabi/lib/armv7e-m/fpu\libg_s.a(lib_a-makebuf.o)
 .debug_frame   0x00002b2c       0x28 c:/freescale/kdsk_1.3.0/toolchain/bin/../lib/gcc/arm-none-eabi/4.8.4/../../../../arm-none-eabi/lib/armv7e-m/fpu\libg_s.a(lib_a-memchr-stub.o)
 .debug_frame   0x00002b54       0x2c c:/freescale/kdsk_1.3.0/toolchain/bin/../lib/gcc/arm-none-eabi/4.8.4/../../../../arm-none-eabi/lib/armv7e-m/fpu\libg_s.a(lib_a-nano-freer.o)
 .debug_frame   0x00002b80       0x2c c:/freescale/kdsk_1.3.0/toolchain/bin/../lib/gcc/arm-none-eabi/4.8.4/../../../../arm-none-eabi/lib/armv7e-m/fpu\libg_s.a(lib_a-nano-mallocr.o)
 .debug_frame   0x00002bac       0x2c c:/freescale/kdsk_1.3.0/toolchain/bin/../lib/gcc/arm-none-eabi/4.8.4/../../../../arm-none-eabi/lib/armv7e-m/fpu\libg_s.a(lib_a-sbrkr.o)
 .debug_frame   0x00002bd8       0x80 c:/freescale/kdsk_1.3.0/toolchain/bin/../lib/gcc/arm-none-eabi/4.8.4/../../../../arm-none-eabi/lib/armv7e-m/fpu\libg_s.a(lib_a-stdio.o)
 .debug_frame   0x00002c58       0x2c c:/freescale/kdsk_1.3.0/toolchain/bin/../lib/gcc/arm-none-eabi/4.8.4/../../../../arm-none-eabi/lib/armv7e-m/fpu\libg_s.a(lib_a-writer.o)
 .debug_frame   0x00002c84       0x2c c:/freescale/kdsk_1.3.0/toolchain/bin/../lib/gcc/arm-none-eabi/4.8.4/../../../../arm-none-eabi/lib/armv7e-m/fpu\libg_s.a(lib_a-closer.o)
 .debug_frame   0x00002cb0       0x2c c:/freescale/kdsk_1.3.0/toolchain/bin/../lib/gcc/arm-none-eabi/4.8.4/../../../../arm-none-eabi/lib/armv7e-m/fpu\libg_s.a(lib_a-fstatr.o)
 .debug_frame   0x00002cdc       0x2c c:/freescale/kdsk_1.3.0/toolchain/bin/../lib/gcc/arm-none-eabi/4.8.4/../../../../arm-none-eabi/lib/armv7e-m/fpu\libg_s.a(lib_a-isattyr.o)
 .debug_frame   0x00002d08       0x2c c:/freescale/kdsk_1.3.0/toolchain/bin/../lib/gcc/arm-none-eabi/4.8.4/../../../../arm-none-eabi/lib/armv7e-m/fpu\libg_s.a(lib_a-lseekr.o)
 .debug_frame   0x00002d34       0x2c c:/freescale/kdsk_1.3.0/toolchain/bin/../lib/gcc/arm-none-eabi/4.8.4/../../../../arm-none-eabi/lib/armv7e-m/fpu\libg_s.a(lib_a-readr.o)
 .debug_frame   0x00002d60       0x48 c:/freescale/kdsk_1.3.0/toolchain/bin/../lib/gcc/arm-none-eabi/4.8.4/../../../../arm-none-eabi/lib/armv7e-m/fpu\libg_s.a(lib_a-reent.o)
 .debug_frame   0x00002da8       0x20 c:/freescale/kdsk_1.3.0/toolchain/bin/../lib/gcc/arm-none-eabi/4.8.4/../../../../arm-none-eabi/lib/armv7e-m/fpu\libnosys.a(close.o)
 .debug_frame   0x00002dc8       0x20 c:/freescale/kdsk_1.3.0/toolchain/bin/../lib/gcc/arm-none-eabi/4.8.4/../../../../arm-none-eabi/lib/armv7e-m/fpu\libnosys.a(fstat.o)
 .debug_frame   0x00002de8       0x20 c:/freescale/kdsk_1.3.0/toolchain/bin/../lib/gcc/arm-none-eabi/4.8.4/../../../../arm-none-eabi/lib/armv7e-m/fpu\libnosys.a(isatty.o)
 .debug_frame   0x00002e08       0x20 c:/freescale/kdsk_1.3.0/toolchain/bin/../lib/gcc/arm-none-eabi/4.8.4/../../../../arm-none-eabi/lib/armv7e-m/fpu\libnosys.a(lseek.o)
 .debug_frame   0x00002e28       0x20 c:/freescale/kdsk_1.3.0/toolchain/bin/../lib/gcc/arm-none-eabi/4.8.4/../../../../arm-none-eabi/lib/armv7e-m/fpu\libnosys.a(sbrk.o)
 .debug_frame   0x00002e48       0x20 c:/freescale/kdsk_1.3.0/toolchain/bin/../lib/gcc/arm-none-eabi/4.8.4/../../../../arm-none-eabi/lib/armv7e-m/fpu\libnosys.a(_exit.o)

.stab           0x00000000       0x6c
 .stab          0x00000000       0x24 c:/freescale/kdsk_1.3.0/toolchain/bin/../lib/gcc/arm-none-eabi/4.8.4/../../../../arm-none-eabi/lib/armv7e-m/fpu\libnosys.a(close.o)
 .stab          0x00000024       0x18 c:/freescale/kdsk_1.3.0/toolchain/bin/../lib/gcc/arm-none-eabi/4.8.4/../../../../arm-none-eabi/lib/armv7e-m/fpu\libnosys.a(fstat.o)
                                 0x24 (size before relaxing)
 .stab          0x0000003c       0x18 c:/freescale/kdsk_1.3.0/toolchain/bin/../lib/gcc/arm-none-eabi/4.8.4/../../../../arm-none-eabi/lib/armv7e-m/fpu\libnosys.a(isatty.o)
                                 0x24 (size before relaxing)
 .stab          0x00000054       0x18 c:/freescale/kdsk_1.3.0/toolchain/bin/../lib/gcc/arm-none-eabi/4.8.4/../../../../arm-none-eabi/lib/armv7e-m/fpu\libnosys.a(lseek.o)
                                 0x24 (size before relaxing)

.stabstr        0x00000000       0xe3
 .stabstr       0x00000000       0xe3 c:/freescale/kdsk_1.3.0/toolchain/bin/../lib/gcc/arm-none-eabi/4.8.4/../../../../arm-none-eabi/lib/armv7e-m/fpu\libnosys.a(close.o)
