Archive member included because of file (symbol)

c:/freescale/kdsk_1.3.0/toolchain/bin/../lib/gcc/arm-none-eabi/4.8.4/armv7e-m/fpu\libgcc.a(_aeabi_ldivmod.o)
                              ./Generated_Code/UTIL1.o (__aeabi_ldivmod)
c:/freescale/kdsk_1.3.0/toolchain/bin/../lib/gcc/arm-none-eabi/4.8.4/armv7e-m/fpu\libgcc.a(_aeabi_uldivmod.o)
                              ./Generated_Code/XF1.o (__aeabi_uldivmod)
c:/freescale/kdsk_1.3.0/toolchain/bin/../lib/gcc/arm-none-eabi/4.8.4/armv7e-m/fpu\libgcc.a(bpabi.o)
                              c:/freescale/kdsk_1.3.0/toolchain/bin/../lib/gcc/arm-none-eabi/4.8.4/armv7e-m/fpu\libgcc.a(_aeabi_ldivmod.o) (__gnu_ldivmod_helper)
c:/freescale/kdsk_1.3.0/toolchain/bin/../lib/gcc/arm-none-eabi/4.8.4/armv7e-m/fpu\libgcc.a(_dvmd_tls.o)
                              c:/freescale/kdsk_1.3.0/toolchain/bin/../lib/gcc/arm-none-eabi/4.8.4/armv7e-m/fpu\libgcc.a(_aeabi_ldivmod.o) (__aeabi_ldiv0)
c:/freescale/kdsk_1.3.0/toolchain/bin/../lib/gcc/arm-none-eabi/4.8.4/armv7e-m/fpu\libgcc.a(_divdi3.o)
                              c:/freescale/kdsk_1.3.0/toolchain/bin/../lib/gcc/arm-none-eabi/4.8.4/armv7e-m/fpu\libgcc.a(bpabi.o) (__divdi3)
c:/freescale/kdsk_1.3.0/toolchain/bin/../lib/gcc/arm-none-eabi/4.8.4/armv7e-m/fpu\libgcc.a(_udivdi3.o)
                              c:/freescale/kdsk_1.3.0/toolchain/bin/../lib/gcc/arm-none-eabi/4.8.4/armv7e-m/fpu\libgcc.a(bpabi.o) (__udivdi3)
c:/freescale/kdsk_1.3.0/toolchain/bin/../lib/gcc/arm-none-eabi/4.8.4/../../../../arm-none-eabi/lib/armv7e-m/fpu\libg_s.a(lib_a-exit.o)
                              c:/freescale/kdsk_1.3.0/toolchain/bin/../lib/gcc/arm-none-eabi/4.8.4/../../../../arm-none-eabi/lib/armv7e-m/fpu/crt0.o (exit)
c:/freescale/kdsk_1.3.0/toolchain/bin/../lib/gcc/arm-none-eabi/4.8.4/../../../../arm-none-eabi/lib/armv7e-m/fpu\libg_s.a(lib_a-impure.o)
                              c:/freescale/kdsk_1.3.0/toolchain/bin/../lib/gcc/arm-none-eabi/4.8.4/../../../../arm-none-eabi/lib/armv7e-m/fpu\libg_s.a(lib_a-exit.o) (_global_impure_ptr)
c:/freescale/kdsk_1.3.0/toolchain/bin/../lib/gcc/arm-none-eabi/4.8.4/../../../../arm-none-eabi/lib/armv7e-m/fpu\libg_s.a(lib_a-init.o)
                              c:/freescale/kdsk_1.3.0/toolchain/bin/../lib/gcc/arm-none-eabi/4.8.4/../../../../arm-none-eabi/lib/armv7e-m/fpu/crt0.o (__libc_init_array)
c:/freescale/kdsk_1.3.0/toolchain/bin/../lib/gcc/arm-none-eabi/4.8.4/../../../../arm-none-eabi/lib/armv7e-m/fpu\libg_s.a(lib_a-memset.o)
                              c:/freescale/kdsk_1.3.0/toolchain/bin/../lib/gcc/arm-none-eabi/4.8.4/../../../../arm-none-eabi/lib/armv7e-m/fpu/crt0.o (memset)
c:/freescale/kdsk_1.3.0/toolchain/bin/../lib/gcc/arm-none-eabi/4.8.4/../../../../arm-none-eabi/lib/armv7e-m/fpu\libg_s.a(lib_a-printf.o)
                              ./Sources/main.o (printf)
c:/freescale/kdsk_1.3.0/toolchain/bin/../lib/gcc/arm-none-eabi/4.8.4/../../../../arm-none-eabi/lib/armv7e-m/fpu\libg_s.a(lib_a-puts.o)
                              ./Sources/Events.o (puts)
c:/freescale/kdsk_1.3.0/toolchain/bin/../lib/gcc/arm-none-eabi/4.8.4/../../../../arm-none-eabi/lib/armv7e-m/fpu\libg_s.a(lib_a-rand.o)
                              ./Generated_Code/UTIL1.o (srand)
c:/freescale/kdsk_1.3.0/toolchain/bin/../lib/gcc/arm-none-eabi/4.8.4/../../../../arm-none-eabi/lib/armv7e-m/fpu\libg_s.a(lib_a-strchr.o)
                              ./Generated_Code/UTIL1.o (strchr)
c:/freescale/kdsk_1.3.0/toolchain/bin/../lib/gcc/arm-none-eabi/4.8.4/../../../../arm-none-eabi/lib/armv7e-m/fpu\libg_s.a(lib_a-strcmp.o)
                              ./Generated_Code/BT1.o (strcmp)
c:/freescale/kdsk_1.3.0/toolchain/bin/../lib/gcc/arm-none-eabi/4.8.4/../../../../arm-none-eabi/lib/armv7e-m/fpu\libg_s.a(lib_a-strlen.o)
                              ./Generated_Code/BT1.o (strlen)
c:/freescale/kdsk_1.3.0/toolchain/bin/../lib/gcc/arm-none-eabi/4.8.4/../../../../arm-none-eabi/lib/armv7e-m/fpu\libg_s.a(lib_a-strncmp.o)
                              ./Generated_Code/BT1.o (strncmp)
c:/freescale/kdsk_1.3.0/toolchain/bin/../lib/gcc/arm-none-eabi/4.8.4/../../../../arm-none-eabi/lib/armv7e-m/fpu\libg_s.a(lib_a-vfprintf.o)
                              c:/freescale/kdsk_1.3.0/toolchain/bin/../lib/gcc/arm-none-eabi/4.8.4/../../../../arm-none-eabi/lib/armv7e-m/fpu\libg_s.a(lib_a-printf.o) (_vfprintf_r)
c:/freescale/kdsk_1.3.0/toolchain/bin/../lib/gcc/arm-none-eabi/4.8.4/../../../../arm-none-eabi/lib/armv7e-m/fpu\libg_s.a(lib_a-vfprintf_i.o)
                              c:/freescale/kdsk_1.3.0/toolchain/bin/../lib/gcc/arm-none-eabi/4.8.4/../../../../arm-none-eabi/lib/armv7e-m/fpu\libg_s.a(lib_a-vfprintf.o) (_printf_i)
c:/freescale/kdsk_1.3.0/toolchain/bin/../lib/gcc/arm-none-eabi/4.8.4/../../../../arm-none-eabi/lib/armv7e-m/fpu\libg_s.a(lib_a-wbuf.o)
[...]
Memory Configuration

Name             Origin             Length             Attributes
m_interrupts     0x00000000         0x00000198         xr
m_text           0x00000410         0x000ffbf0         xr
m_data_1FFF0000  0x1fff0000         0x00010000         rw
m_data           0x20000000         0x00030000         rw
m_cfmprotrom     0x00000400         0x00000010         xr
*default*        0x00000000         0xffffffff

Linker script and memory map

LOAD c:/freescale/kdsk_1.3.0/toolchain/bin/../lib/gcc/arm-none-eabi/4.8.4/armv7e-m/fpu/crti.o
LOAD c:/freescale/kdsk_1.3.0/toolchain/bin/../lib/gcc/arm-none-eabi/4.8.4/armv7e-m/fpu/crtbegin.o
LOAD c:/freescale/kdsk_1.3.0/toolchain/bin/../lib/gcc/arm-none-eabi/4.8.4/../../../../arm-none-eabi/lib/armv7e-m/fpu/crt0.o
LOAD ./Static_Code/System/CPU_Init.o
LOAD ./Static_Code/System/Peripherals_Init.o
LOAD ./Static_Code/System/Vectors.o
LOAD ./Sources/Events.o
LOAD ./Sources/MAX30102.o
LOAD ./Sources/algorithm.o
LOAD ./Sources/main.o
LOAD ./Project_Settings/Startup_Code/startup.o
LOAD ./Generated_Code/ASerialLdd1.o
LOAD ./Generated_Code/BT1.o
LOAD ./Generated_Code/CI2C1.o
LOAD ./Generated_Code/CLS1.o
LOAD ./Generated_Code/CS1.o
LOAD ./Generated_Code/Cpu.o
LOAD ./Generated_Code/CsIO1.o
LOAD ./Generated_Code/EInt1.o
LOAD ./Generated_Code/ExtIntLdd1.o
LOAD ./Generated_Code/GI2C1.o
LOAD ./Generated_Code/IO1.o
LOAD ./Generated_Code/MCUC1.o
LOAD ./Generated_Code/PE_LDD.o
LOAD ./Generated_Code/Pins1.o
LOAD ./Generated_Code/Serial1.o
LOAD ./Generated_Code/UTIL1.o
LOAD ./Generated_Code/WAIT1.o
LOAD ./Generated_Code/XF1.o
LOAD c:/freescale/kdsk_1.3.0/toolchain/bin/../lib/gcc/arm-none-eabi/4.8.4/../../../../arm-none-eabi/lib/armv7e-m/fpu\libstdc++_s.a
LOAD c:/freescale/kdsk_1.3.0/toolchain/bin/../lib/gcc/arm-none-eabi/4.8.4/../../../../arm-none-eabi/lib/armv7e-m/fpu\libm.a
START GROUP
LOAD c:/freescale/kdsk_1.3.0/toolchain/bin/../lib/gcc/arm-none-eabi/4.8.4/armv7e-m/fpu\libgcc.a
LOAD c:/freescale/kdsk_1.3.0/toolchain/bin/../lib/gcc/arm-none-eabi/4.8.4/../../../../arm-none-eabi/lib/armv7e-m/fpu\libg_s.a
LOAD c:/freescale/kdsk_1.3.0/toolchain/bin/../lib/gcc/arm-none-eabi/4.8.4/../../../../arm-none-eabi/lib/armv7e-m/fpu\libc_s.a
END GROUP
START GROUP
LOAD c:/freescale/kdsk_1.3.0/toolchain/bin/../lib/gcc/arm-none-eabi/4.8.4/armv7e-m/fpu\libgcc.a
LOAD c:/freescale/kdsk_1.3.0/toolchain/bin/../lib/gcc/arm-none-eabi/4.8.4/../../../../arm-none-eabi/lib/armv7e-m/fpu\libc_s.a
LOAD c:/freescale/kdsk_1.3.0/toolchain/bin/../lib/gcc/arm-none-eabi/4.8.4/../../../../arm-none-eabi/lib/armv7e-m/fpu\libnosys.a
END GROUP
START GROUP
LOAD c:/freescale/kdsk_1.3.0/toolchain/bin/../lib/gcc/arm-none-eabi/4.8.4/armv7e-m/fpu\libgcc.a
LOAD c:/freescale/kdsk_1.3.0/toolchain/bin/../lib/gcc/arm-none-eabi/4.8.4/../../../../arm-none-eabi/lib/armv7e-m/fpu\libc_s.a
LOAD c:/freescale/kdsk_1.3.0/toolchain/bin/../lib/gcc/arm-none-eabi/4.8.4/../../../../arm-none-eabi/lib/armv7e-m/fpu\libnosys.a
END GROUP
LOAD c:/freescale/kdsk_1.3.0/toolchain/bin/../lib/gcc/arm-none-eabi/4.8.4/armv7e-m/fpu/crtend.o
LOAD c:/freescale/kdsk_1.3.0/toolchain/bin/../lib/gcc/arm-none-eabi/4.8.4/armv7e-m/fpu/crtn.o
                0x20030000                _estack = 0x20030000
                0x20030000                __SP_INIT = _estack
                0x20030000                __stack = _estack
                0x00000000                __heap_size = 0x0
                0x00000400                __stack_size = 0x400

.interrupts     0x00000000      0x198
                0x00000000                __vector_table = .
                0x00000000                . = ALIGN (0x4)
 *(.vectortable)
 .vectortable   0x00000000      0x198 ./Static_Code/System/Vectors.o
                0x00000000                __vect_table
                0x00000198                . = ALIGN (0x4)

.cfmprotect     0x00000400        0x0
                0x00000400                . = ALIGN (0x4)
 *(.cfmconfig)
                0x00000400                . = ALIGN (0x4)

.text           0x00000410     0x66ec
                0x00000410                . = ALIGN (0x4)
 *(.text)
 .text          0x00000410       0x54 c:/freescale/kdsk_1.3.0/toolchain/bin/../lib/gcc/arm-none-eabi/4.8.4/armv7e-m/fpu/crtbegin.o
 .text          0x00000464       0x74 c:/freescale/kdsk_1.3.0/toolchain/bin/../lib/gcc/arm-none-eabi/4.8.4/../../../../arm-none-eabi/lib/armv7e-m/fpu/crt0.o
                0x00000464                _start
                0x00000464                _mainCRTStartup
 .text          0x000004d8       0x14 c:/freescale/kdsk_1.3.0/toolchain/bin/../lib/gcc/arm-none-eabi/4.8.4/../../../../arm-none-eabi/lib/armv7e-m/fpu\libg_s.a(lib_a-strcmp.o)
                0x000004d8                strcmp
 *(.text*)
 .text.CPU_SetBASEPRI
                0x000004ec       0x18 ./Static_Code/System/CPU_Init.o
                0x000004ec                CPU_SetBASEPRI
 .text.__init_hardware
                0x00000504       0xdc ./Static_Code/System/CPU_Init.o
                0x00000504                __init_hardware
 .text.PE_low_level_init
                0x000005e0       0x14 ./Static_Code/System/CPU_Init.o
                0x000005e0                PE_low_level_init
 .text.CPU_GetClockGenMode
                0x000005f4       0x90 ./Static_Code/System/CPU_Init.o
                0x000005f4                CPU_GetClockGenMode
 .text.CPU_SetClockConfigGenMode
                0x00000684      0x54c ./Static_Code/System/CPU_Init.o
                0x00000684                CPU_SetClockConfigGenMode
 .text.CPU_GetClockConfiguration
                0x00000bd0       0x18 ./Static_Code/System/CPU_Init.o
                0x00000bd0                CPU_GetClockConfiguration
 .text.Unhandled_ivINT_Hard_Fault
                0x00000be8       0x18 ./Static_Code/System/Vectors.o
                0x00000be8                Unhandled_ivINT_Hard_Fault
 .text.Unhandled_ivINT_Mem_Manage_Fault
                0x00000c00       0x18 ./Static_Code/System/Vectors.o
                0x00000c00                Unhandled_ivINT_Mem_Manage_Fault
 .text.Unhandled_ivINT_Bus_Fault
                0x00000c18       0x18 ./Static_Code/System/Vectors.o
                0x00000c18                Unhandled_ivINT_Bus_Fault
 .text.Unhandled_ivINT_Usage_Fault
                0x00000c30       0x18 ./Static_Code/System/Vectors.o
                0x00000c30                Unhandled_ivINT_Usage_Fault
 .text.Unhandled_ivINT_Reserved7
                0x00000c48       0x18 ./Static_Code/System/Vectors.o
                0x00000c48                Unhandled_ivINT_Reserved7
 .text.Unhandled_ivINT_Reserved8
                0x00000c60       0x18 ./Static_Code/System/Vectors.o
                0x00000c60                Unhandled_ivINT_Reserved8
 .text.Unhandled_ivINT_Reserved9
                0x00000c78       0x18 ./Static_Code/System/Vectors.o
                0x00000c78                Unhandled_ivINT_Reserved9
 .text.Unhandled_ivINT_Reserved10
                0x00000c90       0x18 ./Static_Code/System/Vectors.o
                0x00000c90                Unhandled_ivINT_Reserved10
 .text.Unhandled_ivINT_SVCall
                0x00000ca8       0x18 ./Static_Code/System/Vectors.o
                0x00000ca8                Unhandled_ivINT_SVCall
 .text.Unhandled_ivINT_DebugMonitor
                0x00000cc0       0x18 ./Static_Code/System/Vectors.o
                0x00000cc0                Unhandled_ivINT_DebugMonitor
 .text.Unhandled_ivINT_Reserved13
                0x00000cd8       0x18 ./Static_Code/System/Vectors.o
                0x00000cd8                Unhandled_ivINT_Reserved13
 .text.Unhandled_ivINT_PendableSrvReq
                0x00000cf0       0x18 ./Static_Code/System/Vectors.o
                0x00000cf0                Unhandled_ivINT_PendableSrvReq
 .text.Unhandled_ivINT_SysTick
                0x00000d08       0x18 ./Static_Code/System/Vectors.o
                0x00000d08                Unhandled_ivINT_SysTick
 .text.Unhandled_ivINT_DMA0
                0x00000d20       0x18 ./Static_Code/System/Vectors.o
                0x00000d20                Unhandled_ivINT_DMA0
 .text.Unhandled_ivINT_DMA1
                0x00000d38       0x18 ./Static_Code/System/Vectors.o
                0x00000d38                Unhandled_ivINT_DMA1
 .text.Unhandled_ivINT_DMA2
                0x00000d50       0x18 ./Static_Code/System/Vectors.o
                0x00000d50                Unhandled_ivINT_DMA2
 .text.Unhandled_ivINT_DMA3
                0x00000d68       0x18 ./Static_Code/System/Vectors.o
                0x00000d68                Unhandled_ivINT_DMA3
 .text.Unhandled_ivINT_DMA4
                0x00000d80       0x18 ./Static_Code/System/Vectors.o
                0x00000d80                Unhandled_ivINT_DMA4
 .text.Unhandled_ivINT_DMA5
                0x00000d98       0x18 ./Static_Code/System/Vectors.o
                0x00000d98                Unhandled_ivINT_DMA5
 .text.Unhandled_ivINT_DMA6
                0x00000db0       0x18 ./Static_Code/System/Vectors.o
                0x00000db0                Unhandled_ivINT_DMA6
 .text.Unhandled_ivINT_DMA7
                0x00000dc8       0x18 ./Static_Code/System/Vectors.o
                0x00000dc8                Unhandled_ivINT_DMA7
 .text.Unhandled_ivINT_DMA8
                0x00000de0       0x18 ./Static_Code/System/Vectors.o
                0x00000de0                Unhandled_ivINT_DMA8
 .text.Unhandled_ivINT_DMA9
                0x00000df8       0x18 ./Static_Code/System/Vectors.o
                0x00000df8                Unhandled_ivINT_DMA9
 .text.Unhandled_ivINT_DMA10
                0x00000e10       0x18 ./Static_Code/System/Vectors.o
                0x00000e10                Unhandled_ivINT_DMA10
 .text.Unhandled_ivINT_DMA11
                0x00000e28       0x18 ./Static_Code/System/Vectors.o
                0x00000e28                Unhandled_ivINT_DMA11
 .text.Unhandled_ivINT_DMA12
                0x00000e40       0x18 ./Static_Code/System/Vectors.o
                0x00000e40                Unhandled_ivINT_DMA12
 .text.Unhandled_ivINT_DMA13
                0x00000e58       0x18 ./Static_Code/System/Vectors.o
                0x00000e58                Unhandled_ivINT_DMA13
 .text.Unhandled_ivINT_DMA14
                0x00000e70       0x18 ./Static_Code/System/Vectors.o
                0x00000e70                Unhandled_ivINT_DMA14
 .text.Unhandled_ivINT_DMA15
                0x00000e88       0x18 ./Static_Code/System/Vectors.o
                0x00000e88                Unhandled_ivINT_DMA15
 .text.Unhandled_ivINT_DMA_Error
                0x00000ea0       0x18 ./Static_Code/System/Vectors.o
                0x00000ea0                Unhandled_ivINT_DMA_Error
 .text.Unhandled_ivINT_MCM
                0x00000eb8       0x18 ./Static_Code/System/Vectors.o
                0x00000eb8                Unhandled_ivINT_MCM
 .text.Unhandled_ivINT_FTFE
                0x00000ed0       0x18 ./Static_Code/System/Vectors.o
                0x00000ed0                Unhandled_ivINT_FTFE
 .text.Unhandled_ivINT_Read_Collision
                0x00000ee8       0x18 ./Static_Code/System/Vectors.o
                0x00000ee8                Unhandled_ivINT_Read_Collision
 .text.Unhandled_ivINT_LVD_LVW
                0x00000f00       0x18 ./Static_Code/System/Vectors.o
                0x00000f00                Unhandled_ivINT_LVD_LVW
 .text.Unhandled_ivINT_LLWU
                0x00000f18       0x18 ./Static_Code/System/Vectors.o
                0x00000f18                Unhandled_ivINT_LLWU
 .text.Unhandled_ivINT_WDOG_EWM
                0x00000f30       0x18 ./Static_Code/System/Vectors.o
                0x00000f30                Unhandled_ivINT_WDOG_EWM
 .text.Unhandled_ivINT_RNG
                0x00000f48       0x18 ./Static_Code/System/Vectors.o
                0x00000f48                Unhandled_ivINT_RNG
 .text.Unhandled_ivINT_I2C1
                0x00000f60       0x18 ./Static_Code/System/Vectors.o
                0x00000f60                Unhandled_ivINT_I2C1
 .text.Unhandled_ivINT_SPI0
                0x00000f78       0x18 ./Static_Code/System/Vectors.o
                0x00000f78                Unhandled_ivINT_SPI0
 .text.Unhandled_ivINT_SPI1
                0x00000f90       0x18 ./Static_Code/System/Vectors.o
                0x00000f90                Unhandled_ivINT_SPI1
 .text.Unhandled_ivINT_I2S0_Tx
                0x00000fa8       0x18 ./Static_Code/System/Vectors.o
                0x00000fa8                Unhandled_ivINT_I2S0_Tx
 .text.Unhandled_ivINT_I2S0_Rx
                0x00000fc0       0x18 ./Static_Code/System/Vectors.o
                0x00000fc0                Unhandled_ivINT_I2S0_Rx
 .text.Unhandled_ivINT_UART0_LON
                0x00000fd8       0x18 ./Static_Code/System/Vectors.o
                0x00000fd8                Unhandled_ivINT_UART0_LON
 .text.Unhandled_ivINT_UART0_RX_TX
                0x00000ff0       0x18 ./Static_Code/System/Vectors.o
                0x00000ff0                Unhandled_ivINT_UART0_RX_TX
 .text.Unhandled_ivINT_UART0_ERR
                0x00001008       0x18 ./Static_Code/System/Vectors.o
                0x00001008                Unhandled_ivINT_UART0_ERR
 .text.Unhandled_ivINT_UART1_RX_TX
                0x00001020       0x18 ./Static_Code/System/Vectors.o
                0x00001020                Unhandled_ivINT_UART1_RX_TX
 .text.Unhandled_ivINT_UART1_ERR
                0x00001038       0x18 ./Static_Code/System/Vectors.o
                0x00001038                Unhandled_ivINT_UART1_ERR
 .text.Unhandled_ivINT_UART2_RX_TX
                0x00001050       0x18 ./Static_Code/System/Vectors.o
                0x00001050                Unhandled_ivINT_UART2_RX_TX
 .text.Unhandled_ivINT_UART2_ERR
                0x00001068       0x18 ./Static_Code/System/Vectors.o
                0x00001068                Unhandled_ivINT_UART2_ERR
 .text.Unhandled_ivINT_UART3_RX_TX
                0x00001080       0x18 ./Static_Code/System/Vectors.o
                0x00001080                Unhandled_ivINT_UART3_RX_TX
 .text.Unhandled_ivINT_UART3_ERR
                0x00001098       0x18 ./Static_Code/System/Vectors.o
                0x00001098                Unhandled_ivINT_UART3_ERR
 .text.Unhandled_ivINT_ADC0
                0x000010b0       0x18 ./Static_Code/System/Vectors.o
                0x000010b0                Unhandled_ivINT_ADC0
 .text.Unhandled_ivINT_CMP0
                0x000010c8       0x18 ./Static_Code/System/Vectors.o
                0x000010c8                Unhandled_ivINT_CMP0
 .text.Unhandled_ivINT_CMP1
                0x000010e0       0x18 ./Static_Code/System/Vectors.o
                0x000010e0                Unhandled_ivINT_CMP1
 .text.Unhandled_ivINT_FTM0
                0x000010f8       0x18 ./Static_Code/System/Vectors.o
                0x000010f8                Unhandled_ivINT_FTM0
 .text.Unhandled_ivINT_FTM1
                0x00001110       0x18 ./Static_Code/System/Vectors.o
                0x00001110                Unhandled_ivINT_FTM1
 .text.Unhandled_ivINT_FTM2
                0x00001128       0x18 ./Static_Code/System/Vectors.o
                0x00001128                Unhandled_ivINT_FTM2
 .text.Unhandled_ivINT_CMT
                0x00001140       0x18 ./Static_Code/System/Vectors.o
                0x00001140                Unhandled_ivINT_CMT
 .text.Unhandled_ivINT_RTC
                0x00001158       0x18 ./Static_Code/System/Vectors.o
                0x00001158                Unhandled_ivINT_RTC
 .text.Unhandled_ivINT_RTC_Seconds
                0x00001170       0x18 ./Static_Code/System/Vectors.o
                0x00001170                Unhandled_ivINT_RTC_Seconds
 .text.Unhandled_ivINT_PIT0
                0x00001188       0x18 ./Static_Code/System/Vectors.o
                0x00001188                Unhandled_ivINT_PIT0
 .text.Unhandled_ivINT_PIT1
                0x000011a0       0x18 ./Static_Code/System/Vectors.o
                0x000011a0                Unhandled_ivINT_PIT1
 .text.Unhandled_ivINT_PIT2
                0x000011b8       0x18 ./Static_Code/System/Vectors.o
                0x000011b8                Unhandled_ivINT_PIT2
 .text.Unhandled_ivINT_PIT3
                0x000011d0       0x18 ./Static_Code/System/Vectors.o
                0x000011d0                Unhandled_ivINT_PIT3
 .text.Unhandled_ivINT_PDB0
                0x000011e8       0x18 ./Static_Code/System/Vectors.o
                0x000011e8                Unhandled_ivINT_PDB0
 .text.Unhandled_ivINT_USB0
                0x00001200       0x18 ./Static_Code/System/Vectors.o
                0x00001200                Unhandled_ivINT_USB0
 .text.Unhandled_ivINT_USBDCD
                0x00001218       0x18 ./Static_Code/System/Vectors.o
                0x00001218                Unhandled_ivINT_USBDCD
 .text.Unhandled_ivINT_Reserved71
                0x00001230       0x18 ./Static_Code/System/Vectors.o
                0x00001230                Unhandled_ivINT_Reserved71
 .text.Unhandled_ivINT_DAC0
                0x00001248       0x18 ./Static_Code/System/Vectors.o
                0x00001248                Unhandled_ivINT_DAC0
 .text.Unhandled_ivINT_MCG
                0x00001260       0x18 ./Static_Code/System/Vectors.o
                0x00001260                Unhandled_ivINT_MCG
 .text.Unhandled_ivINT_LPTMR0
                0x00001278       0x18 ./Static_Code/System/Vectors.o
                0x00001278                Unhandled_ivINT_LPTMR0
 .text.Unhandled_ivINT_PORTA
                0x00001290       0x18 ./Static_Code/System/Vectors.o
                0x00001290                Unhandled_ivINT_PORTA
 .text.Unhandled_ivINT_PORTB
                0x000012a8       0x18 ./Static_Code/System/Vectors.o
                0x000012a8                Unhandled_ivINT_PORTB
 .text.Unhandled_ivINT_PORTC
                0x000012c0       0x18 ./Static_Code/System/Vectors.o
                0x000012c0                Unhandled_ivINT_PORTC
 .text.Unhandled_ivINT_PORTE
                0x000012d8       0x18 ./Static_Code/System/Vectors.o
                0x000012d8                Unhandled_ivINT_PORTE
 .text.Unhandled_ivINT_SWI
                0x000012f0       0x18 ./Static_Code/System/Vectors.o
                0x000012f0                Unhandled_ivINT_SWI
 .text.Unhandled_ivINT_SPI2
                0x00001308       0x18 ./Static_Code/System/Vectors.o
                0x00001308                Unhandled_ivINT_SPI2
 .text.Unhandled_ivINT_UART5_RX_TX
                0x00001320       0x18 ./Static_Code/System/Vectors.o
                0x00001320                Unhandled_ivINT_UART5_RX_TX
 .text.Unhandled_ivINT_UART5_ERR
                0x00001338       0x18 ./Static_Code/System/Vectors.o
                0x00001338                Unhandled_ivINT_UART5_ERR
 .text.Unhandled_ivINT_CMP2
                0x00001350       0x18 ./Static_Code/System/Vectors.o
                0x00001350                Unhandled_ivINT_CMP2
 .text.Unhandled_ivINT_FTM3
                0x00001368       0x18 ./Static_Code/System/Vectors.o
                0x00001368                Unhandled_ivINT_FTM3
 .text.Unhandled_ivINT_Reserved88
                0x00001380       0x18 ./Static_Code/System/Vectors.o
                0x00001380                Unhandled_ivINT_Reserved88
 .text.Unhandled_ivINT_ADC1
                0x00001398       0x18 ./Static_Code/System/Vectors.o
                0x00001398                Unhandled_ivINT_ADC1
 .text.Unhandled_ivINT_I2C2
                0x000013b0       0x18 ./Static_Code/System/Vectors.o
                0x000013b0                Unhandled_ivINT_I2C2
 .text.Unhandled_ivINT_CAN0_ORed_Message_buffer
                0x000013c8       0x18 ./Static_Code/System/Vectors.o
                0x000013c8                Unhandled_ivINT_CAN0_ORed_Message_buffer
 .text.Unhandled_ivINT_CAN0_Bus_Off
                0x000013e0       0x18 ./Static_Code/System/Vectors.o
                0x000013e0                Unhandled_ivINT_CAN0_Bus_Off
 .text.Unhandled_ivINT_CAN0_Error
                0x000013f8       0x18 ./Static_Code/System/Vectors.o
                0x000013f8                Unhandled_ivINT_CAN0_Error
 .text.Unhandled_ivINT_CAN0_Tx_Warning
                0x00001410       0x18 ./Static_Code/System/Vectors.o
                0x00001410                Unhandled_ivINT_CAN0_Tx_Warning
 .text.Unhandled_ivINT_CAN0_Rx_Warning
                0x00001428       0x18 ./Static_Code/System/Vectors.o
                0x00001428                Unhandled_ivINT_CAN0_Rx_Warning
 .text.Unhandled_ivINT_CAN0_Wake_Up
                0x00001440       0x18 ./Static_Code/System/Vectors.o
                0x00001440                Unhandled_ivINT_CAN0_Wake_Up
 .text.Unhandled_ivINT_SDHC
                0x00001458       0x18 ./Static_Code/System/Vectors.o
                0x00001458                Unhandled_ivINT_SDHC
 .text.Unhandled_ivINT_ENET_1588_Timer
                0x00001470       0x18 ./Static_Code/System/Vectors.o
                0x00001470                Unhandled_ivINT_ENET_1588_Timer
 .text.Unhandled_ivINT_ENET_Transmit
                0x00001488       0x18 ./Static_Code/System/Vectors.o
                0x00001488                Unhandled_ivINT_ENET_Transmit
 .text.Unhandled_ivINT_ENET_Receive
                0x000014a0       0x18 ./Static_Code/System/Vectors.o
                0x000014a0                Unhandled_ivINT_ENET_Receive
 .text.Unhandled_ivINT_ENET_Error
                0x000014b8       0x18 ./Static_Code/System/Vectors.o
                0x000014b8                Unhandled_ivINT_ENET_Error
 .text.Cpu_OnNMI
                0x000014d0       0x14 ./Sources/Events.o
                0x000014d0                Cpu_OnNMI
 .text.EInt1_OnInterrupt
                0x000014e4       0x1c ./Sources/Events.o
                0x000014e4                EInt1_OnInterrupt
 .text.maxim_max30102_init
                0x00001500       0xd0 ./Sources/MAX30102.o
                0x00001500                maxim_max30102_init
 .text.maxim_max30102_write_reg
                0x000015d0       0x44 ./Sources/MAX30102.o
                0x000015d0                maxim_max30102_write_reg
 .text.maxim_max30102_reset
                0x00001614       0x1c ./Sources/MAX30102.o
                0x00001614                maxim_max30102_reset
 .text.maxim_max30102_read_reg
                0x00001630       0x68 ./Sources/MAX30102.o
                0x00001630                maxim_max30102_read_reg
 .text.maxim_max30102_mode_change
                0x00001698       0x20 ./Sources/MAX30102.o
                0x00001698                maxim_max30102_mode_change
 .text.maxim_max30102_read_fifo
                0x000016b8      0x118 ./Sources/MAX30102.o
                0x000016b8                maxim_max30102_read_fifo
 .text.maxim_heart_rate_and_oxygen_saturation
                0x000017d0      0x94c ./Sources/algorithm.o
                0x000017d0                maxim_heart_rate_and_oxygen_saturation
 .text.maxim_find_peaks
                0x0000211c       0x40 ./Sources/algorithm.o
                0x0000211c                maxim_find_peaks
 .text.maxim_peaks_above_min_height
                0x0000215c       0xe4 ./Sources/algorithm.o
                0x0000215c                maxim_peaks_above_min_height
 .text.maxim_remove_close_peaks
                0x00002240       0xc0 ./Sources/algorithm.o
                0x00002240                maxim_remove_close_peaks
 .text.maxim_sort_ascend
                0x00002300       0x84 ./Sources/algorithm.o
                0x00002300                maxim_sort_ascend
 .text.maxim_sort_indices_descend
                0x00002384       0x94 ./Sources/algorithm.o
                0x00002384                maxim_sort_indices_descend
 .text.Delay    0x00002418       0x20 ./Sources/main.o
                0x00002418                Delay
 .text.initBT   0x00002438       0x28 ./Sources/main.o
                0x00002438                initBT
 .text.initLED  0x00002460       0x68 ./Sources/main.o
                0x00002460                initLED
 .text.PORTB_ISR
                0x000024c8       0x88 ./Sources/main.o
                0x000024c8                PORTB_ISR
 .text.main     0x00002550      0x2e4 ./Sources/main.o
                0x00002550                main
 .text.__copy_rom_section
                0x00002834       0xe4 ./Project_Settings/Startup_Code/startup.o
                0x00002834                __copy_rom_section
 .text.__copy_rom_sections_to_ram
                0x00002918       0x9c ./Project_Settings/Startup_Code/startup.o
                0x00002918                __copy_rom_sections_to_ram
 .text.__init_registers
                0x000029b4       0x20 ./Project_Settings/Startup_Code/startup.o
                0x000029b4                __init_registers
 .text.__init_user
                0x000029d4        0xc ./Project_Settings/Startup_Code/startup.o
                0x000029d4                __init_user
 .text.__thumb_startup
                0x000029e0       0x34 ./Project_Settings/Startup_Code/startup.o
                0x000029e0                __thumb_startup
 .text.ASerialLdd1_Init
                0x00002a14      0x150 ./Generated_Code/ASerialLdd1.o
                0x00002a14                ASerialLdd1_Init
 .text.ASerialLdd1_Enable
                0x00002b64       0x38 ./Generated_Code/ASerialLdd1.o
                0x00002b64                ASerialLdd1_Enable
 .text.ASerialLdd1_Disable
                0x00002b9c       0x38 ./Generated_Code/ASerialLdd1.o
                0x00002b9c                ASerialLdd1_Disable
 .text.ASerialLdd1_ReceiveBlock
                0x00002bd4       0xa8 ./Generated_Code/ASerialLdd1.o
                0x00002bd4                ASerialLdd1_ReceiveBlock
 .text.ASerialLdd1_SendBlock
                0x00002c7c       0xd4 ./Generated_Code/ASerialLdd1.o
                0x00002c7c                ASerialLdd1_SendBlock
 .text.HWEnDi   0x00002d50      0x11c ./Generated_Code/ASerialLdd1.o
 .text.InterruptRx
                0x00002e6c       0x58 ./Generated_Code/ASerialLdd1.o
 .text.InterruptTx
                0x00002ec4       0x80 ./Generated_Code/ASerialLdd1.o
 .text.ASerialLdd1_Interrupt
                0x00002f44       0xf4 ./Generated_Code/ASerialLdd1.o
                0x00002f44                ASerialLdd1_Interrupt
 .text.ASerialLdd1_SetClockConfiguration
                0x00003038       0x68 ./Generated_Code/ASerialLdd1.o
                0x00003038                ASerialLdd1_SetClockConfiguration
 .text.ASerialLdd1_GetError
                0x000030a0       0x88 ./Generated_Code/ASerialLdd1.o
                0x000030a0                ASerialLdd1_GetError
 .text.isRxError
                0x00003128      0x124 ./Generated_Code/BT1.o
 .text.RxResponse
                0x0000324c       0xd0 ./Generated_Code/BT1.o
 .text.BT1_SendATCommand
                0x0000331c       0x50 ./Generated_Code/BT1.o
                0x0000331c                BT1_SendATCommand
 .text.BT1_StdCmd
                0x0000336c       0x64 ./Generated_Code/BT1.o
                0x0000336c                BT1_StdCmd
 .text.BT1_StdOKCmd
                0x000033d0       0x28 ./Generated_Code/BT1.o
                0x000033d0                BT1_StdOKCmd
 .text.BT1_GetLastError
                0x000033f8       0x24 ./Generated_Code/BT1.o
                0x000033f8                BT1_GetLastError
 .text.BT1_Init
                0x0000341c       0x44 ./Generated_Code/BT1.o
                0x0000341c                BT1_Init
 .text.BT1_btTestUART
                0x00003460       0x14 ./Generated_Code/BT1.o
                0x00003460                BT1_btTestUART
 .text.BT1_btSetBaud
                0x00003474      0x150 ./Generated_Code/BT1.o
                0x00003474                BT1_btSetBaud
 .text.CI2C1_Interrupt
                0x000035c4      0x288 ./Generated_Code/CI2C1.o
                0x000035c4                CI2C1_Interrupt
 .text.CI2C1_Init
                0x0000384c      0x130 ./Generated_Code/CI2C1.o
                0x0000384c                CI2C1_Init
 .text.CI2C1_MasterSendBlock
                0x0000397c      0x198 ./Generated_Code/CI2C1.o
                0x0000397c                CI2C1_MasterSendBlock
 .text.CI2C1_MasterReceiveBlock
                0x00003b14      0x194 ./Generated_Code/CI2C1.o
                0x00003b14                CI2C1_MasterReceiveBlock
 .text.CI2C1_SelectSlaveDevice
                0x00003ca8       0xfc ./Generated_Code/CI2C1.o
                0x00003ca8                CI2C1_SelectSlaveDevice
 .text.HWEnDi   0x00003da4       0x7c ./Generated_Code/CI2C1.o
 .text.CI2C1_SetClockConfiguration
                0x00003e20       0x48 ./Generated_Code/CI2C1.o
                0x00003e20                CI2C1_SetClockConfiguration
 .text.CLS1_Init
                0x00003e68        0xc ./Generated_Code/CLS1.o
                0x00003e68                CLS1_Init
 .text.CS1_Init
                0x00003e74        0xc ./Generated_Code/CS1.o
                0x00003e74                CS1_Init
 .text.Common_Init
                0x00003e80       0xb0 ./Generated_Code/Cpu.o
                0x00003e80                Common_Init
 .text.Components_Init
                0x00003f30       0x38 ./Generated_Code/Cpu.o
                0x00003f30                Components_Init
 .text.Cpu_INT_NMIInterrupt
                0x00003f68       0x1c ./Generated_Code/Cpu.o
                0x00003f68                Cpu_INT_NMIInterrupt
 .text._read    0x00003f84       0x7c ./Generated_Code/CsIO1.o
                0x00003f84                _read
 .text._write   0x00004000       0x74 ./Generated_Code/CsIO1.o
                0x00004000                _write
 .text.ExtIntLdd1_OnInterrupt
                0x00004074       0x14 ./Generated_Code/EInt1.o
                0x00004074                ExtIntLdd1_OnInterrupt
 .text.ExtIntLdd1_Init
                0x00004088       0x9c ./Generated_Code/ExtIntLdd1.o
                0x00004088                ExtIntLdd1_Init
 .text.ExtIntLdd1_Interrupt
                0x00004124       0x40 ./Generated_Code/ExtIntLdd1.o
                0x00004124                ExtIntLdd1_Interrupt
 .text.GI2C1_RequestBus
                0x00004164        0xc ./Generated_Code/GI2C1.o
                0x00004164                GI2C1_RequestBus
 .text.GI2C1_ReleaseBus
                0x00004170        0xc ./Generated_Code/GI2C1.o
                0x00004170                GI2C1_ReleaseBus
 .text.GI2C1_SelectSlave
                0x0000417c       0x3c ./Generated_Code/GI2C1.o
                0x0000417c                GI2C1_SelectSlave
 .text.GI2C1_UnselectSlave
                0x000041b8       0x10 ./Generated_Code/GI2C1.o
                0x000041b8                GI2C1_UnselectSlave
 .text.GI2C1_ReadAddressWait
                0x000041c8       0xbc ./Generated_Code/GI2C1.o
                0x000041c8                GI2C1_ReadAddressWait
 .text.GI2C1_ReadAddress
                0x00004284       0x34 ./Generated_Code/GI2C1.o
                0x00004284                GI2C1_ReadAddress
 .text.GI2C1_WriteAddress
                0x000042b8       0xe0 ./Generated_Code/GI2C1.o
                0x000042b8                GI2C1_WriteAddress
 .text.CI2C1_OnMasterBlockSent
                0x00004398       0x28 ./Generated_Code/GI2C1.o
                0x00004398                CI2C1_OnMasterBlockSent
 .text.CI2C1_OnMasterBlockReceived
                0x000043c0       0x28 ./Generated_Code/GI2C1.o
                0x000043c0                CI2C1_OnMasterBlockReceived
 .text.GI2C1_Init
                0x000043e8       0x20 ./Generated_Code/GI2C1.o
                0x000043e8                GI2C1_Init
 .text.IO1_Init
                0x00004408      0x104 ./Generated_Code/IO1.o
                0x00004408                IO1_Init
 .text.HWEnDi   0x0000450c       0x64 ./Generated_Code/IO1.o
 .text.IO1_SetClockConfiguration
                0x00004570      0x14c ./Generated_Code/IO1.o
                0x00004570                IO1_SetClockConfiguration
 .text.MCUC1_Init
                0x000046bc        0xc ./Generated_Code/MCUC1.o
                0x000046bc                MCUC1_Init
 .text.HWEnDi   0x000046c8       0x7c ./Generated_Code/Serial1.o
 .text.Serial1_RecvChar
                0x00004744       0xe8 ./Generated_Code/Serial1.o
                0x00004744                Serial1_RecvChar
 .text.Serial1_SendChar
                0x0000482c       0xec ./Generated_Code/Serial1.o
                0x0000482c                Serial1_SendChar
 .text.Serial1_SendBlock
                0x00004918      0x120 ./Generated_Code/Serial1.o
                0x00004918                Serial1_SendBlock
 .text.Serial1_ClearRxBuf
                0x00004a38       0x88 ./Generated_Code/Serial1.o
                0x00004a38                Serial1_ClearRxBuf
 .text.Serial1_GetCharsInRxBuf
                0x00004ac0       0x18 ./Generated_Code/Serial1.o
                0x00004ac0                Serial1_GetCharsInRxBuf
 .text.Serial1_Init
                0x00004ad8       0x6c ./Generated_Code/Serial1.o
                0x00004ad8                Serial1_Init
 .text.ASerialLdd1_OnBlockReceived
                0x00004b44       0x7c ./Generated_Code/Serial1.o
                0x00004b44                ASerialLdd1_OnBlockReceived
 .text.ASerialLdd1_OnBlockSent
                0x00004bc0       0x88 ./Generated_Code/Serial1.o
                0x00004bc0                ASerialLdd1_OnBlockSent
 .text.ASerialLdd1_OnError
                0x00004c48       0x98 ./Generated_Code/Serial1.o
                0x00004c48                ASerialLdd1_OnError
 .text.ASerialLdd1_OnBreak
                0x00004ce0       0x24 ./Generated_Code/Serial1.o
                0x00004ce0                ASerialLdd1_OnBreak
 .text.UTIL1_strcpy
                0x00004d04       0x48 ./Generated_Code/UTIL1.o
                0x00004d04                UTIL1_strcpy
 .text.UTIL1_chcat
                0x00004d4c       0x50 ./Generated_Code/UTIL1.o
                0x00004d4c                UTIL1_chcat
 .text.isHexCharacter
                0x00004d9c       0x44 ./Generated_Code/UTIL1.o
 .text.PreScanHexNumber
                0x00004de0       0x58 ./Generated_Code/UTIL1.o
 .text.HexToDec
                0x00004e38       0x8c ./Generated_Code/UTIL1.o
 .text.UTIL1_ScanHex8uNumber
                0x00004ec4       0x88 ./Generated_Code/UTIL1.o
                0x00004ec4                UTIL1_ScanHex8uNumber
 .text.UTIL1_strtailcmp
                0x00004f4c       0x60 ./Generated_Code/UTIL1.o
                0x00004f4c                UTIL1_strtailcmp
 .text.UTIL1_Init
                0x00004fac        0xc ./Generated_Code/UTIL1.o
                0x00004fac                UTIL1_Init
 .text.WAIT1_Wait10Cycles
                0x00004fb8        0x8 ./Generated_Code/WAIT1.o
                0x00004fb8                WAIT1_Wait10Cycles
 .text.WAIT1_Wait100Cycles
                0x00004fc0       0x28 ./Generated_Code/WAIT1.o
                0x00004fc0                WAIT1_Wait100Cycles
 .text.WAIT1_WaitCycles
                0x00004fe8       0x34 ./Generated_Code/WAIT1.o
                0x00004fe8                WAIT1_WaitCycles
 .text.WAIT1_WaitLongCycles
                0x0000501c       0x38 ./Generated_Code/WAIT1.o
                0x0000501c                WAIT1_WaitLongCycles
 .text.WAIT1_Waitms
                0x00005054       0x2c ./Generated_Code/WAIT1.o
                0x00005054                WAIT1_Waitms
 .text.WAIT1_Init
                0x00005080        0xc ./Generated_Code/WAIT1.o
                0x00005080                WAIT1_Init
 .text.XF1_Init
                0x0000508c        0xc ./Generated_Code/XF1.o
                0x0000508c                XF1_Init
 .text.exit     0x00005098       0x28 c:/freescale/kdsk_1.3.0/toolchain/bin/../lib/gcc/arm-none-eabi/4.8.4/../../../../arm-none-eabi/lib/armv7e-m/fpu\libg_s.a(lib_a-exit.o)
                0x00005098                exit
 .text.__libc_init_array
                0x000050c0       0x4c c:/freescale/kdsk_1.3.0/toolchain/bin/../lib/gcc/arm-none-eabi/4.8.4/../../../../arm-none-eabi/lib/armv7e-m/fpu\libg_s.a(lib_a-init.o)
                0x000050c0                __libc_init_array
 .text.memset   0x0000510c       0x10 c:/freescale/kdsk_1.3.0/toolchain/bin/../lib/gcc/arm-none-eabi/4.8.4/../../../../arm-none-eabi/lib/armv7e-m/fpu\libg_s.a(lib_a-memset.o)
                0x0000510c                memset
 .text.printf   0x0000511c       0x30 c:/freescale/kdsk_1.3.0/toolchain/bin/../lib/gcc/arm-none-eabi/4.8.4/../../../../arm-none-eabi/lib/armv7e-m/fpu\libg_s.a(lib_a-printf.o)
                0x0000511c                iprintf
                0x0000511c                printf
 .text._puts_r  0x0000514c       0xc0 c:/freescale/kdsk_1.3.0/toolchain/bin/../lib/gcc/arm-none-eabi/4.8.4/../../../../arm-none-eabi/lib/armv7e-m/fpu\libg_s.a(lib_a-puts.o)
                0x0000514c                _puts_r
 .text.puts     0x0000520c       0x10 c:/freescale/kdsk_1.3.0/toolchain/bin/../lib/gcc/arm-none-eabi/4.8.4/../../../../arm-none-eabi/lib/armv7e-m/fpu\libg_s.a(lib_a-puts.o)
                0x0000520c                puts
 .text.strlen   0x0000521c       0x10 c:/freescale/kdsk_1.3.0/toolchain/bin/../lib/gcc/arm-none-eabi/4.8.4/../../../../arm-none-eabi/lib/armv7e-m/fpu\libg_s.a(lib_a-strlen.o)
                0x0000521c                strlen
 .text.strncmp  0x0000522c       0x2e c:/freescale/kdsk_1.3.0/toolchain/bin/../lib/gcc/arm-none-eabi/4.8.4/../../../../arm-none-eabi/lib/armv7e-m/fpu\libg_s.a(lib_a-strncmp.o)
                0x0000522c                strncmp
 .text.__sfputc_r
                0x0000525a       0x2c c:/freescale/kdsk_1.3.0/toolchain/bin/../lib/gcc/arm-none-eabi/4.8.4/../../../../arm-none-eabi/lib/armv7e-m/fpu\libg_s.a(lib_a-vfprintf.o)
 .text.__sfputs_r
                0x00005286       0x24 c:/freescale/kdsk_1.3.0/toolchain/bin/../lib/gcc/arm-none-eabi/4.8.4/../../../../arm-none-eabi/lib/armv7e-m/fpu\libg_s.a(lib_a-vfprintf.o)
                0x00005286                __sfputs_r
 *fill*         0x000052aa        0x2 
 .text._vfprintf_r
                0x000052ac      0x208 c:/freescale/kdsk_1.3.0/toolchain/bin/../lib/gcc/arm-none-eabi/4.8.4/../../../../arm-none-eabi/lib/armv7e-m/fpu\libg_s.a(lib_a-vfprintf.o)
                0x000052ac                _vfprintf_r
                0x000052ac                _vfiprintf_r
 .text._printf_common
                0x000054b4       0xe4 c:/freescale/kdsk_1.3.0/toolchain/bin/../lib/gcc/arm-none-eabi/4.8.4/../../../../arm-none-eabi/lib/armv7e-m/fpu\libg_s.a(lib_a-vfprintf_i.o)
                0x000054b4                _printf_common
 .text._printf_i
                0x00005598      0x228 c:/freescale/kdsk_1.3.0/toolchain/bin/../lib/gcc/arm-none-eabi/4.8.4/../../../../arm-none-eabi/lib/armv7e-m/fpu\libg_s.a(lib_a-vfprintf_i.o)
                0x00005598                _printf_i
 .text.__swbuf_r
                0x000057c0       0xa8 c:/freescale/kdsk_1.3.0/toolchain/bin/../lib/gcc/arm-none-eabi/4.8.4/../../../../arm-none-eabi/lib/armv7e-m/fpu\libg_s.a(lib_a-wbuf.o)
                0x000057c0                __swbuf_r
 .text.__swsetup_r
                0x00005868       0xdc c:/freescale/kdsk_1.3.0/toolchain/bin/../lib/gcc/arm-none-eabi/4.8.4/../../../../arm-none-eabi/lib/armv7e-m/fpu\libg_s.a(lib_a-wsetup.o)
                0x00005868                __swsetup_r
 .text.__sflush_r
                0x00005944      0x106 c:/freescale/kdsk_1.3.0/toolchain/bin/../lib/gcc/arm-none-eabi/4.8.4/../../../../arm-none-eabi/lib/armv7e-m/fpu\libg_s.a(lib_a-fflush.o)
                0x00005944                __sflush_r
 *fill*         0x00005a4a        0x2 
 .text._fflush_r
                0x00005a4c       0x54 c:/freescale/kdsk_1.3.0/toolchain/bin/../lib/gcc/arm-none-eabi/4.8.4/../../../../arm-none-eabi/lib/armv7e-m/fpu\libg_s.a(lib_a-fflush.o)
                0x00005a4c                _fflush_r
 .text._cleanup_r
                0x00005aa0       0x32 c:/freescale/kdsk_1.3.0/toolchain/bin/../lib/gcc/arm-none-eabi/4.8.4/../../../../arm-none-eabi/lib/armv7e-m/fpu\libg_s.a(lib_a-findfp.o)
                0x00005aa0                _cleanup_r
 *fill*         0x00005ad2        0x2 
 .text.std.isra.0
                0x00005ad4       0x48 c:/freescale/kdsk_1.3.0/toolchain/bin/../lib/gcc/arm-none-eabi/4.8.4/../../../../arm-none-eabi/lib/armv7e-m/fpu\libg_s.a(lib_a-findfp.o)
 .text.__sfmoreglue
                0x00005b1c       0x2c c:/freescale/kdsk_1.3.0/toolchain/bin/../lib/gcc/arm-none-eabi/4.8.4/../../../../arm-none-eabi/lib/armv7e-m/fpu\libg_s.a(lib_a-findfp.o)
                0x00005b1c                __sfmoreglue
 .text.__sinit  0x00005b48       0x60 c:/freescale/kdsk_1.3.0/toolchain/bin/../lib/gcc/arm-none-eabi/4.8.4/../../../../arm-none-eabi/lib/armv7e-m/fpu\libg_s.a(lib_a-findfp.o)
                0x00005b48                __sinit
 .text.__sfp    0x00005ba8       0x74 c:/freescale/kdsk_1.3.0/toolchain/bin/../lib/gcc/arm-none-eabi/4.8.4/../../../../arm-none-eabi/lib/armv7e-m/fpu\libg_s.a(lib_a-findfp.o)
                0x00005ba8                __sfp
 .text.__smakebuf_r
                0x00005c1c       0x9c c:/freescale/kdsk_1.3.0/toolchain/bin/../lib/gcc/arm-none-eabi/4.8.4/../../../../arm-none-eabi/lib/armv7e-m/fpu\libg_s.a(lib_a-makebuf.o)
                0x00005c1c                __smakebuf_r
 .text.memchr   0x00005cb8       0x1e c:/freescale/kdsk_1.3.0/toolchain/bin/../lib/gcc/arm-none-eabi/4.8.4/../../../../arm-none-eabi/lib/armv7e-m/fpu\libg_s.a(lib_a-memchr-stub.o)
                0x00005cb8                memchr
 *fill*         0x00005cd6        0x2 
 .text._free_r  0x00005cd8       0x88 c:/freescale/kdsk_1.3.0/toolchain/bin/../lib/gcc/arm-none-eabi/4.8.4/../../../../arm-none-eabi/lib/armv7e-m/fpu\libg_s.a(lib_a-nano-freer.o)
                0x00005cd8                _free_r
 .text._malloc_r
                0x00005d60       0xa8 c:/freescale/kdsk_1.3.0/toolchain/bin/../lib/gcc/arm-none-eabi/4.8.4/../../../../arm-none-eabi/lib/armv7e-m/fpu\libg_s.a(lib_a-nano-mallocr.o)
                0x00005d60                _malloc_r
 .text._sbrk_r  0x00005e08       0x20 c:/freescale/kdsk_1.3.0/toolchain/bin/../lib/gcc/arm-none-eabi/4.8.4/../../../../arm-none-eabi/lib/armv7e-m/fpu\libg_s.a(lib_a-sbrkr.o)
                0x00005e08                _sbrk_r
 .text.__sread  0x00005e28       0x22 c:/freescale/kdsk_1.3.0/toolchain/bin/../lib/gcc/arm-none-eabi/4.8.4/../../../../arm-none-eabi/lib/armv7e-m/fpu\libg_s.a(lib_a-stdio.o)
                0x00005e28                __sread
 .text.__swrite
                0x00005e4a       0x38 c:/freescale/kdsk_1.3.0/toolchain/bin/../lib/gcc/arm-none-eabi/4.8.4/../../../../arm-none-eabi/lib/armv7e-m/fpu\libg_s.a(lib_a-stdio.o)
                0x00005e4a                __swrite
 .text.__sseek  0x00005e82       0x24 c:/freescale/kdsk_1.3.0/toolchain/bin/../lib/gcc/arm-none-eabi/4.8.4/../../../../arm-none-eabi/lib/armv7e-m/fpu\libg_s.a(lib_a-stdio.o)
                0x00005e82                __sseek
 .text.__sclose
                0x00005ea6        0x8 c:/freescale/kdsk_1.3.0/toolchain/bin/../lib/gcc/arm-none-eabi/4.8.4/../../../../arm-none-eabi/lib/armv7e-m/fpu\libg_s.a(lib_a-stdio.o)
                0x00005ea6                __sclose
 *fill*         0x00005eae        0x2 
 .text._write_r
                0x00005eb0       0x24 c:/freescale/kdsk_1.3.0/toolchain/bin/../lib/gcc/arm-none-eabi/4.8.4/../../../../arm-none-eabi/lib/armv7e-m/fpu\libg_s.a(lib_a-writer.o)
                0x00005eb0                _write_r
 .text._close_r
                0x00005ed4       0x20 c:/freescale/kdsk_1.3.0/toolchain/bin/../lib/gcc/arm-none-eabi/4.8.4/../../../../arm-none-eabi/lib/armv7e-m/fpu\libg_s.a(lib_a-closer.o)
                0x00005ed4                _close_r
 .text._fstat_r
                0x00005ef4       0x24 c:/freescale/kdsk_1.3.0/toolchain/bin/../lib/gcc/arm-none-eabi/4.8.4/../../../../arm-none-eabi/lib/armv7e-m/fpu\libg_s.a(lib_a-fstatr.o)
                0x00005ef4                _fstat_r
 .text._isatty_r
                0x00005f18       0x20 c:/freescale/kdsk_1.3.0/toolchain/bin/../lib/gcc/arm-none-eabi/4.8.4/../../../../arm-none-eabi/lib/armv7e-m/fpu\libg_s.a(lib_a-isattyr.o)
                0x00005f18                _isatty_r
 .text._lseek_r
                0x00005f38       0x24 c:/freescale/kdsk_1.3.0/toolchain/bin/../lib/gcc/arm-none-eabi/4.8.4/../../../../arm-none-eabi/lib/armv7e-m/fpu\libg_s.a(lib_a-lseekr.o)
                0x00005f38                _lseek_r
 .text._read_r  0x00005f5c       0x24 c:/freescale/kdsk_1.3.0/toolchain/bin/../lib/gcc/arm-none-eabi/4.8.4/../../../../arm-none-eabi/lib/armv7e-m/fpu\libg_s.a(lib_a-readr.o)
                0x00005f5c                _read_r
 .text._close   0x00005f80       0x10 c:/freescale/kdsk_1.3.0/toolchain/bin/../lib/gcc/arm-none-eabi/4.8.4/../../../../arm-none-eabi/lib/armv7e-m/fpu\libnosys.a(close.o)
                0x00005f80                _close
 .text._fstat   0x00005f90       0x10 c:/freescale/kdsk_1.3.0/toolchain/bin/../lib/gcc/arm-none-eabi/4.8.4/../../../../arm-none-eabi/lib/armv7e-m/fpu\libnosys.a(fstat.o)
                0x00005f90                _fstat
 .text._isatty  0x00005fa0       0x10 c:/freescale/kdsk_1.3.0/toolchain/bin/../lib/gcc/arm-none-eabi/4.8.4/../../../../arm-none-eabi/lib/armv7e-m/fpu\libnosys.a(isatty.o)
                0x00005fa0                _isatty
 .text._lseek   0x00005fb0       0x10 c:/freescale/kdsk_1.3.0/toolchain/bin/../lib/gcc/arm-none-eabi/4.8.4/../../../../arm-none-eabi/lib/armv7e-m/fpu\libnosys.a(lseek.o)
                0x00005fb0                _lseek
 .text._sbrk    0x00005fc0       0x34 c:/freescale/kdsk_1.3.0/toolchain/bin/../lib/gcc/arm-none-eabi/4.8.4/../../../../arm-none-eabi/lib/armv7e-m/fpu\libnosys.a(sbrk.o)
                0x00005fc0                _sbrk
 .text._exit    0x00005ff4        0x4 c:/freescale/kdsk_1.3.0/toolchain/bin/../lib/gcc/arm-none-eabi/4.8.4/../../../../arm-none-eabi/lib/armv7e-m/fpu\libnosys.a(_exit.o)
                0x00005ff4                _exit
 *(.rodata)
 .rodata        0x00005ff8       0x18 ./Sources/Events.o
 .rodata        0x00006010       0x78 ./Sources/main.o
 .rodata        0x00006088      0x75c ./Generated_Code/BT1.o
 *(.rodata*)
 .rodata.ClockGenModeMatrix
                0x000067e4       0x80 ./Static_Code/System/CPU_Init.o
 .rodata.CPU_ClockConfigDescriptors
                0x00006864       0x8c ./Static_Code/System/CPU_Init.o
 .rodata.CPU_DefaultFEI
                0x000068f0        0x8 ./Static_Code/System/CPU_Init.o
 .rodata.CPU_DefaultFBI
                0x000068f8        0x8 ./Static_Code/System/CPU_Init.o
 .rodata.CPU_DefaultBLPI
                0x00006900        0x8 ./Static_Code/System/CPU_Init.o
 .rodata.CPU_DefaultFEE
                0x00006908        0x8 ./Static_Code/System/CPU_Init.o
 .rodata.CPU_DefaultFBE
                0x00006910        0x8 ./Static_Code/System/CPU_Init.o
 .rodata.CPU_DefaultBLPE
                0x00006918        0x8 ./Static_Code/System/CPU_Init.o
 .rodata.CPU_DefaultPBE
                0x00006920        0x8 ./Static_Code/System/CPU_Init.o
 .rodata.CPU_DefaultPEE
                0x00006928        0x8 ./Static_Code/System/CPU_Init.o
 .rodata.CPU_ClockGenModeRegs
                0x00006930       0x20 ./Static_Code/System/CPU_Init.o
 .rodata.auw_hamm
                0x00006950       0x40 ./Sources/algorithm.o
                0x00006950                auw_hamm
 .rodata.uch_spo2_table
                0x00006990       0xb8 ./Sources/algorithm.o
                0x00006990                uch_spo2_table
 .rodata.str1.1
                0x00006a48        0x2 c:/freescale/kdsk_1.3.0/toolchain/bin/../lib/gcc/arm-none-eabi/4.8.4/../../../../arm-none-eabi/lib/armv7e-m/fpu\libg_s.a(lib_a-impure.o)
 *fill*         0x00006a4a        0x2 
 .rodata._global_impure_ptr
                0x00006a4c        0x4 c:/freescale/kdsk_1.3.0/toolchain/bin/../lib/gcc/arm-none-eabi/4.8.4/../../../../arm-none-eabi/lib/armv7e-m/fpu\libg_s.a(lib_a-impure.o)
                0x00006a4c                _global_impure_ptr
 .rodata.str1.1
                0x00006a50       0x11 c:/freescale/kdsk_1.3.0/toolchain/bin/../lib/gcc/arm-none-eabi/4.8.4/../../../../arm-none-eabi/lib/armv7e-m/fpu\libg_s.a(lib_a-vfprintf.o)
 .rodata.str1.1
                0x00006a61       0x22 c:/freescale/kdsk_1.3.0/toolchain/bin/../lib/gcc/arm-none-eabi/4.8.4/../../../../arm-none-eabi/lib/armv7e-m/fpu\libg_s.a(lib_a-vfprintf_i.o)
 *fill*         0x00006a83        0x1 
 .rodata.__sf_fake_stdin
                0x00006a84       0x20 c:/freescale/kdsk_1.3.0/toolchain/bin/../lib/gcc/arm-none-eabi/4.8.4/../../../../arm-none-eabi/lib/armv7e-m/fpu\libg_s.a(lib_a-findfp.o)
                0x00006a84                __sf_fake_stdin
 .rodata.__sf_fake_stdout
                0x00006aa4       0x20 c:/freescale/kdsk_1.3.0/toolchain/bin/../lib/gcc/arm-none-eabi/4.8.4/../../../../arm-none-eabi/lib/armv7e-m/fpu\libg_s.a(lib_a-findfp.o)
                0x00006aa4                __sf_fake_stdout
 .rodata.__sf_fake_stderr
                0x00006ac4       0x20 c:/freescale/kdsk_1.3.0/toolchain/bin/../lib/gcc/arm-none-eabi/4.8.4/../../../../arm-none-eabi/lib/armv7e-m/fpu\libg_s.a(lib_a-findfp.o)
                0x00006ac4                __sf_fake_stderr
 *(.glue_7)
 .glue_7        0x00000000        0x0 linker stubs
 *(.glue_7t)
 .glue_7t       0x00000000        0x0 linker stubs
 *(.eh_frame)
 .eh_frame      0x00006ae4        0x0 c:/freescale/kdsk_1.3.0/toolchain/bin/../lib/gcc/arm-none-eabi/4.8.4/armv7e-m/fpu/crtbegin.o
 *(.init)
 .init          0x00006ae4        0x4 c:/freescale/kdsk_1.3.0/toolchain/bin/../lib/gcc/arm-none-eabi/4.8.4/armv7e-m/fpu/crti.o
                0x00006ae4                _init
 .init          0x00006ae8        0x8 c:/freescale/kdsk_1.3.0/toolchain/bin/../lib/gcc/arm-none-eabi/4.8.4/armv7e-m/fpu/crtn.o
 *(.fini)
 .fini          0x00006af0        0x4 c:/freescale/kdsk_1.3.0/toolchain/bin/../lib/gcc/arm-none-eabi/4.8.4/armv7e-m/fpu/crti.o
                0x00006af0                _fini
 .fini          0x00006af4        0x8 c:/freescale/kdsk_1.3.0/toolchain/bin/../lib/gcc/arm-none-eabi/4.8.4/armv7e-m/fpu/crtn.o
                0x00006afc                . = ALIGN (0x4)
                0x00006afc                _etext = .

.vfp11_veneer   0x00006afc        0x0
 .vfp11_veneer  0x00000000        0x0 linker stubs

.v4_bx          0x00006afc        0x0
 .v4_bx         0x00000000        0x0 linker stubs

.iplt           0x00006afc        0x0
 .iplt          0x00000000        0x0 c:/freescale/kdsk_1.3.0/toolchain/bin/../lib/gcc/arm-none-eabi/4.8.4/armv7e-m/fpu/crtbegin.o

.ARM.extab
 *(.ARM.extab* .gnu.linkonce.armextab.*)

.ARM            0x00006afc        0x8
                0x00006afc                __exidx_start = .
 *(.ARM.exidx*)
 .ARM.exidx     0x00006afc        0x8 c:/freescale/kdsk_1.3.0/toolchain/bin/../lib/gcc/arm-none-eabi/4.8.4/../../../../arm-none-eabi/lib/armv7e-m/fpu/crt0.o
                0x00006b04                __exidx_end = .

.rel.dyn        0x00006b04        0x0
 .rel.iplt      0x00000000        0x0 c:/freescale/kdsk_1.3.0/toolchain/bin/../lib/gcc/arm-none-eabi/4.8.4/armv7e-m/fpu/crtbegin.o

.ctors          0x00006b04        0x0
                0x00006b04                __CTOR_LIST__ = .
 *crtbegin.o(.ctors)
 *(EXCLUDE_FILE(*crtend.o) .ctors)
 *(SORT(.ctors.*))
 *(.ctors)
                0x00006b04                __CTOR_END__ = .

.dtors          0x00006b04        0x0
                0x00006b04                __DTOR_LIST__ = .
 *crtbegin.o(.dtors)
 *(EXCLUDE_FILE(*crtend.o) .dtors)
 *(SORT(.dtors.*))
 *(.dtors)
                0x00006b04                __DTOR_END__ = .

.preinit_array  0x00006b04        0x0
                0x00006b04                PROVIDE (__preinit_array_start, .)
 *(.preinit_array*)
                0x00006b04                PROVIDE (__preinit_array_end, .)

.init_array     0x00006b04        0x4
                0x00006b04                PROVIDE (__init_array_start, .)
 *(SORT(.init_array.*))
 *(.init_array*)
 .init_array    0x00006b04        0x4 c:/freescale/kdsk_1.3.0/toolchain/bin/../lib/gcc/arm-none-eabi/4.8.4/armv7e-m/fpu/crtbegin.o
                0x00006b08                PROVIDE (__init_array_end, .)

.fini_array     0x00006b08        0x4
                0x00006b08                PROVIDE (__fini_array_start, .)
 *(SORT(.fini_array.*))
 *(.fini_array*)
 .fini_array    0x00006b08        0x4 c:/freescale/kdsk_1.3.0/toolchain/bin/../lib/gcc/arm-none-eabi/4.8.4/armv7e-m/fpu/crtbegin.o
                0x00006b0c                PROVIDE (__fini_array_end, .)
                0x00006b0c                ___ROM_AT = .

.data           0x20000000       0x6c load address 0x00006b0c
                0x20000000                . = ALIGN (0x4)
                0x20000000                _sdata = .
 *(.data)
 *(.data*)
 .data.delay    0x20000000        0x4 ./Sources/main.o
                0x20000000                delay
 .data.BT1_lastErr
                0x20000004        0x1 ./Generated_Code/BT1.o
 *fill*         0x20000005        0x3 
 .data.impure_data
                0x20000008       0x60 c:/freescale/kdsk_1.3.0/toolchain/bin/../lib/gcc/arm-none-eabi/4.8.4/../../../../arm-none-eabi/lib/armv7e-m/fpu\libg_s.a(lib_a-impure.o)
 .data._impure_ptr
                0x20000068        0x4 c:/freescale/kdsk_1.3.0/toolchain/bin/../lib/gcc/arm-none-eabi/4.8.4/../../../../arm-none-eabi/lib/armv7e-m/fpu\libg_s.a(lib_a-impure.o)
                0x20000068                _impure_ptr
                0x2000006c                . = ALIGN (0x4)
                0x2000006c                _edata = .
                0x0000006c                ___data_size = (_edata - _sdata)
                0x00006b78                ___m_data_1FFF0000_ROMStart = (___ROM_AT + SIZEOF (.data))

.jcr            0x2000006c        0x0 load address 0x00006b78
 .jcr           0x2000006c        0x0 c:/freescale/kdsk_1.3.0/toolchain/bin/../lib/gcc/arm-none-eabi/4.8.4/armv7e-m/fpu/crtbegin.o

.igot.plt       0x2000006c        0x0 load address 0x00006b78
 .igot.plt      0x00000000        0x0 c:/freescale/kdsk_1.3.0/toolchain/bin/../lib/gcc/arm-none-eabi/4.8.4/armv7e-m/fpu/crtbegin.o

.m_data_1FFF0000
                0x1fff0000        0x0 load address 0x00006b78
                0x1fff0000                . = ALIGN (0x4)
                0x1fff0000                ___m_data_1FFF0000_RAMStart = .
 *(.m_data_1FFF0000)
                0x1fff0000                ___m_data_1FFF0000_RAMEnd = .
                0x1fff0000                . = ALIGN (0x4)
                0x00000000                ___m_data_1FFF0000_ROMSize = (___m_data_1FFF0000_RAMEnd - ___m_data_1FFF0000_RAMStart)
                0x1fff0000                . = ALIGN (0x4)

.bss            0x2000006c     0x2878 load address 0x00006b78
                0x2000006c                __START_BSS = .
                0x2000006c                PROVIDE (__bss_start__, __START_BSS)
 *(.bss)
 .bss           0x2000006c       0x1c c:/freescale/kdsk_1.3.0/toolchain/bin/../lib/gcc/arm-none-eabi/4.8.4/armv7e-m/fpu/crtbegin.o
 *(.bss*)
 .bss.SR_lock   0x20000088        0x1 ./Static_Code/System/CPU_Init.o
                0x20000088                SR_lock
 .bss.ClockConfigurationID
                0x20000089        0x1 ./Static_Code/System/CPU_Init.o
                0x20000089                ClockConfigurationID
 *fill*         0x2000008a        0x2 
 .bss.an_dx     0x2000008c      0x7c0 ./Sources/algorithm.o
 .bss.an_x      0x2000084c      0x7d0 ./Sources/algorithm.o
 .bss.an_y      0x2000101c      0x7d0 ./Sources/algorithm.o
 .bss.DeviceDataPrv__DEFAULT_RTOS_ALLOC
                0x200017ec       0x20 ./Generated_Code/ASerialLdd1.o
 .bss.INT_UART4_RX_TX__DEFAULT_RTOS_ISRPARAM
                0x2000180c        0x4 ./Generated_Code/ASerialLdd1.o
 .bss.INT_UART4_ERR__DEFAULT_RTOS_ISRPARAM
                0x20001810        0x4 ./Generated_Code/ASerialLdd1.o
 .bss.DeviceDataPrv__DEFAULT_RTOS_ALLOC
                0x20001814       0x18 ./Generated_Code/CI2C1.o
 .bss.INT_I2C0__DEFAULT_RTOS_ISRPARAM
                0x2000182c        0x4 ./Generated_Code/CI2C1.o
 .bss.DeviceDataPrv__DEFAULT_RTOS_ALLOC
                0x20001830        0x4 ./Generated_Code/ExtIntLdd1.o
 .bss.INT_PORTD__DEFAULT_RTOS_ISRPARAM
                0x20001834        0x4 ./Generated_Code/ExtIntLdd1.o
 .bss.GI2C1_deviceData
                0x20001838        0x8 ./Generated_Code/GI2C1.o
 .bss.writeBuf.6459
                0x20001840       0x20 ./Generated_Code/GI2C1.o
 .bss.DeviceDataPrv__DEFAULT_RTOS_ALLOC
                0x20001860       0x18 ./Generated_Code/IO1.o
 .bss.PE_LDD_DeviceDataList
                0x20001878       0x10 ./Generated_Code/PE_LDD.o
                0x20001878                PE_LDD_DeviceDataList
 .bss.EnMode    0x20001888        0x1 ./Generated_Code/Serial1.o
 *fill*         0x20001889        0x1 
 .bss.SerFlag   0x2000188a        0x2 ./Generated_Code/Serial1.o
 .bss.Serial1_InpLen
                0x2000188c        0x2 ./Generated_Code/Serial1.o
 .bss.InpIndexR
                0x2000188e        0x2 ./Generated_Code/Serial1.o
 .bss.InpIndexW
                0x20001890        0x2 ./Generated_Code/Serial1.o
 *fill*         0x20001892        0x2 
 .bss.InpBuffer
                0x20001894       0x40 ./Generated_Code/Serial1.o
 .bss.BufferRead
                0x200018d4        0x1 ./Generated_Code/Serial1.o
 *fill*         0x200018d5        0x1 
 .bss.Serial1_OutLen
                0x200018d6        0x2 ./Generated_Code/Serial1.o
 .bss.OutIndexR
                0x200018d8        0x2 ./Generated_Code/Serial1.o
 .bss.OutIndexW
                0x200018da        0x2 ./Generated_Code/Serial1.o
 .bss.OutBuffer
                0x200018dc       0x40 ./Generated_Code/Serial1.o
 .bss.__malloc_sbrk_start
                0x2000191c        0x4 c:/freescale/kdsk_1.3.0/toolchain/bin/../lib/gcc/arm-none-eabi/4.8.4/../../../../arm-none-eabi/lib/armv7e-m/fpu\libg_s.a(lib_a-nano-mallocr.o)
                0x2000191c                __malloc_sbrk_start
 .bss.__malloc_free_list
                0x20001920        0x4 c:/freescale/kdsk_1.3.0/toolchain/bin/../lib/gcc/arm-none-eabi/4.8.4/../../../../arm-none-eabi/lib/armv7e-m/fpu\libg_s.a(lib_a-nano-mallocr.o)
                0x20001920                __malloc_free_list
 .bss.heap_end.4246
                0x20001924        0x4 c:/freescale/kdsk_1.3.0/toolchain/bin/../lib/gcc/arm-none-eabi/4.8.4/../../../../arm-none-eabi/lib/armv7e-m/fpu\libnosys.a(sbrk.o)
 *(COMMON)
 COMMON         0x20001928        0x1 ./Static_Code/System/CPU_Init.o
                0x20001928                SR_reg
 *fill*         0x20001929        0x3 
 COMMON         0x2000192c      0xfb0 ./Sources/main.o
                0x2000192c                n_ir_buffer_length
                0x20001930                n_sp02
                0x20001934                aun_ir_buffer
                0x20002104                aun_red_buffer
                0x200028d4                n_heart_rate
                0x200028d8                ch_spo2_valid
                0x200028d9                ch_hr_valid
                0x200028da                uch_dummy
                0x200028db                readPortD
 COMMON         0x200028dc        0x4 ./Generated_Code/Serial1.o
                0x200028dc                ASerialLdd1_DeviceDataPtr
 COMMON         0x200028e0        0x4 c:/freescale/kdsk_1.3.0/toolchain/bin/../lib/gcc/arm-none-eabi/4.8.4/../../../../arm-none-eabi/lib/armv7e-m/fpu\libg_s.a(lib_a-reent.o)
                0x200028e0                errno
                0x200028e4                . = ALIGN (0x4)
                0x200028e4                __END_BSS = .
                0x200028e4                PROVIDE (__bss_end__, __END_BSS)
                0x00006b78                _romp_at = ((___ROM_AT + SIZEOF (.data)) + SIZEOF (.m_data_1FFF0000))

.romp           0x200028e4       0x24 load address 0x00006b78
                0x00006b78                __S_romp = _romp_at
                0x200028e4        0x4 LONG 0x6b0c ___ROM_AT
                0x200028e8        0x4 LONG 0x20000000 _sdata
                0x200028ec        0x4 LONG 0x6c ___data_size
                0x200028f0        0x4 LONG 0x6b78 ___m_data_1FFF0000_ROMStart
                0x200028f4        0x4 LONG 0x1fff0000 ___m_data_1FFF0000_RAMStart
                0x200028f8        0x4 LONG 0x0 ___m_data_1FFF0000_ROMSize
                0x200028fc        0x4 LONG 0x0
                0x20002900        0x4 LONG 0x0
                0x20002904        0x4 LONG 0x0
                0x00100000                text_end = (ORIGIN (m_text) + 0xffbf0)
                0x00006b9c                data_init_end = ((___m_data_1FFF0000_ROMStart + SIZEOF (.m_data_1FFF0000)) + SIZEOF (.romp))
                0x00000001                ASSERT ((data_init_end <= text_end), region m_text overflowed with text and data)

._user_heap_stack
                0x20002908      0x400 load address 0x00006b9c
                0x20002908                . = ALIGN (0x4)
                0x20002908                PROVIDE (end, .)
                0x20002908                PROVIDE (_end, .)
                0x20002908                PROVIDE (__end__, .)
                0x20002908                __heap_addr = .
                0x20002908                __HeapBase = .
                0x20002908                . = (. + __heap_size)
                0x20002908                __HeapLimit = .
                0x20002d08                . = (. + __stack_size)
 *fill*         0x20002908      0x400 
                0x20002d08                . = ALIGN (0x4)

.ARM.attributes
                0x00000000       0x30
 *(.ARM.attributes)
 .ARM.attributes
                0x00000000       0x22 c:/freescale/kdsk_1.3.0/toolchain/bin/../lib/gcc/arm-none-eabi/4.8.4/armv7e-m/fpu/crti.o
 .ARM.attributes
                0x00000022       0x34 c:/freescale/kdsk_1.3.0/toolchain/bin/../lib/gcc/arm-none-eabi/4.8.4/armv7e-m/fpu/crtbegin.o
 .ARM.attributes
                0x00000056       0x20 c:/freescale/kdsk_1.3.0/toolchain/bin/../lib/gcc/arm-none-eabi/4.8.4/../../../../arm-none-eabi/lib/armv7e-m/fpu/crt0.o
 .ARM.attributes
                0x00000076       0x39 ./Static_Code/System/CPU_Init.o
 .ARM.attributes
                0x000000af       0x39 ./Static_Code/System/Vectors.o
 .ARM.attributes
                0x000000e8       0x39 ./Sources/Events.o
 .ARM.attributes
                0x00000121       0x39 ./Sources/MAX30102.o
 .ARM.attributes
                0x0000015a       0x39 ./Sources/algorithm.o
 .ARM.attributes
                0x00000193       0x39 ./Sources/main.o
 .ARM.attributes
                0x000001cc       0x39 ./Project_Settings/Startup_Code/startup.o
 .ARM.attributes
                0x00000205       0x39 ./Generated_Code/ASerialLdd1.o
 .ARM.attributes
                0x0000023e       0x39 ./Generated_Code/BT1.o
 .ARM.attributes
                0x00000277       0x39 ./Generated_Code/CI2C1.o
 .ARM.attributes
                0x000002b0       0x39 ./Generated_Code/CLS1.o
 .ARM.attributes
                0x000002e9       0x39 ./Generated_Code/CS1.o
 .ARM.attributes
                0x00000322       0x39 ./Generated_Code/Cpu.o
 .ARM.attributes
                0x0000035b       0x39 ./Generated_Code/CsIO1.o
 .ARM.attributes
                0x00000394       0x39 ./Generated_Code/EInt1.o
 .ARM.attributes
                0x000003cd       0x39 ./Generated_Code/ExtIntLdd1.o
 .ARM.attributes
                0x00000406       0x39 ./Generated_Code/GI2C1.o
 .ARM.attributes
                0x0000043f       0x39 ./Generated_Code/IO1.o
 .ARM.attributes
                0x00000478       0x39 ./Generated_Code/MCUC1.o
 .ARM.attributes
                0x000004b1       0x39 ./Generated_Code/PE_LDD.o
 .ARM.attributes
                0x000004ea       0x39 ./Generated_Code/Serial1.o
 .ARM.attributes
                0x00000523       0x39 ./Generated_Code/UTIL1.o
 .ARM.attributes
                0x0000055c       0x39 ./Generated_Code/WAIT1.o
 .ARM.attributes
                0x00000595       0x39 ./Generated_Code/XF1.o
 .ARM.attributes
                0x000005ce       0x34 c:/freescale/kdsk_1.3.0/toolchain/bin/../lib/gcc/arm-none-eabi/4.8.4/../../../../arm-none-eabi/lib/armv7e-m/fpu\libg_s.a(lib_a-exit.o)
 .ARM.attributes
                0x00000602       0x34 c:/freescale/kdsk_1.3.0/toolchain/bin/../lib/gcc/arm-none-eabi/4.8.4/../../../../arm-none-eabi/lib/armv7e-m/fpu\libg_s.a(lib_a-impure.o)
 .ARM.attributes
                0x00000636       0x34 c:/freescale/kdsk_1.3.0/toolchain/bin/../lib/gcc/arm-none-eabi/4.8.4/../../../../arm-none-eabi/lib/armv7e-m/fpu\libg_s.a(lib_a-init.o)
 .ARM.attributes
                0x0000066a       0x34 c:/freescale/kdsk_1.3.0/toolchain/bin/../lib/gcc/arm-none-eabi/4.8.4/../../../../arm-none-eabi/lib/armv7e-m/fpu\libg_s.a(lib_a-memset.o)
 .ARM.attributes
                0x0000069e       0x34 c:/freescale/kdsk_1.3.0/toolchain/bin/../lib/gcc/arm-none-eabi/4.8.4/../../../../arm-none-eabi/lib/armv7e-m/fpu\libg_s.a(lib_a-printf.o)
 .ARM.attributes
                0x000006d2       0x34 c:/freescale/kdsk_1.3.0/toolchain/bin/../lib/gcc/arm-none-eabi/4.8.4/../../../../arm-none-eabi/lib/armv7e-m/fpu\libg_s.a(lib_a-puts.o)
 .ARM.attributes
                0x00000706       0x20 c:/freescale/kdsk_1.3.0/toolchain/bin/../lib/gcc/arm-none-eabi/4.8.4/../../../../arm-none-eabi/lib/armv7e-m/fpu\libg_s.a(lib_a-strcmp.o)
 .ARM.attributes
                0x00000726       0x34 c:/freescale/kdsk_1.3.0/toolchain/bin/../lib/gcc/arm-none-eabi/4.8.4/../../../../arm-none-eabi/lib/armv7e-m/fpu\libg_s.a(lib_a-strlen.o)
 .ARM.attributes
                0x0000075a       0x34 c:/freescale/kdsk_1.3.0/toolchain/bin/../lib/gcc/arm-none-eabi/4.8.4/../../../../arm-none-eabi/lib/armv7e-m/fpu\libg_s.a(lib_a-strncmp.o)
 .ARM.attributes
                0x0000078e       0x34 c:/freescale/kdsk_1.3.0/toolchain/bin/../lib/gcc/arm-none-eabi/4.8.4/../../../../arm-none-eabi/lib/armv7e-m/fpu\libg_s.a(lib_a-vfprintf.o)
 .ARM.attributes
                0x000007c2       0x34 c:/freescale/kdsk_1.3.0/toolchain/bin/../lib/gcc/arm-none-eabi/4.8.4/../../../../arm-none-eabi/lib/armv7e-m/fpu\libg_s.a(lib_a-vfprintf_i.o)
 .ARM.attributes
                0x000007f6       0x34 c:/freescale/kdsk_1.3.0/toolchain/bin/../lib/gcc/arm-none-eabi/4.8.4/../../../../arm-none-eabi/lib/armv7e-m/fpu\libg_s.a(lib_a-wbuf.o)
 .ARM.attributes
                0x0000082a       0x34 c:/freescale/kdsk_1.3.0/toolchain/bin/../lib/gcc/arm-none-eabi/4.8.4/../../../../arm-none-eabi/lib/armv7e-m/fpu\libg_s.a(lib_a-wsetup.o)
 .ARM.attributes
                0x0000085e       0x34 c:/freescale/kdsk_1.3.0/toolchain/bin/../lib/gcc/arm-none-eabi/4.8.4/../../../../arm-none-eabi/lib/armv7e-m/fpu\libg_s.a(lib_a-fflush.o)
 .ARM.attributes
                0x00000892       0x34 c:/freescale/kdsk_1.3.0/toolchain/bin/../lib/gcc/arm-none-eabi/4.8.4/../../../../arm-none-eabi/lib/armv7e-m/fpu\libg_s.a(lib_a-findfp.o)
 .ARM.attributes
                0x000008c6       0x34 c:/freescale/kdsk_1.3.0/toolchain/bin/../lib/gcc/arm-none-eabi/4.8.4/../../../../arm-none-eabi/lib/armv7e-m/fpu\libg_s.a(lib_a-makebuf.o)
 .ARM.attributes
                0x000008fa       0x34 c:/freescale/kdsk_1.3.0/toolchain/bin/../lib/gcc/arm-none-eabi/4.8.4/../../../../arm-none-eabi/lib/armv7e-m/fpu\libg_s.a(lib_a-memchr-stub.o)
 .ARM.attributes
                0x0000092e       0x34 c:/freescale/kdsk_1.3.0/toolchain/bin/../lib/gcc/arm-none-eabi/4.8.4/../../../../arm-none-eabi/lib/armv7e-m/fpu\libg_s.a(lib_a-nano-freer.o)
 .ARM.attributes
                0x00000962       0x34 c:/freescale/kdsk_1.3.0/toolchain/bin/../lib/gcc/arm-none-eabi/4.8.4/../../../../arm-none-eabi/lib/armv7e-m/fpu\libg_s.a(lib_a-nano-mallocr.o)
 .ARM.attributes
                0x00000996       0x34 c:/freescale/kdsk_1.3.0/toolchain/bin/../lib/gcc/arm-none-eabi/4.8.4/../../../../arm-none-eabi/lib/armv7e-m/fpu\libg_s.a(lib_a-sbrkr.o)
 .ARM.attributes
                0x000009ca       0x34 c:/freescale/kdsk_1.3.0/toolchain/bin/../lib/gcc/arm-none-eabi/4.8.4/../../../../arm-none-eabi/lib/armv7e-m/fpu\libg_s.a(lib_a-stdio.o)
 .ARM.attributes
                0x000009fe       0x34 c:/freescale/kdsk_1.3.0/toolchain/bin/../lib/gcc/arm-none-eabi/4.8.4/../../../../arm-none-eabi/lib/armv7e-m/fpu\libg_s.a(lib_a-writer.o)
 .ARM.attributes
                0x00000a32       0x34 c:/freescale/kdsk_1.3.0/toolchain/bin/../lib/gcc/arm-none-eabi/4.8.4/../../../../arm-none-eabi/lib/armv7e-m/fpu\libg_s.a(lib_a-closer.o)
 .ARM.attributes
                0x00000a66       0x34 c:/freescale/kdsk_1.3.0/toolchain/bin/../lib/gcc/arm-none-eabi/4.8.4/../../../../arm-none-eabi/lib/armv7e-m/fpu\libg_s.a(lib_a-fstatr.o)
 .ARM.attributes
                0x00000a9a       0x34 c:/freescale/kdsk_1.3.0/toolchain/bin/../lib/gcc/arm-none-eabi/4.8.4/../../../../arm-none-eabi/lib/armv7e-m/fpu\libg_s.a(lib_a-isattyr.o)
 .ARM.attributes
                0x00000ace       0x34 c:/freescale/kdsk_1.3.0/toolchain/bin/../lib/gcc/arm-none-eabi/4.8.4/../../../../arm-none-eabi/lib/armv7e-m/fpu\libg_s.a(lib_a-lseekr.o)
 .ARM.attributes
                0x00000b02       0x34 c:/freescale/kdsk_1.3.0/toolchain/bin/../lib/gcc/arm-none-eabi/4.8.4/../../../../arm-none-eabi/lib/armv7e-m/fpu\libg_s.a(lib_a-readr.o)
 .ARM.attributes
                0x00000b36       0x34 c:/freescale/kdsk_1.3.0/toolchain/bin/../lib/gcc/arm-none-eabi/4.8.4/../../../../arm-none-eabi/lib/armv7e-m/fpu\libg_s.a(lib_a-reent.o)
 .ARM.attributes
                0x00000b6a       0x34 c:/freescale/kdsk_1.3.0/toolchain/bin/../lib/gcc/arm-none-eabi/4.8.4/../../../../arm-none-eabi/lib/armv7e-m/fpu\libnosys.a(close.o)
 .ARM.attributes
                0x00000b9e       0x34 c:/freescale/kdsk_1.3.0/toolchain/bin/../lib/gcc/arm-none-eabi/4.8.4/../../../../arm-none-eabi/lib/armv7e-m/fpu\libnosys.a(fstat.o)
 .ARM.attributes
                0x00000bd2       0x34 c:/freescale/kdsk_1.3.0/toolchain/bin/../lib/gcc/arm-none-eabi/4.8.4/../../../../arm-none-eabi/lib/armv7e-m/fpu\libnosys.a(isatty.o)
 .ARM.attributes
                0x00000c06       0x34 c:/freescale/kdsk_1.3.0/toolchain/bin/../lib/gcc/arm-none-eabi/4.8.4/../../../../arm-none-eabi/lib/armv7e-m/fpu\libnosys.a(lseek.o)
 .ARM.attributes
                0x00000c3a       0x34 c:/freescale/kdsk_1.3.0/toolchain/bin/../lib/gcc/arm-none-eabi/4.8.4/../../../../arm-none-eabi/lib/armv7e-m/fpu\libnosys.a(sbrk.o)
 .ARM.attributes
                0x00000c6e       0x34 c:/freescale/kdsk_1.3.0/toolchain/bin/../lib/gcc/arm-none-eabi/4.8.4/../../../../arm-none-eabi/lib/armv7e-m/fpu\libnosys.a(_exit.o)
 .ARM.attributes
                0x00000ca2       0x22 c:/freescale/kdsk_1.3.0/toolchain/bin/../lib/gcc/arm-none-eabi/4.8.4/armv7e-m/fpu/crtn.o
OUTPUT(HRmonitor.elf elf32-littlearm)

.debug_info     0x00000000     0x9c5e
 .debug_info    0x00000000      0xbe7 ./Static_Code/System/CPU_Init.o
 .debug_info    0x00000be7      0x826 ./Static_Code/System/Vectors.o
 .debug_info    0x0000140d       0xb5 ./Sources/Events.o
 .debug_info    0x000014c2      0x2c6 ./Sources/MAX30102.o
 .debug_info    0x00001788      0x617 ./Sources/algorithm.o
 .debug_info    0x00001d9f      0x5fe ./Sources/main.o
 .debug_info    0x0000239d      0x3b0 ./Project_Settings/Startup_Code/startup.o
 .debug_info    0x0000274d      0xb0b ./Generated_Code/ASerialLdd1.o
 .debug_info    0x00003258      0xb42 ./Generated_Code/BT1.o
 .debug_info    0x00003d9a      0x93d ./Generated_Code/CI2C1.o
 .debug_info    0x000046d7      0xc44 ./Generated_Code/CLS1.o
 .debug_info    0x0000531b       0xa7 ./Generated_Code/CS1.o
 .debug_info    0x000053c2      0x36e ./Generated_Code/Cpu.o
 .debug_info    0x00005730      0x329 ./Generated_Code/CsIO1.o
 .debug_info    0x00005a59       0xb2 ./Generated_Code/EInt1.o
 .debug_info    0x00005b0b      0x5fc ./Generated_Code/ExtIntLdd1.o
 .debug_info    0x00006107      0x75d ./Generated_Code/GI2C1.o
 .debug_info    0x00006864      0x753 ./Generated_Code/IO1.o
 .debug_info    0x00006fb7       0xa7 ./Generated_Code/MCUC1.o
 .debug_info    0x0000705e      0x251 ./Generated_Code/PE_LDD.o
 .debug_info    0x000072af      0x510 ./Generated_Code/Serial1.o
 .debug_info    0x000077bf     0x1b2a ./Generated_Code/UTIL1.o
 .debug_info    0x000092e9      0x173 ./Generated_Code/WAIT1.o
 .debug_info    0x0000945c      0x802 ./Generated_Code/XF1.o

.debug_abbrev   0x00000000     0x2035
 .debug_abbrev  0x00000000      0x1db ./Static_Code/System/CPU_Init.o
 .debug_abbrev  0x000001db       0xd8 ./Static_Code/System/Vectors.o
 .debug_abbrev  0x000002b3       0x73 ./Sources/Events.o
 .debug_abbrev  0x00000326      0x131 ./Sources/MAX30102.o
 .debug_abbrev  0x00000457      0x11e ./Sources/algorithm.o
 .debug_abbrev  0x00000575      0x179 ./Sources/main.o
 .debug_abbrev  0x000006ee      0x189 ./Project_Settings/Startup_Code/startup.o
 .debug_abbrev  0x00000877      0x20f ./Generated_Code/ASerialLdd1.o
 .debug_abbrev  0x00000a86      0x248 ./Generated_Code/BT1.o
 .debug_abbrev  0x00000cce      0x1f3 ./Generated_Code/CI2C1.o
 .debug_abbrev  0x00000ec1      0x20e ./Generated_Code/CLS1.o
 .debug_abbrev  0x000010cf       0x45 ./Generated_Code/CS1.o
 .debug_abbrev  0x00001114       0xed ./Generated_Code/Cpu.o
 .debug_abbrev  0x00001201      0x121 ./Generated_Code/CsIO1.o
 .debug_abbrev  0x00001322       0x68 ./Generated_Code/EInt1.o
 .debug_abbrev  0x0000138a      0x15d ./Generated_Code/ExtIntLdd1.o
 .debug_abbrev  0x000014e7      0x1eb ./Generated_Code/GI2C1.o
 .debug_abbrev  0x000016d2      0x1bf ./Generated_Code/IO1.o
 .debug_abbrev  0x00001891       0x45 ./Generated_Code/MCUC1.o
 .debug_abbrev  0x000018d6      0x127 ./Generated_Code/PE_LDD.o
 .debug_abbrev  0x000019fd      0x1ba ./Generated_Code/Serial1.o
 .debug_abbrev  0x00001bb7      0x1b4 ./Generated_Code/UTIL1.o
 .debug_abbrev  0x00001d6b       0xcb ./Generated_Code/WAIT1.o
 .debug_abbrev  0x00001e36      0x1ff ./Generated_Code/XF1.o

.debug_aranges  0x00000000      0xda8
 .debug_aranges
                0x00000000       0x50 ./Static_Code/System/CPU_Init.o
 .debug_aranges
                0x00000050      0x340 ./Static_Code/System/Vectors.o
 .debug_aranges
                0x00000390       0x28 ./Sources/Events.o
 .debug_aranges
                0x000003b8       0x48 ./Sources/MAX30102.o
 .debug_aranges
                0x00000400       0x48 ./Sources/algorithm.o
 .debug_aranges
                0x00000448       0x40 ./Sources/main.o
 .debug_aranges
                0x00000488       0x50 ./Project_Settings/Startup_Code/startup.o
 .debug_aranges
                0x000004d8       0x70 ./Generated_Code/ASerialLdd1.o
 .debug_aranges
                0x00000548       0xd8 ./Generated_Code/BT1.o
 .debug_aranges
                0x00000620       0x58 ./Generated_Code/CI2C1.o
 .debug_aranges
                0x00000678      0x138 ./Generated_Code/CLS1.o
 .debug_aranges
                0x000007b0       0x28 ./Generated_Code/CS1.o
 .debug_aranges
                0x000007d8       0x30 ./Generated_Code/Cpu.o
 .debug_aranges
                0x00000808       0x28 ./Generated_Code/CsIO1.o
 .debug_aranges
                0x00000830       0x20 ./Generated_Code/EInt1.o
 .debug_aranges
                0x00000850       0x30 ./Generated_Code/ExtIntLdd1.o
 .debug_aranges
                0x00000880       0xc8 ./Generated_Code/GI2C1.o
 .debug_aranges
                0x00000948       0x48 ./Generated_Code/IO1.o
 .debug_aranges
                0x00000990       0x28 ./Generated_Code/MCUC1.o
 .debug_aranges
                0x000009b8       0x30 ./Generated_Code/PE_LDD.o
 .debug_aranges
                0x000009e8       0x90 ./Generated_Code/Serial1.o
 .debug_aranges
                0x00000a78      0x250 ./Generated_Code/UTIL1.o
 .debug_aranges
                0x00000cc8       0x50 ./Generated_Code/WAIT1.o
 .debug_aranges
                0x00000d18       0x90 ./Generated_Code/XF1.o

.debug_ranges   0x00000000      0xc28
 .debug_ranges  0x00000000       0x40 ./Static_Code/System/CPU_Init.o
 .debug_ranges  0x00000040      0x330 ./Static_Code/System/Vectors.o
 .debug_ranges  0x00000370       0x18 ./Sources/Events.o
 .debug_ranges  0x00000388       0x38 ./Sources/MAX30102.o
 .debug_ranges  0x000003c0       0x38 ./Sources/algorithm.o
 .debug_ranges  0x000003f8       0x30 ./Sources/main.o
 .debug_ranges  0x00000428       0x40 ./Project_Settings/Startup_Code/startup.o
 .debug_ranges  0x00000468       0x60 ./Generated_Code/ASerialLdd1.o
 .debug_ranges  0x000004c8       0xc8 ./Generated_Code/BT1.o
 .debug_ranges  0x00000590       0x48 ./Generated_Code/CI2C1.o
 .debug_ranges  0x000005d8      0x128 ./Generated_Code/CLS1.o
 .debug_ranges  0x00000700       0x18 ./Generated_Code/CS1.o
 .debug_ranges  0x00000718       0x20 ./Generated_Code/Cpu.o
 .debug_ranges  0x00000738       0x18 ./Generated_Code/CsIO1.o
 .debug_ranges  0x00000750       0x10 ./Generated_Code/EInt1.o
 .debug_ranges  0x00000760       0x20 ./Generated_Code/ExtIntLdd1.o
 .debug_ranges  0x00000780       0xb8 ./Generated_Code/GI2C1.o
 .debug_ranges  0x00000838       0x38 ./Generated_Code/IO1.o
 .debug_ranges  0x00000870       0x18 ./Generated_Code/MCUC1.o
 .debug_ranges  0x00000888       0x20 ./Generated_Code/PE_LDD.o
 .debug_ranges  0x000008a8       0x80 ./Generated_Code/Serial1.o
 .debug_ranges  0x00000928      0x240 ./Generated_Code/UTIL1.o
 .debug_ranges  0x00000b68       0x40 ./Generated_Code/WAIT1.o
 .debug_ranges  0x00000ba8       0x80 ./Generated_Code/XF1.o

.debug_macro    0x00000000    0x326ed
 .debug_macro   0x00000000      0x385 ./Static_Code/System/CPU_Init.o
 .debug_macro   0x00000385      0x850 ./Static_Code/System/CPU_Init.o
 .debug_macro   0x00000bd5       0x16 ./Static_Code/System/CPU_Init.o
 .debug_macro   0x00000beb       0x44 ./Static_Code/System/CPU_Init.o
 .debug_macro   0x00000c2f      0x209 ./Static_Code/System/CPU_Init.o
 .debug_macro   0x00000e38     0x178a ./Static_Code/System/CPU_Init.o
 .debug_macro   0x000025c2    0x110ae ./Static_Code/System/CPU_Init.o
 .debug_macro   0x00013670      0x78e ./Static_Code/System/CPU_Init.o
 .debug_macro   0x00013dfe      0x14e ./Static_Code/System/CPU_Init.o
 .debug_macro   0x00013f4c       0x6a ./Static_Code/System/CPU_Init.o
 .debug_macro   0x00013fb6       0x58 ./Static_Code/System/CPU_Init.o
 .debug_macro   0x0001400e       0x35 ./Static_Code/System/CPU_Init.o
 .debug_macro   0x00014043       0xa3 ./Static_Code/System/CPU_Init.o
 .debug_macro   0x000140e6       0x16 ./Static_Code/System/CPU_Init.o
 .debug_macro   0x000140fc       0x10 ./Static_Code/System/CPU_Init.o
 .debug_macro   0x0001410c       0xc8 ./Static_Code/System/CPU_Init.o
 .debug_macro   0x000141d4       0x40 ./Static_Code/System/CPU_Init.o
 .debug_macro   0x00014214       0x43 ./Static_Code/System/CPU_Init.o
 .debug_macro   0x00014257       0x16 ./Static_Code/System/CPU_Init.o
 .debug_macro   0x0001426d       0x37 ./Static_Code/System/CPU_Init.o
 .debug_macro   0x000142a4       0x1c ./Static_Code/System/CPU_Init.o
 .debug_macro   0x000142c0       0x97 ./Static_Code/System/CPU_Init.o
 .debug_macro   0x00014357       0x10 ./Static_Code/System/CPU_Init.o
 .debug_macro   0x00014367       0xef ./Static_Code/System/CPU_Init.o
 .debug_macro   0x00014456       0x52 ./Static_Code/System/CPU_Init.o
 .debug_macro   0x000144a8       0x16 ./Static_Code/System/CPU_Init.o
 .debug_macro   0x000144be       0x43 ./Static_Code/System/CPU_Init.o
 .debug_macro   0x00014501      0x180 ./Static_Code/System/CPU_Init.o
 .debug_macro   0x00014681       0x10 ./Static_Code/System/CPU_Init.o
 .debug_macro   0x00014691       0x22 ./Static_Code/System/CPU_Init.o
 .debug_macro   0x000146b3       0xbd ./Static_Code/System/CPU_Init.o
 .debug_macro   0x00014770       0x16 ./Static_Code/System/CPU_Init.o
 .debug_macro   0x00014786      0x14a ./Static_Code/System/CPU_Init.o
 .debug_macro   0x000148d0       0x40 ./Static_Code/System/CPU_Init.o
 .debug_macro   0x00014910       0x40 ./Static_Code/System/CPU_Init.o
 .debug_macro   0x00014950       0x40 ./Static_Code/System/CPU_Init.o
 .debug_macro   0x00014990      0x2a6 ./Static_Code/System/CPU_Init.o
 .debug_macro   0x00014c36       0x10 ./Static_Code/System/CPU_Init.o
 .debug_macro   0x00014c46       0x35 ./Static_Code/System/CPU_Init.o
 .debug_macro   0x00014c7b       0x19 ./Static_Code/System/CPU_Init.o
 .debug_macro   0x00014c94       0x22 ./Static_Code/System/CPU_Init.o
 .debug_macro   0x00014cb6       0x52 ./Static_Code/System/CPU_Init.o
 .debug_macro   0x00014d08       0x1c ./Static_Code/System/CPU_Init.o
 .debug_macro   0x00014d24       0x2a ./Static_Code/System/CPU_Init.o
 .debug_macro   0x00014d4e       0x66 ./Static_Code/System/CPU_Init.o
 .debug_macro   0x00014db4       0x73 ./Static_Code/System/CPU_Init.o
 .debug_macro   0x00014e27       0x20 ./Static_Code/System/CPU_Init.o
 .debug_macro   0x00014e47       0x58 ./Static_Code/System/CPU_Init.o
 .debug_macro   0x00014e9f       0x94 ./Static_Code/System/CPU_Init.o
 .debug_macro   0x00014f33      0x12c ./Static_Code/System/CPU_Init.o
 .debug_macro   0x0001505f      0x4ea ./Static_Code/System/CPU_Init.o
 .debug_macro   0x00015549       0x2e ./Static_Code/System/CPU_Init.o
 .debug_macro   0x00015577      0x2a1 ./Static_Code/System/CPU_Init.o
 .debug_macro   0x00015818      0x373 ./Static_Code/System/Vectors.o
 .debug_macro   0x00015b8b      0x4aa ./Sources/Events.o
 .debug_macro   0x00016035      0x61c ./Sources/Events.o
 .debug_macro   0x00016651      0x625 ./Sources/Events.o
 .debug_macro   0x00016c76      0x328 ./Sources/Events.o
 .debug_macro   0x00016f9e      0x1e9 ./Sources/Events.o
 .debug_macro   0x00017187      0x109 ./Sources/Events.o
 .debug_macro   0x00017290      0x17f ./Sources/Events.o
 .debug_macro   0x0001740f      0x202 ./Sources/Events.o
 .debug_macro   0x00017611      0x91e ./Sources/Events.o
 .debug_macro   0x00017f2f      0x585 ./Sources/Events.o
 .debug_macro   0x000184b4       0x9e ./Sources/Events.o
 .debug_macro   0x00018552      0x1f9 ./Sources/Events.o
 .debug_macro   0x0001874b      0x50f ./Sources/Events.o
 .debug_macro   0x00018c5a      0x6a6 ./Sources/Events.o
 .debug_macro   0x00019300      0x29c ./Sources/Events.o
 .debug_macro   0x0001959c      0x264 ./Sources/Events.o
 .debug_macro   0x00019800      0x25b ./Sources/Events.o
 .debug_macro   0x00019a5b      0x4f1 ./Sources/Events.o
 .debug_macro   0x00019f4c      0x13f ./Sources/Events.o
 .debug_macro   0x0001a08b       0x6c ./Sources/Events.o
 .debug_macro   0x0001a0f7      0x30d ./Sources/Events.o
 .debug_macro   0x0001a404       0xbb ./Sources/Events.o
 .debug_macro   0x0001a4bf       0xe9 ./Sources/Events.o
 .debug_macro   0x0001a5a8      0x18f ./Sources/Events.o
 .debug_macro   0x0001a737       0xea ./Sources/Events.o
 .debug_macro   0x0001a821      0x344 ./Sources/Events.o
 .debug_macro   0x0001ab65      0x824 ./Sources/Events.o
 .debug_macro   0x0001b389      0x179 ./Sources/Events.o
 .debug_macro   0x0001b502      0x644 ./Sources/Events.o
 .debug_macro   0x0001bb46      0xa28 ./Sources/Events.o
 .debug_macro   0x0001c56e      0x124 ./Sources/Events.o
 .debug_macro   0x0001c692      0x648 ./Sources/Events.o
 .debug_macro   0x0001ccda       0x81 ./Sources/Events.o
 .debug_macro   0x0001cd5b      0x7bf ./Sources/Events.o
 .debug_macro   0x0001d51a      0x10f ./Sources/Events.o
 .debug_macro   0x0001d629      0x66f ./Sources/Events.o
 .debug_macro   0x0001dc98       0x7b ./Sources/Events.o
 .debug_macro   0x0001dd13      0x182 ./Sources/Events.o
 .debug_macro   0x0001de95       0xdb ./Sources/MAX30102.o
 .debug_macro   0x0001df70       0xa0 ./Sources/MAX30102.o
 .debug_macro   0x0001e010       0xdb ./Sources/algorithm.o
 .debug_macro   0x0001e0eb       0x2e ./Sources/algorithm.o
 .debug_macro   0x0001e119      0x4c8 ./Sources/main.o
 .debug_macro   0x0001e5e1      0x121 ./Project_Settings/Startup_Code/startup.o
 .debug_macro   0x0001e702      0x166 ./Project_Settings/Startup_Code/startup.o
 .debug_macro   0x0001e868       0x4a ./Project_Settings/Startup_Code/startup.o
 .debug_macro   0x0001e8b2       0x16 ./Project_Settings/Startup_Code/startup.o
 .debug_macro   0x0001e8c8       0x22 ./Project_Settings/Startup_Code/startup.o
 .debug_macro   0x0001e8ea       0x10 ./Project_Settings/Startup_Code/startup.o
 .debug_macro   0x0001e8fa      0x20f ./Project_Settings/Startup_Code/startup.o
 .debug_macro   0x0001eb09    0x110a2 ./Project_Settings/Startup_Code/startup.o
 .debug_macro   0x0002fbab      0x112 ./Generated_Code/ASerialLdd1.o
 .debug_macro   0x0002fcbd       0x6d ./Generated_Code/ASerialLdd1.o
 .debug_macro   0x0002fd2a       0x26 ./Generated_Code/ASerialLdd1.o
 .debug_macro   0x0002fd50      0x7b9 ./Generated_Code/ASerialLdd1.o
 .debug_macro   0x00030509      0x263 ./Generated_Code/BT1.o
 .debug_macro   0x0003076c       0x58 ./Generated_Code/BT1.o
 .debug_macro   0x000307c4      0x4e4 ./Generated_Code/BT1.o
 .debug_macro   0x00030ca8      0x162 ./Generated_Code/CI2C1.o
 .debug_macro   0x00030e0a      0x205 ./Generated_Code/CLS1.o
 .debug_macro   0x0003100f       0x8e ./Generated_Code/CLS1.o
 .debug_macro   0x0003109d       0xfd ./Generated_Code/CS1.o
 .debug_macro   0x0003119a      0x364 ./Generated_Code/Cpu.o
 .debug_macro   0x000314fe      0x143 ./Generated_Code/CsIO1.o
 .debug_macro   0x00031641       0x16 ./Generated_Code/CsIO1.o
 .debug_macro   0x00031657      0x350 ./Generated_Code/EInt1.o
 .debug_macro   0x000319a7      0x112 ./Generated_Code/ExtIntLdd1.o
 .debug_macro   0x00031ab9      0x125 ./Generated_Code/GI2C1.o
 .debug_macro   0x00031bde      0x108 ./Generated_Code/IO1.o
 .debug_macro   0x00031ce6       0x3a ./Generated_Code/IO1.o
 .debug_macro   0x00031d20       0xe5 ./Generated_Code/MCUC1.o
 .debug_macro   0x00031e05      0x313 ./Generated_Code/PE_LDD.o
 .debug_macro   0x00032118      0x15c ./Generated_Code/Serial1.o
 .debug_macro   0x00032274      0x1ce ./Generated_Code/UTIL1.o
 .debug_macro   0x00032442       0xfd ./Generated_Code/WAIT1.o
 .debug_macro   0x0003253f      0x1ae ./Generated_Code/XF1.o

.debug_line     0x00000000     0x8bc4
 .debug_line    0x00000000      0x74b ./Static_Code/System/CPU_Init.o
 .debug_line    0x0000074b      0xc95 ./Static_Code/System/Vectors.o
 .debug_line    0x000013e0      0x75d ./Sources/Events.o
 .debug_line    0x00001b3d      0x364 ./Sources/MAX30102.o
 .debug_line    0x00001ea1      0x56e ./Sources/algorithm.o
 .debug_line    0x0000240f      0x834 ./Sources/main.o
 .debug_line    0x00002c43      0x3cb ./Project_Settings/Startup_Code/startup.o
 .debug_line    0x0000300e      0x4ca ./Generated_Code/ASerialLdd1.o
 .debug_line    0x000034d8      0x70e ./Generated_Code/BT1.o
 .debug_line    0x00003be6      0x4dd ./Generated_Code/CI2C1.o
 .debug_line    0x000040c3      0x7e3 ./Generated_Code/CLS1.o
 .debug_line    0x000048a6      0x305 ./Generated_Code/CS1.o
 .debug_line    0x00004bab      0x5f9 ./Generated_Code/Cpu.o
 .debug_line    0x000051a4      0x313 ./Generated_Code/CsIO1.o
 .debug_line    0x000054b7      0x57e ./Generated_Code/EInt1.o
 .debug_line    0x00005a35      0x372 ./Generated_Code/ExtIntLdd1.o
 .debug_line    0x00005da7      0x545 ./Generated_Code/GI2C1.o
 .debug_line    0x000062ec      0x3c1 ./Generated_Code/IO1.o
 .debug_line    0x000066ad      0x2ef ./Generated_Code/MCUC1.o
 .debug_line    0x0000699c      0x598 ./Generated_Code/PE_LDD.o
 .debug_line    0x00006f34      0x50b ./Generated_Code/Serial1.o
 .debug_line    0x0000743f      0xe68 ./Generated_Code/UTIL1.o
 .debug_line    0x000082a7      0x38c ./Generated_Code/WAIT1.o
 .debug_line    0x00008633      0x591 ./Generated_Code/XF1.o

.debug_str      0x00000000    0xefea8
 .debug_str     0x00000000    0x74ca8 ./Static_Code/System/CPU_Init.o
                              0x74eef (size before relaxing)
 .debug_str     0x00074ca8       0xa8 ./Static_Code/System/Vectors.o
                              0x75292 (size before relaxing)
 .debug_str     0x00074d50    0x77c7e ./Sources/Events.o
                              0xeb334 (size before relaxing)
 .debug_str     0x000ec9ce      0x344 ./Sources/MAX30102.o
                              0x6adfc (size before relaxing)
 .debug_str     0x000ecd12      0x353 ./Sources/algorithm.o
                              0x6ae1c (size before relaxing)
 .debug_str     0x000ed065      0x106 ./Sources/main.o
                              0xeb838 (size before relaxing)
 .debug_str     0x000ed16b      0x177 ./Project_Settings/Startup_Code/startup.o
                              0x63696 (size before relaxing)
 .debug_str     0x000ed2e2      0x3f2 ./Generated_Code/ASerialLdd1.o
                              0x7a2b1 (size before relaxing)
 .debug_str     0x000ed6d4      0x7c7 ./Generated_Code/BT1.o
                              0x727c0 (size before relaxing)
 .debug_str     0x000ede9b      0x2b5 ./Generated_Code/CI2C1.o
                              0x7264f (size before relaxing)
 .debug_str     0x000ee150      0x7cf ./Generated_Code/CLS1.o
                              0x6e5da (size before relaxing)
 .debug_str     0x000ee91f       0x2c ./Generated_Code/CS1.o
                              0x6b4fb (size before relaxing)
 .debug_str     0x000ee94b       0x34 ./Generated_Code/Cpu.o
                              0x7382d (size before relaxing)
 .debug_str     0x000ee97f       0x2f ./Generated_Code/CsIO1.o
                              0x6a881 (size before relaxing)
 .debug_str     0x000ee9ae       0x31 ./Generated_Code/EInt1.o
                              0x73701 (size before relaxing)
 .debug_str     0x000ee9df       0x93 ./Generated_Code/ExtIntLdd1.o
                              0x6f0ed (size before relaxing)
 .debug_str     0x000eea72      0x2b5 ./Generated_Code/GI2C1.o
                              0x6bd91 (size before relaxing)
 .debug_str     0x000eed27       0x83 ./Generated_Code/IO1.o
                              0x79f0f (size before relaxing)
 .debug_str     0x000eedaa       0x32 ./Generated_Code/MCUC1.o
                              0x6b291 (size before relaxing)
 .debug_str     0x000eeddc      0x166 ./Generated_Code/PE_LDD.o
                              0x7388c (size before relaxing)
 .debug_str     0x000eef42      0x2e4 ./Generated_Code/Serial1.o
                              0x6b0db (size before relaxing)
 .debug_str     0x000ef226      0x849 ./Generated_Code/UTIL1.o
                              0x6dcf6 (size before relaxing)
 .debug_str     0x000efa6f       0x9c ./Generated_Code/WAIT1.o
                              0x6b75b (size before relaxing)
 .debug_str     0x000efb0b      0x39d ./Generated_Code/XF1.o
                              0x6bb5c (size before relaxing)

.comment        0x00000000       0x70
 .comment       0x00000000       0x70 ./Static_Code/System/CPU_Init.o
                                 0x71 (size before relaxing)
 .comment       0x00000000       0x71 ./Static_Code/System/Vectors.o
 .comment       0x00000000       0x71 ./Sources/Events.o
 .comment       0x00000000       0x71 ./Sources/MAX30102.o
 .comment       0x00000000       0x71 ./Sources/algorithm.o
 .comment       0x00000000       0x71 ./Sources/main.o
 .comment       0x00000000       0x71 ./Project_Settings/Startup_Code/startup.o
 .comment       0x00000000       0x71 ./Generated_Code/ASerialLdd1.o
 .comment       0x00000000       0x71 ./Generated_Code/BT1.o
 .comment       0x00000000       0x71 ./Generated_Code/CI2C1.o
 .comment       0x00000000       0x71 ./Generated_Code/CLS1.o
 .comment       0x00000000       0x71 ./Generated_Code/CS1.o
 .comment       0x00000000       0x71 ./Generated_Code/Cpu.o
 .comment       0x00000000       0x71 ./Generated_Code/CsIO1.o
 .comment       0x00000000       0x71 ./Generated_Code/EInt1.o
 .comment       0x00000000       0x71 ./Generated_Code/ExtIntLdd1.o
 .comment       0x00000000       0x71 ./Generated_Code/GI2C1.o
 .comment       0x00000000       0x71 ./Generated_Code/IO1.o
 .comment       0x00000000       0x71 ./Generated_Code/MCUC1.o
 .comment       0x00000000       0x71 ./Generated_Code/PE_LDD.o
 .comment       0x00000000       0x71 ./Generated_Code/Serial1.o
 .comment       0x00000000       0x71 ./Generated_Code/UTIL1.o
 .comment       0x00000000       0x71 ./Generated_Code/WAIT1.o
 .comment       0x00000000       0x71 ./Generated_Code/XF1.o

.debug_frame    0x00000000     0x34d8
 .debug_frame   0x00000000       0xd4 ./Static_Code/System/CPU_Init.o
 .debug_frame   0x000000d4      0xcb0 ./Static_Code/System/Vectors.o
 .debug_frame   0x00000d84       0x48 ./Sources/Events.o
 .debug_frame   0x00000dcc       0xc8 ./Sources/MAX30102.o
 .debug_frame   0x00000e94       0xc8 ./Sources/algorithm.o
 .debug_frame   0x00000f5c       0xa4 ./Sources/main.o
 .debug_frame   0x00001000       0xc0 ./Project_Settings/Startup_Code/startup.o
 .debug_frame   0x000010c0      0x16c ./Generated_Code/ASerialLdd1.o
 .debug_frame   0x0000122c      0x2f0 ./Generated_Code/BT1.o
 .debug_frame   0x0000151c      0x104 ./Generated_Code/CI2C1.o
 .debug_frame   0x00001620      0x458 ./Generated_Code/CLS1.o
 .debug_frame   0x00001a78       0x40 ./Generated_Code/CS1.o
 .debug_frame   0x00001ab8       0x68 ./Generated_Code/Cpu.o
 .debug_frame   0x00001b20       0x48 ./Generated_Code/CsIO1.o
 .debug_frame   0x00001b68       0x30 ./Generated_Code/EInt1.o
 .debug_frame   0x00001b98       0x6c ./Generated_Code/ExtIntLdd1.o
 .debug_frame   0x00001c04      0x2a4 ./Generated_Code/GI2C1.o
 .debug_frame   0x00001ea8       0xc8 ./Generated_Code/IO1.o
 .debug_frame   0x00001f70       0x40 ./Generated_Code/MCUC1.o
 .debug_frame   0x00001fb0       0x68 ./Generated_Code/PE_LDD.o
 .debug_frame   0x00002018      0x1cc ./Generated_Code/Serial1.o
 .debug_frame   0x000021e4      0x888 ./Generated_Code/UTIL1.o